Archive member included to satisfy reference by file (symbol)

d:/dev/vhdl/program/nios2eds/bin/gnu/h-x86_64-mingw32/bin/../lib/gcc/nios2-elf/5.3.0/../../../../../H-x86_64-mingw32/nios2-elf/lib/mhw-mulx\libc.a(lib_a-malloc.o)
                              obj/default/hello_ucosii.o (malloc)
d:/dev/vhdl/program/nios2eds/bin/gnu/h-x86_64-mingw32/bin/../lib/gcc/nios2-elf/5.3.0/../../../../../H-x86_64-mingw32/nios2-elf/lib/mhw-mulx\libc.a(lib_a-mallocr.o)
                              d:/dev/vhdl/program/nios2eds/bin/gnu/h-x86_64-mingw32/bin/../lib/gcc/nios2-elf/5.3.0/../../../../../H-x86_64-mingw32/nios2-elf/lib/mhw-mulx\libc.a(lib_a-malloc.o) (_malloc_r)
d:/dev/vhdl/program/nios2eds/bin/gnu/h-x86_64-mingw32/bin/../lib/gcc/nios2-elf/5.3.0/../../../../../H-x86_64-mingw32/nios2-elf/lib/mhw-mulx\libc.a(lib_a-rand.o)
                              obj/default/hello_ucosii.o (rand)
d:/dev/vhdl/program/nios2eds/bin/gnu/h-x86_64-mingw32/bin/../lib/gcc/nios2-elf/5.3.0/../../../../../H-x86_64-mingw32/nios2-elf/lib/mhw-mulx\libc.a(lib_a-sbrkr.o)
                              d:/dev/vhdl/program/nios2eds/bin/gnu/h-x86_64-mingw32/bin/../lib/gcc/nios2-elf/5.3.0/../../../../../H-x86_64-mingw32/nios2-elf/lib/mhw-mulx\libc.a(lib_a-mallocr.o) (_sbrk_r)
d:/dev/vhdl/program/nios2eds/bin/gnu/h-x86_64-mingw32/bin/../lib/gcc/nios2-elf/5.3.0/../../../../../H-x86_64-mingw32/nios2-elf/lib/mhw-mulx\libc.a(lib_a-freer.o)
                              d:/dev/vhdl/program/nios2eds/bin/gnu/h-x86_64-mingw32/bin/../lib/gcc/nios2-elf/5.3.0/../../../../../H-x86_64-mingw32/nios2-elf/lib/mhw-mulx\libc.a(lib_a-malloc.o) (_free_r)
d:/dev/vhdl/program/nios2eds/bin/gnu/h-x86_64-mingw32/bin/../lib/gcc/nios2-elf/5.3.0/../../../../../H-x86_64-mingw32/nios2-elf/lib/mhw-mulx\libc.a(lib_a-impure.o)
                              d:/dev/vhdl/program/nios2eds/bin/gnu/h-x86_64-mingw32/bin/../lib/gcc/nios2-elf/5.3.0/../../../../../H-x86_64-mingw32/nios2-elf/lib/mhw-mulx\libc.a(lib_a-malloc.o) (_impure_ptr)
d:/dev/vhdl/program/nios2eds/bin/gnu/h-x86_64-mingw32/bin/../lib/gcc/nios2-elf/5.3.0/../../../../../H-x86_64-mingw32/nios2-elf/lib/mhw-mulx\libc.a(lib_a-int_errno.o)
                              d:/dev/vhdl/program/nios2eds/bin/gnu/h-x86_64-mingw32/bin/../lib/gcc/nios2-elf/5.3.0/../../../../../H-x86_64-mingw32/nios2-elf/lib/mhw-mulx\libc.a(lib_a-sbrkr.o) (errno)
D:/Dev/vhdl/dev/testNIOS/audioVisualisator_bsp/\libucosii_bsp.a(alt_load.o)
                              D:/Dev/vhdl/dev/testNIOS/audioVisualisator_bsp//obj/HAL/src/crt0.o (alt_load)
D:/Dev/vhdl/dev/testNIOS/audioVisualisator_bsp/\libucosii_bsp.a(alt_main.o)
                              D:/Dev/vhdl/dev/testNIOS/audioVisualisator_bsp//obj/HAL/src/crt0.o (alt_main)
D:/Dev/vhdl/dev/testNIOS/audioVisualisator_bsp/\libucosii_bsp.a(alt_sbrk.o)
                              d:/dev/vhdl/program/nios2eds/bin/gnu/h-x86_64-mingw32/bin/../lib/gcc/nios2-elf/5.3.0/../../../../../H-x86_64-mingw32/nios2-elf/lib/mhw-mulx\libc.a(lib_a-sbrkr.o) (sbrk)
D:/Dev/vhdl/dev/testNIOS/audioVisualisator_bsp/\libucosii_bsp.a(alt_env_lock.o)
                              D:/Dev/vhdl/dev/testNIOS/audioVisualisator_bsp/\libucosii_bsp.a(alt_main.o) (alt_envsem)
D:/Dev/vhdl/dev/testNIOS/audioVisualisator_bsp/\libucosii_bsp.a(alt_malloc_lock.o)
                              D:/Dev/vhdl/dev/testNIOS/audioVisualisator_bsp/\libucosii_bsp.a(alt_main.o) (alt_heapsem)
D:/Dev/vhdl/dev/testNIOS/audioVisualisator_bsp/\libucosii_bsp.a(os_core.o)
                              D:/Dev/vhdl/dev/testNIOS/audioVisualisator_bsp/\libucosii_bsp.a(alt_malloc_lock.o) (OSRunning)
D:/Dev/vhdl/dev/testNIOS/audioVisualisator_bsp/\libucosii_bsp.a(os_dbg.o)
                              D:/Dev/vhdl/dev/testNIOS/audioVisualisator_bsp/\libucosii_bsp.a(os_core.o) (OSDebugInit)
D:/Dev/vhdl/dev/testNIOS/audioVisualisator_bsp/\libucosii_bsp.a(os_flag.o)
                              D:/Dev/vhdl/dev/testNIOS/audioVisualisator_bsp/\libucosii_bsp.a(os_core.o) (OS_FlagInit)
D:/Dev/vhdl/dev/testNIOS/audioVisualisator_bsp/\libucosii_bsp.a(os_mem.o)
                              D:/Dev/vhdl/dev/testNIOS/audioVisualisator_bsp/\libucosii_bsp.a(os_core.o) (OS_MemInit)
D:/Dev/vhdl/dev/testNIOS/audioVisualisator_bsp/\libucosii_bsp.a(os_q.o)
                              D:/Dev/vhdl/dev/testNIOS/audioVisualisator_bsp/\libucosii_bsp.a(os_core.o) (OS_QInit)
D:/Dev/vhdl/dev/testNIOS/audioVisualisator_bsp/\libucosii_bsp.a(os_sem.o)
                              D:/Dev/vhdl/dev/testNIOS/audioVisualisator_bsp/\libucosii_bsp.a(alt_main.o) (OSSemCreate)
D:/Dev/vhdl/dev/testNIOS/audioVisualisator_bsp/\libucosii_bsp.a(os_task.o)
                              obj/default/hello_ucosii.o (OSTaskCreateExt)
D:/Dev/vhdl/dev/testNIOS/audioVisualisator_bsp/\libucosii_bsp.a(os_time.o)
                              D:/Dev/vhdl/dev/testNIOS/audioVisualisator_bsp/\libucosii_bsp.a(os_core.o) (OSTimeDly)
D:/Dev/vhdl/dev/testNIOS/audioVisualisator_bsp/\libucosii_bsp.a(alt_sys_init.o)
[...]
Memory Configuration

Name             Origin             Length             Attributes
reset            0x0000000000000000 0x0000000000000020
SDRAM            0x0000000000000020 0x0000000003ffffe0
VGA_Subsystem_Char_Buf_Subsystem_Onchip_SRAM 0x0000000009000000 0x0000000000002000
*default*        0x0000000000000000 0xffffffffffffffff

Linker script and memory map

LOAD D:/Dev/vhdl/dev/testNIOS/audioVisualisator_bsp//obj/HAL/src/crt0.o
LOAD obj/default/hello_ucosii.o
LOAD obj/default/src/Display.o
LOAD d:/dev/vhdl/program/nios2eds/bin/gnu/h-x86_64-mingw32/bin/../lib/gcc/nios2-elf/5.3.0/../../../../../H-x86_64-mingw32/nios2-elf/lib/mhw-mulx\libstdc++.a
LOAD d:/dev/vhdl/program/nios2eds/bin/gnu/h-x86_64-mingw32/bin/../lib/gcc/nios2-elf/5.3.0/../../../../../H-x86_64-mingw32/nios2-elf/lib/mhw-mulx\libm.a
LOAD d:/dev/vhdl/program/nios2eds/bin/gnu/h-x86_64-mingw32/bin/../lib/gcc/nios2-elf/5.3.0/mhw-mulx\libgcc.a
START GROUP
LOAD d:/dev/vhdl/program/nios2eds/bin/gnu/h-x86_64-mingw32/bin/../lib/gcc/nios2-elf/5.3.0/../../../../../H-x86_64-mingw32/nios2-elf/lib/mhw-mulx\libc.a
LOAD d:/dev/vhdl/program/nios2eds/bin/gnu/h-x86_64-mingw32/bin/../lib/gcc/nios2-elf/5.3.0/mhw-mulx\libgcc.a
LOAD D:/Dev/vhdl/dev/testNIOS/audioVisualisator_bsp/\libucosii_bsp.a
LOAD d:/dev/vhdl/program/nios2eds/bin/gnu/h-x86_64-mingw32/bin/../lib/gcc/nios2-elf/5.3.0/../../../../../H-x86_64-mingw32/nios2-elf/lib/mhw-mulx\libm.a
END GROUP
LOAD d:/dev/vhdl/program/nios2eds/bin/gnu/h-x86_64-mingw32/bin/../lib/gcc/nios2-elf/5.3.0/mhw-mulx\libgcc.a
                0x0000000000000000                __alt_mem_SDRAM = 0x0
                0x0000000009000000                __alt_mem_VGA_Subsystem_Char_Buf_Subsystem_Onchip_SRAM = 0x9000000

.entry          0x0000000000000000       0x20
 *(.entry)
 .entry         0x0000000000000000       0x20 D:/Dev/vhdl/dev/testNIOS/audioVisualisator_bsp//obj/HAL/src/crt0.o
                0x0000000000000000                __reset

.exceptions     0x0000000000000020      0x228
                0x0000000000000020                PROVIDE (__ram_exceptions_start, ABSOLUTE (.))
                0x0000000000000020                . = ALIGN (0x20)
 *(.irq)
 *(.exceptions.entry.label)
 .exceptions.entry.label
                0x0000000000000020        0x0 D:/Dev/vhdl/dev/testNIOS/audioVisualisator_bsp/\libucosii_bsp.a(alt_irq_entry.o)
                0x0000000000000020                alt_irq_entry
 .exceptions.entry.label
                0x0000000000000020        0x0 D:/Dev/vhdl/dev/testNIOS/audioVisualisator_bsp/\libucosii_bsp.a(alt_exception_entry.o)
                0x0000000000000020                alt_exception
 *(.exceptions.entry.user)
 *(.exceptions.entry.ecc_fatal)
 *(.exceptions.entry)
 .exceptions.entry
                0x0000000000000020       0x54 D:/Dev/vhdl/dev/testNIOS/audioVisualisator_bsp/\libucosii_bsp.a(alt_exception_entry.o)
 *(.exceptions.irqtest.user)
 *(.exceptions.irqtest)
 .exceptions.irqtest
                0x0000000000000074       0x10 D:/Dev/vhdl/dev/testNIOS/audioVisualisator_bsp/\libucosii_bsp.a(alt_irq_entry.o)
 *(.exceptions.irqhandler.user)
 *(.exceptions.irqhandler)
 .exceptions.irqhandler
                0x0000000000000084        0x4 D:/Dev/vhdl/dev/testNIOS/audioVisualisator_bsp/\libucosii_bsp.a(alt_irq_entry.o)
 *(.exceptions.irqreturn.user)
 *(.exceptions.irqreturn)
 .exceptions.irqreturn
                0x0000000000000088        0x4 D:/Dev/vhdl/dev/testNIOS/audioVisualisator_bsp/\libucosii_bsp.a(alt_irq_entry.o)
 *(.exceptions.notirq.label)
 .exceptions.notirq.label
                0x000000000000008c        0x0 D:/Dev/vhdl/dev/testNIOS/audioVisualisator_bsp/\libucosii_bsp.a(alt_irq_entry.o)
 *(.exceptions.notirq.user)
 *(.exceptions.notirq)
 .exceptions.notirq
                0x000000000000008c        0x8 D:/Dev/vhdl/dev/testNIOS/audioVisualisator_bsp/\libucosii_bsp.a(alt_exception_entry.o)
 *(.exceptions.soft.user)
 *(.exceptions.soft)
 *(.exceptions.unknown.user)
 *(.exceptions.unknown)
 .exceptions.unknown
                0x0000000000000094       0x14 D:/Dev/vhdl/dev/testNIOS/audioVisualisator_bsp/\libucosii_bsp.a(alt_exception_entry.o)
 *(.exceptions.exit.label)
 .exceptions.exit.label
                0x00000000000000a8        0x0 D:/Dev/vhdl/dev/testNIOS/audioVisualisator_bsp/\libucosii_bsp.a(alt_irq_entry.o)
 .exceptions.exit.label
                0x00000000000000a8        0x0 D:/Dev/vhdl/dev/testNIOS/audioVisualisator_bsp/\libucosii_bsp.a(alt_exception_entry.o)
 *(.exceptions.exit.user)
 *(.exceptions.exit)
 .exceptions.exit
                0x00000000000000a8       0x54 D:/Dev/vhdl/dev/testNIOS/audioVisualisator_bsp/\libucosii_bsp.a(alt_exception_entry.o)
 *(.exceptions)
 .exceptions    0x00000000000000fc       0xd8 D:/Dev/vhdl/dev/testNIOS/audioVisualisator_bsp/\libucosii_bsp.a(alt_irq_handler.o)
                0x00000000000000fc                alt_irq_handler
 .exceptions    0x00000000000001d4       0x74 D:/Dev/vhdl/dev/testNIOS/audioVisualisator_bsp/\libucosii_bsp.a(alt_instruction_exception_entry.o)
                0x00000000000001d4                alt_instruction_exception_entry
                0x0000000000000248                PROVIDE (__ram_exceptions_end, ABSOLUTE (.))
                0x0000000000000020                PROVIDE (__flash_exceptions_start, LOADADDR (.exceptions))

.text           0x0000000000000248     0xd4ac
                [!provide]                        PROVIDE (stext, ABSOLUTE (.))
 *(.interp)
 *(.hash)
 *(.dynsym)
 *(.dynstr)
 *(.gnu.version)
 *(.gnu.version_d)
 *(.gnu.version_r)
 *(.rel.init)
 *(.rela.init)
 *(.rel.text .rel.text.* .rel.gnu.linkonce.t.*)
 *(.rela.text .rela.text.* .rela.gnu.linkonce.t.*)
 *(.rel.fini)
 *(.rela.fini)
 *(.rel.rodata .rel.rodata.* .rel.gnu.linkonce.r.*)
 *(.rela.rodata .rela.rodata.* .rela.gnu.linkonce.r.*)
 *(.rel.data .rel.data.* .rel.gnu.linkonce.d.*)
 *(.rela.data .rela.data.* .rela.gnu.linkonce.d.*)
 *(.rel.tdata .rel.tdata.* .rel.gnu.linkonce.td.*)
 *(.rela.tdata .rela.tdata.* .rela.gnu.linkonce.td.*)
 *(.rel.tbss .rel.tbss.* .rel.gnu.linkonce.tb.*)
 *(.rela.tbss .rela.tbss.* .rela.gnu.linkonce.tb.*)
 *(.rel.ctors)
 *(.rela.ctors)
 *(.rel.dtors)
 *(.rela.dtors)
 *(.rel.got)
 *(.rela.got)
 *(.rel.sdata .rel.sdata.* .rel.gnu.linkonce.s.*)
 *(.rela.sdata .rela.sdata.* .rela.gnu.linkonce.s.*)
 *(.rel.sbss .rel.sbss.* .rel.gnu.linkonce.sb.*)
 *(.rela.sbss .rela.sbss.* .rela.gnu.linkonce.sb.*)
 *(.rel.sdata2 .rel.sdata2.* .rel.gnu.linkonce.s2.*)
 *(.rela.sdata2 .rela.sdata2.* .rela.gnu.linkonce.s2.*)
 *(.rel.sbss2 .rel.sbss2.* .rel.gnu.linkonce.sb2.*)
 *(.rela.sbss2 .rela.sbss2.* .rela.gnu.linkonce.sb2.*)
 *(.rel.bss .rel.bss.* .rel.gnu.linkonce.b.*)
 *(.rela.bss .rela.bss.* .rela.gnu.linkonce.b.*)
 *(.rel.plt)
 *(.rela.plt)
 *(.rel.dyn)
 *(.init)
 *(.plt)
 *(.text .stub .text.* .gnu.linkonce.t.*)
 .text          0x0000000000000248       0x3c D:/Dev/vhdl/dev/testNIOS/audioVisualisator_bsp//obj/HAL/src/crt0.o
                0x0000000000000248                _start
 .text          0x0000000000000284      0x330 obj/default/hello_ucosii.o
                0x0000000000000284                task1
                0x00000000000004dc                task2
                0x0000000000000508                main
 .text          0x00000000000005b4      0x444 obj/default/src/Display.o
                0x00000000000005b4                DisplayInit
                0x0000000000000710                DisplayValues
                0x0000000000000924                DisplayBlock
 .text          0x00000000000009f8        0x0 d:/dev/vhdl/program/nios2eds/bin/gnu/h-x86_64-mingw32/bin/../lib/gcc/nios2-elf/5.3.0/../../../../../H-x86_64-mingw32/nios2-elf/lib/mhw-mulx\libc.a(lib_a-malloc.o)
 .text.malloc   0x00000000000009f8       0x14 d:/dev/vhdl/program/nios2eds/bin/gnu/h-x86_64-mingw32/bin/../lib/gcc/nios2-elf/5.3.0/../../../../../H-x86_64-mingw32/nios2-elf/lib/mhw-mulx\libc.a(lib_a-malloc.o)
                0x00000000000009f8                malloc
 .text.free     0x0000000000000a0c       0x14 d:/dev/vhdl/program/nios2eds/bin/gnu/h-x86_64-mingw32/bin/../lib/gcc/nios2-elf/5.3.0/../../../../../H-x86_64-mingw32/nios2-elf/lib/mhw-mulx\libc.a(lib_a-malloc.o)
                0x0000000000000a0c                free
 .text          0x0000000000000a20        0x0 d:/dev/vhdl/program/nios2eds/bin/gnu/h-x86_64-mingw32/bin/../lib/gcc/nios2-elf/5.3.0/../../../../../H-x86_64-mingw32/nios2-elf/lib/mhw-mulx\libc.a(lib_a-mallocr.o)
 .text._malloc_r
                0x0000000000000a20      0x80c d:/dev/vhdl/program/nios2eds/bin/gnu/h-x86_64-mingw32/bin/../lib/gcc/nios2-elf/5.3.0/../../../../../H-x86_64-mingw32/nios2-elf/lib/mhw-mulx\libc.a(lib_a-mallocr.o)
                0x0000000000000a20                _malloc_r
 .text          0x000000000000122c        0x0 d:/dev/vhdl/program/nios2eds/bin/gnu/h-x86_64-mingw32/bin/../lib/gcc/nios2-elf/5.3.0/../../../../../H-x86_64-mingw32/nios2-elf/lib/mhw-mulx\libc.a(lib_a-rand.o)
 .text.srand    0x000000000000122c       0x18 d:/dev/vhdl/program/nios2eds/bin/gnu/h-x86_64-mingw32/bin/../lib/gcc/nios2-elf/5.3.0/../../../../../H-x86_64-mingw32/nios2-elf/lib/mhw-mulx\libc.a(lib_a-rand.o)
                0x000000000000122c                srand
 .text.rand     0x0000000000001244       0x60 d:/dev/vhdl/program/nios2eds/bin/gnu/h-x86_64-mingw32/bin/../lib/gcc/nios2-elf/5.3.0/../../../../../H-x86_64-mingw32/nios2-elf/lib/mhw-mulx\libc.a(lib_a-rand.o)
                0x0000000000001244                rand
 .text          0x00000000000012a4        0x0 d:/dev/vhdl/program/nios2eds/bin/gnu/h-x86_64-mingw32/bin/../lib/gcc/nios2-elf/5.3.0/../../../../../H-x86_64-mingw32/nios2-elf/lib/mhw-mulx\libc.a(lib_a-sbrkr.o)
 .text._sbrk_r  0x00000000000012a4       0x54 d:/dev/vhdl/program/nios2eds/bin/gnu/h-x86_64-mingw32/bin/../lib/gcc/nios2-elf/5.3.0/../../../../../H-x86_64-mingw32/nios2-elf/lib/mhw-mulx\libc.a(lib_a-sbrkr.o)
                0x00000000000012a4                _sbrk_r
 .text          0x00000000000012f8        0x0 d:/dev/vhdl/program/nios2eds/bin/gnu/h-x86_64-mingw32/bin/../lib/gcc/nios2-elf/5.3.0/../../../../../H-x86_64-mingw32/nios2-elf/lib/mhw-mulx\libc.a(lib_a-freer.o)
 .text._malloc_trim_r
                0x00000000000012f8      0x124 d:/dev/vhdl/program/nios2eds/bin/gnu/h-x86_64-mingw32/bin/../lib/gcc/nios2-elf/5.3.0/../../../../../H-x86_64-mingw32/nios2-elf/lib/mhw-mulx\libc.a(lib_a-freer.o)
                0x00000000000012f8                _malloc_trim_r
 .text._free_r  0x000000000000141c      0x310 d:/dev/vhdl/program/nios2eds/bin/gnu/h-x86_64-mingw32/bin/../lib/gcc/nios2-elf/5.3.0/../../../../../H-x86_64-mingw32/nios2-elf/lib/mhw-mulx\libc.a(lib_a-freer.o)
                0x000000000000141c                _free_r
 .text          0x000000000000172c        0x0 d:/dev/vhdl/program/nios2eds/bin/gnu/h-x86_64-mingw32/bin/../lib/gcc/nios2-elf/5.3.0/../../../../../H-x86_64-mingw32/nios2-elf/lib/mhw-mulx\libc.a(lib_a-impure.o)
 .text          0x000000000000172c        0x0 d:/dev/vhdl/program/nios2eds/bin/gnu/h-x86_64-mingw32/bin/../lib/gcc/nios2-elf/5.3.0/../../../../../H-x86_64-mingw32/nios2-elf/lib/mhw-mulx\libc.a(lib_a-int_errno.o)
 .text          0x000000000000172c       0xec D:/Dev/vhdl/dev/testNIOS/audioVisualisator_bsp/\libucosii_bsp.a(alt_load.o)
                0x0000000000001794                alt_load
 .text          0x0000000000001818       0xbc D:/Dev/vhdl/dev/testNIOS/audioVisualisator_bsp/\libucosii_bsp.a(alt_main.o)
                0x0000000000001818                alt_main
 .text          0x00000000000018d4       0xb0 D:/Dev/vhdl/dev/testNIOS/audioVisualisator_bsp/\libucosii_bsp.a(alt_sbrk.o)
                0x00000000000018d4                sbrk
 .text          0x0000000000001984      0x124 D:/Dev/vhdl/dev/testNIOS/audioVisualisator_bsp/\libucosii_bsp.a(alt_env_lock.o)
                0x0000000000001984                __env_lock
                0x0000000000001a48                __env_unlock
 .text          0x0000000000001aa8      0x1ec D:/Dev/vhdl/dev/testNIOS/audioVisualisator_bsp/\libucosii_bsp.a(alt_malloc_lock.o)
                0x0000000000001aa8                __malloc_lock
                0x0000000000001bc8                __malloc_unlock
 .text          0x0000000000001c94     0x2024 D:/Dev/vhdl/dev/testNIOS/audioVisualisator_bsp/\libucosii_bsp.a(os_core.o)
                0x0000000000001c94                OSEventNameGet
                0x0000000000001db4                OSEventNameSet
                0x0000000000001ef4                OSEventPendMulti
                0x0000000000002504                OSInit
                0x000000000000255c                OSIntEnter
                0x00000000000025a8                OSIntExit
                0x00000000000026a0                OSSchedLock
                0x000000000000272c                OSSchedUnlock
                0x0000000000002808                OSStart
                0x0000000000002878                OSStatInit
                0x0000000000002928                OSTimeTick
                0x0000000000002b48                OSVersion
                0x0000000000002b68                OS_Dummy
                0x0000000000002b88                OS_EventTaskRdy
                0x0000000000002d20                OS_EventTaskWait
                0x0000000000002e30                OS_EventTaskWaitMulti
                0x0000000000002f80                OS_EventTaskRemove
                0x0000000000003038                OS_EventTaskRemoveMulti
                0x0000000000003138                OS_EventWaitListInit
                0x0000000000003518                OS_MemClr
                0x000000000000356c                OS_MemCopy
                0x00000000000035d4                OS_Sched
                0x0000000000003718                OS_StrCopy
                0x000000000000378c                OS_StrLen
                0x00000000000037e0                OS_TaskIdle
                0x000000000000383c                OS_TaskStat
                0x0000000000003918                OS_TaskStatStkChk
                0x00000000000039e4                OS_TCBInit
 .text          0x0000000000003cb8      0x190 D:/Dev/vhdl/dev/testNIOS/audioVisualisator_bsp/\libucosii_bsp.a(os_dbg.o)
                0x0000000000003cb8                OSDebugInit
 .text          0x0000000000003e48     0x1714 D:/Dev/vhdl/dev/testNIOS/audioVisualisator_bsp/\libucosii_bsp.a(os_flag.o)
                0x0000000000003e48                OSFlagAccept
                0x0000000000004150                OSFlagCreate
                0x0000000000004258                OSFlagDel
                0x00000000000044a0                OSFlagNameGet
                0x00000000000045c8                OSFlagNameSet
                0x0000000000004714                OSFlagPend
                0x0000000000004ccc                OSFlagPendGetFlagsRdy
                0x0000000000004d2c                OSFlagPost
                0x00000000000050c0                OSFlagQuery
                0x00000000000052e4                OS_FlagInit
                0x00000000000054b8                OS_FlagUnlink
 .text          0x000000000000555c      0x754 D:/Dev/vhdl/dev/testNIOS/audioVisualisator_bsp/\libucosii_bsp.a(os_mem.o)
                0x000000000000555c                OSMemCreate
                0x0000000000005730                OSMemGet
                0x0000000000005820                OSMemNameGet
                0x0000000000005910                OSMemNameSet
                0x0000000000005a24                OSMemPut
                0x0000000000005afc                OSMemQuery
                0x0000000000005be4                OS_MemInit
 .text          0x0000000000005cb0     0x1104 D:/Dev/vhdl/dev/testNIOS/audioVisualisator_bsp/\libucosii_bsp.a(os_q.o)
                0x0000000000005cb0                OSQAccept
                0x0000000000005df0                OSQCreate
                0x0000000000005f9c                OSQDel
                0x000000000000621c                OSQFlush
                0x00000000000062d4                OSQPend
                0x0000000000006560                OSQPendAbort
                0x00000000000066cc                OSQPost
                0x0000000000006834                OSQPostFront
                0x00000000000069a4                OSQPostOpt
                0x0000000000006bb0                OSQQuery
                0x0000000000006d0c                OS_QInit
 .text          0x0000000000006db4      0xa60 D:/Dev/vhdl/dev/testNIOS/audioVisualisator_bsp/\libucosii_bsp.a(os_sem.o)
                0x0000000000006db4                OSSemAccept
                0x0000000000006e64                OSSemCreate
                0x0000000000006f3c                OSSemDel
                0x000000000000717c                OSSemPend
                0x0000000000007388                OSSemPendAbort
                0x00000000000074f4                OSSemPost
                0x0000000000007604                OSSemQuery
                0x0000000000007714                OSSemSet
 .text          0x0000000000007814     0x176c D:/Dev/vhdl/dev/testNIOS/audioVisualisator_bsp/\libucosii_bsp.a(os_task.o)
                0x0000000000007814                OSTaskChangePrio
                0x0000000000007d04                OSTaskCreate
                0x0000000000007eb0                OSTaskCreateExt
                0x0000000000008094                OSTaskDel
                0x00000000000083d8                OSTaskDelReq
                0x0000000000008528                OSTaskNameGet
                0x00000000000086c0                OSTaskNameSet
                0x0000000000008874                OSTaskResume
                0x0000000000008a48                OSTaskStkChk
                0x0000000000008c08                OSTaskSuspend
                0x0000000000008dec                OSTaskQuery
                0x0000000000008f10                OS_TaskStkClr
 .text          0x0000000000008f80      0x4f4 D:/Dev/vhdl/dev/testNIOS/audioVisualisator_bsp/\libucosii_bsp.a(os_time.o)
                0x0000000000008f80                OSTimeDly
                0x0000000000009084                OSTimeDlyHMSM
                0x00000000000091e4                OSTimeDlyResume
                0x00000000000093b8                OSTimeGet
                0x0000000000009414                OSTimeSet
 .text          0x0000000000009474      0x880 D:/Dev/vhdl/dev/testNIOS/audioVisualisator_bsp/\libucosii_bsp.a(alt_sys_init.o)
                0x00000000000094a8                alt_irq_init
                0x00000000000094e0                alt_sys_init
 .text          0x0000000000009cf4      0x164 D:/Dev/vhdl/dev/testNIOS/audioVisualisator_bsp/\libucosii_bsp.a(altera_avalon_jtag_uart_fd.o)
                0x0000000000009cf4                altera_avalon_jtag_uart_read_fd
                0x0000000000009d54                altera_avalon_jtag_uart_write_fd
                0x0000000000009db4                altera_avalon_jtag_uart_close_fd
                0x0000000000009e04                altera_avalon_jtag_uart_ioctl_fd
 .text          0x0000000000009e58      0x550 D:/Dev/vhdl/dev/testNIOS/audioVisualisator_bsp/\libucosii_bsp.a(altera_avalon_jtag_uart_init.o)
                0x0000000000009e58                altera_avalon_jtag_uart_init
                0x000000000000a340                altera_avalon_jtag_uart_close
 .text          0x000000000000a3a8       0xf0 D:/Dev/vhdl/dev/testNIOS/audioVisualisator_bsp/\libucosii_bsp.a(altera_avalon_jtag_uart_ioctl.o)
                0x000000000000a3a8                altera_avalon_jtag_uart_ioctl
 .text          0x000000000000a498      0x2bc D:/Dev/vhdl/dev/testNIOS/audioVisualisator_bsp/\libucosii_bsp.a(altera_avalon_jtag_uart_read.o)
                0x000000000000a498                altera_avalon_jtag_uart_read
 .text          0x000000000000a754      0x2c4 D:/Dev/vhdl/dev/testNIOS/audioVisualisator_bsp/\libucosii_bsp.a(altera_avalon_jtag_uart_write.o)
                0x000000000000a754                altera_avalon_jtag_uart_write
 .text          0x000000000000aa18       0xf0 D:/Dev/vhdl/dev/testNIOS/audioVisualisator_bsp/\libucosii_bsp.a(altera_avalon_timer_sc.o)
                0x000000000000aa94                alt_avalon_timer_sc_init
 .text          0x000000000000ab08      0x4f4 D:/Dev/vhdl/dev/testNIOS/audioVisualisator_bsp/\libucosii_bsp.a(altera_up_avalon_character_lcd.o)
                0x000000000000ab08                get_DDRAM_addr
                0x000000000000ab7c                alt_up_character_lcd_send_cmd
                0x000000000000abbc                alt_up_character_lcd_init
                0x000000000000abf4                alt_up_character_lcd_open_dev
                0x000000000000ac30                alt_up_character_lcd_write
                0x000000000000acac                alt_up_character_lcd_string
                0x000000000000ad24                alt_up_character_lcd_write_fd
                0x000000000000ad74                alt_up_character_lcd_set_cursor_pos
                0x000000000000ade8                alt_up_character_lcd_shift_cursor
                0x000000000000ae74                alt_up_character_lcd_shift_display
                0x000000000000af00                alt_up_character_lcd_erase_pos
                0x000000000000af8c                alt_up_character_lcd_cursor_off
                0x000000000000afc4                alt_up_character_lcd_cursor_blink_on
 .text          0x000000000000affc      0x38c D:/Dev/vhdl/dev/testNIOS/audioVisualisator_bsp/\libucosii_bsp.a(altera_up_avalon_irda.o)
                0x000000000000affc                alt_up_irda_enable_read_interrupt
                0x000000000000b058                alt_up_irda_disable_read_interrupt
                0x000000000000b0b8                alt_up_irda_get_used_space_in_read_FIFO
                0x000000000000b0f8                alt_up_irda_get_available_space_in_write_FIFO
                0x000000000000b134                alt_up_irda_check_parity
                0x000000000000b178                alt_up_irda_write_data
                0x000000000000b1b8                alt_up_irda_read_data
                0x000000000000b22c                alt_up_irda_read_fd
                0x000000000000b2bc                alt_up_irda_write_fd
                0x000000000000b34c                alt_up_irda_open_dev
 .text          0x000000000000b388      0x6b0 D:/Dev/vhdl/dev/testNIOS/audioVisualisator_bsp/\libucosii_bsp.a(altera_up_avalon_ps2.o)
                0x000000000000b388                read_RI_bit
                0x000000000000b3bc                read_RE_bit
                0x000000000000b3ec                read_CE_bit
                0x000000000000b420                read_num_bytes_available
                0x000000000000b450                read_data_valid
                0x000000000000b484                read_data_byte
                0x000000000000b4b0                alt_up_ps2_init
                0x000000000000b578                alt_up_ps2_enable_read_interrupt
                0x000000000000b5d4                alt_up_ps2_disable_read_interrupt
                0x000000000000b634                alt_up_ps2_write_data_byte
                0x000000000000b6a8                alt_up_ps2_wait_for_ack
                0x000000000000b710                alt_up_ps2_write_data_byte_with_ack
                0x000000000000b774                alt_up_ps2_read_data_byte_timeout
                0x000000000000b810                alt_up_ps2_read_data_byte
                0x000000000000b880                alt_up_ps2_clear_fifo
                0x000000000000b8d8                alt_up_ps2_read_fd
                0x000000000000b964                alt_up_ps2_write_fd
                0x000000000000b9fc                alt_up_ps2_open_dev
 .text          0x000000000000ba38      0x390 D:/Dev/vhdl/dev/testNIOS/audioVisualisator_bsp/\libucosii_bsp.a(altera_up_avalon_rs232.o)
                0x000000000000ba38                alt_up_rs232_enable_read_interrupt
                0x000000000000ba94                alt_up_rs232_disable_read_interrupt
                0x000000000000baf4                alt_up_rs232_get_used_space_in_read_FIFO
                0x000000000000bb34                alt_up_rs232_get_available_space_in_write_FIFO
                0x000000000000bb70                alt_up_rs232_check_parity
                0x000000000000bbb4                alt_up_rs232_write_data
                0x000000000000bbf4                alt_up_rs232_read_data
                0x000000000000bc68                alt_up_rs232_read_fd
                0x000000000000bcf8                alt_up_rs232_write_fd
                0x000000000000bd8c                alt_up_rs232_open_dev
 .text          0x000000000000bdc8      0x12c D:/Dev/vhdl/dev/testNIOS/audioVisualisator_bsp/\libucosii_bsp.a(alt_alarm_start.o)
                0x000000000000bdc8                alt_alarm_start
 .text          0x000000000000bef4      0x10c D:/Dev/vhdl/dev/testNIOS/audioVisualisator_bsp/\libucosii_bsp.a(alt_close.o)
                0x000000000000bf30                close
 .text          0x000000000000c000       0x20 D:/Dev/vhdl/dev/testNIOS/audioVisualisator_bsp/\libucosii_bsp.a(alt_dcache_flush_all.o)
                0x000000000000c000                alt_dcache_flush_all
 .text          0x000000000000c020       0x2c D:/Dev/vhdl/dev/testNIOS/audioVisualisator_bsp/\libucosii_bsp.a(alt_dev.o)
 .text          0x000000000000c04c       0xe0 D:/Dev/vhdl/dev/testNIOS/audioVisualisator_bsp/\libucosii_bsp.a(alt_dev_llist_insert.o)
                0x000000000000c088                alt_dev_llist_insert
 .text          0x000000000000c12c       0x60 D:/Dev/vhdl/dev/testNIOS/audioVisualisator_bsp/\libucosii_bsp.a(alt_do_ctors.o)
                0x000000000000c12c                _do_ctors
 .text          0x000000000000c18c       0x60 D:/Dev/vhdl/dev/testNIOS/audioVisualisator_bsp/\libucosii_bsp.a(alt_do_dtors.o)
                0x000000000000c18c                _do_dtors
 .text          0x000000000000c1ec        0x0 D:/Dev/vhdl/dev/testNIOS/audioVisualisator_bsp/\libucosii_bsp.a(alt_errno.o)
 .text          0x000000000000c1ec       0x90 D:/Dev/vhdl/dev/testNIOS/audioVisualisator_bsp/\libucosii_bsp.a(alt_find_dev.o)
                0x000000000000c1ec                alt_find_dev
 .text          0x000000000000c27c       0x34 D:/Dev/vhdl/dev/testNIOS/audioVisualisator_bsp/\libucosii_bsp.a(alt_icache_flush_all.o)
                0x000000000000c27c                alt_icache_flush_all
 .text          0x000000000000c2b0      0x140 D:/Dev/vhdl/dev/testNIOS/audioVisualisator_bsp/\libucosii_bsp.a(alt_io_redirect.o)
                0x000000000000c374                alt_io_redirect
 .text          0x000000000000c3f0      0x180 D:/Dev/vhdl/dev/testNIOS/audioVisualisator_bsp/\libucosii_bsp.a(alt_irq_register.o)
                0x000000000000c3f0                alt_irq_register
 .text          0x000000000000c570        0x0 D:/Dev/vhdl/dev/testNIOS/audioVisualisator_bsp/\libucosii_bsp.a(alt_irq_vars.o)
 .text          0x000000000000c570      0x254 D:/Dev/vhdl/dev/testNIOS/audioVisualisator_bsp/\libucosii_bsp.a(alt_open.o)
                0x000000000000c670                open
 .text          0x000000000000c7c4       0x64 D:/Dev/vhdl/dev/testNIOS/audioVisualisator_bsp/\libucosii_bsp.a(alt_release_fd.o)
                0x000000000000c7c4                alt_release_fd
 .text          0x000000000000c828      0x1a4 D:/Dev/vhdl/dev/testNIOS/audioVisualisator_bsp/\libucosii_bsp.a(alt_tick.o)
                0x000000000000c828                alt_alarm_stop
                0x000000000000c8c4                alt_tick
 .text          0x000000000000c9cc       0x24 D:/Dev/vhdl/dev/testNIOS/audioVisualisator_bsp/\libucosii_bsp.a(altera_nios2_gen2_irq.o)
                0x000000000000c9cc                altera_nios2_gen2_irq_init
 .text          0x000000000000c9f0       0xd0 D:/Dev/vhdl/dev/testNIOS/audioVisualisator_bsp/\libucosii_bsp.a(os_cpu_a.o)
                0x000000000000c9f0                OSCtxSw
                0x000000000000c9f0                OSIntCtxSw
                0x000000000000ca7c                OSStartHighRdy
                0x000000000000ca9c                OSStartTsk
 .text          0x000000000000cac0      0x288 D:/Dev/vhdl/dev/testNIOS/audioVisualisator_bsp/\libucosii_bsp.a(os_cpu_c.o)
                0x000000000000cac0                OSTaskStkInit
                0x000000000000cc1c                OSTaskCreateHook
                0x000000000000cc40                OSTaskDelHook
                0x000000000000cc64                OSTaskSwHook
                0x000000000000cc84                OSTaskStatHook
                0x000000000000cca4                OSTimeTickHook
                0x000000000000ccc4                OSInitHookBegin
                0x000000000000cce4                OSInitHookEnd
                0x000000000000cd04                OSTaskIdleHook
                0x000000000000cd24                OSTCBInitHook
 .text          0x000000000000cd48      0x108 D:/Dev/vhdl/dev/testNIOS/audioVisualisator_bsp/\libucosii_bsp.a(alt_find_file.o)
                0x000000000000cd48                alt_find_file
 .text          0x000000000000ce50       0xdc D:/Dev/vhdl/dev/testNIOS/audioVisualisator_bsp/\libucosii_bsp.a(alt_get_fd.o)
                0x000000000000ce50                alt_get_fd
 .text          0x000000000000cf2c       0x90 D:/Dev/vhdl/dev/testNIOS/audioVisualisator_bsp/\libucosii_bsp.a(alt_icache_flush.o)
                0x000000000000cf2c                alt_icache_flush
 .text          0x000000000000cfbc        0x0 D:/Dev/vhdl/dev/testNIOS/audioVisualisator_bsp/\libucosii_bsp.a(alt_irq_entry.o)
 .text          0x000000000000cfbc        0x0 D:/Dev/vhdl/dev/testNIOS/audioVisualisator_bsp/\libucosii_bsp.a(alt_irq_handler.o)
 .text          0x000000000000cfbc        0x0 D:/Dev/vhdl/dev/testNIOS/audioVisualisator_bsp/\libucosii_bsp.a(alt_exception_entry.o)
 .text          0x000000000000cfbc       0x9c D:/Dev/vhdl/dev/testNIOS/audioVisualisator_bsp/\libucosii_bsp.a(alt_instruction_exception_entry.o)
                0x000000000000cfbc                alt_exception_cause_generated_bad_addr
 .text          0x000000000000d058        0x0 d:/dev/vhdl/program/nios2eds/bin/gnu/h-x86_64-mingw32/bin/../lib/gcc/nios2-elf/5.3.0/../../../../../H-x86_64-mingw32/nios2-elf/lib/mhw-mulx\libc.a(lib_a-atexit.o)
 .text.atexit   0x000000000000d058       0x14 d:/dev/vhdl/program/nios2eds/bin/gnu/h-x86_64-mingw32/bin/../lib/gcc/nios2-elf/5.3.0/../../../../../H-x86_64-mingw32/nios2-elf/lib/mhw-mulx\libc.a(lib_a-atexit.o)
                0x000000000000d058                atexit
 .text          0x000000000000d06c        0x0 d:/dev/vhdl/program/nios2eds/bin/gnu/h-x86_64-mingw32/bin/../lib/gcc/nios2-elf/5.3.0/../../../../../H-x86_64-mingw32/nios2-elf/lib/mhw-mulx\libc.a(lib_a-exit.o)
 .text.exit     0x000000000000d06c       0x38 d:/dev/vhdl/program/nios2eds/bin/gnu/h-x86_64-mingw32/bin/../lib/gcc/nios2-elf/5.3.0/../../../../../H-x86_64-mingw32/nios2-elf/lib/mhw-mulx\libc.a(lib_a-exit.o)
                0x000000000000d06c                exit
 .text          0x000000000000d0a4        0x0 d:/dev/vhdl/program/nios2eds/bin/gnu/h-x86_64-mingw32/bin/../lib/gcc/nios2-elf/5.3.0/../../../../../H-x86_64-mingw32/nios2-elf/lib/mhw-mulx\libc.a(lib_a-memcmp.o)
 .text.memcmp   0x000000000000d0a4       0x7c d:/dev/vhdl/program/nios2eds/bin/gnu/h-x86_64-mingw32/bin/../lib/gcc/nios2-elf/5.3.0/../../../../../H-x86_64-mingw32/nios2-elf/lib/mhw-mulx\libc.a(lib_a-memcmp.o)
                0x000000000000d0a4                memcmp
 .text          0x000000000000d120        0x0 d:/dev/vhdl/program/nios2eds/bin/gnu/h-x86_64-mingw32/bin/../lib/gcc/nios2-elf/5.3.0/../../../../../H-x86_64-mingw32/nios2-elf/lib/mhw-mulx\libc.a(lib_a-memcpy.o)
 .text.memcpy   0x000000000000d120      0x148 d:/dev/vhdl/program/nios2eds/bin/gnu/h-x86_64-mingw32/bin/../lib/gcc/nios2-elf/5.3.0/../../../../../H-x86_64-mingw32/nios2-elf/lib/mhw-mulx\libc.a(lib_a-memcpy.o)
                0x000000000000d120                memcpy
 .text          0x000000000000d268        0x0 d:/dev/vhdl/program/nios2eds/bin/gnu/h-x86_64-mingw32/bin/../lib/gcc/nios2-elf/5.3.0/../../../../../H-x86_64-mingw32/nios2-elf/lib/mhw-mulx\libc.a(lib_a-memset.o)
 .text.memset   0x000000000000d268      0x128 d:/dev/vhdl/program/nios2eds/bin/gnu/h-x86_64-mingw32/bin/../lib/gcc/nios2-elf/5.3.0/../../../../../H-x86_64-mingw32/nios2-elf/lib/mhw-mulx\libc.a(lib_a-memset.o)
                0x000000000000d268                memset
 .text          0x000000000000d390        0x0 d:/dev/vhdl/program/nios2eds/bin/gnu/h-x86_64-mingw32/bin/../lib/gcc/nios2-elf/5.3.0/../../../../../H-x86_64-mingw32/nios2-elf/lib/mhw-mulx\libc.a(lib_a-strlen.o)
 .text.strlen   0x000000000000d390       0x98 d:/dev/vhdl/program/nios2eds/bin/gnu/h-x86_64-mingw32/bin/../lib/gcc/nios2-elf/5.3.0/../../../../../H-x86_64-mingw32/nios2-elf/lib/mhw-mulx\libc.a(lib_a-strlen.o)
                0x000000000000d390                strlen
 .text          0x000000000000d428        0x0 d:/dev/vhdl/program/nios2eds/bin/gnu/h-x86_64-mingw32/bin/../lib/gcc/nios2-elf/5.3.0/../../../../../H-x86_64-mingw32/nios2-elf/lib/mhw-mulx\libc.a(lib_a-__atexit.o)
 .text.__register_exitproc
                0x000000000000d428      0x118 d:/dev/vhdl/program/nios2eds/bin/gnu/h-x86_64-mingw32/bin/../lib/gcc/nios2-elf/5.3.0/../../../../../H-x86_64-mingw32/nios2-elf/lib/mhw-mulx\libc.a(lib_a-__atexit.o)
                0x000000000000d428                __register_exitproc
 .text          0x000000000000d540        0x0 d:/dev/vhdl/program/nios2eds/bin/gnu/h-x86_64-mingw32/bin/../lib/gcc/nios2-elf/5.3.0/../../../../../H-x86_64-mingw32/nios2-elf/lib/mhw-mulx\libc.a(lib_a-__call_atexit.o)
 .text.__call_exitprocs
                0x000000000000d540      0x180 d:/dev/vhdl/program/nios2eds/bin/gnu/h-x86_64-mingw32/bin/../lib/gcc/nios2-elf/5.3.0/../../../../../H-x86_64-mingw32/nios2-elf/lib/mhw-mulx\libc.a(lib_a-__call_atexit.o)
                0x000000000000d540                __call_exitprocs
 .text          0x000000000000d6c0       0x34 D:/Dev/vhdl/dev/testNIOS/audioVisualisator_bsp/\libucosii_bsp.a(alt_exit.o)
                0x000000000000d6c0                _exit
 *(.gnu.warning.*)
 *(.fini)
                [!provide]                        PROVIDE (__etext, ABSOLUTE (.))
                [!provide]                        PROVIDE (_etext, ABSOLUTE (.))
                [!provide]                        PROVIDE (etext, ABSOLUTE (.))
 *(.eh_frame_hdr)
                0x000000000000d6f4                . = ALIGN (0x4)
                [!provide]                        PROVIDE (__preinit_array_start, ABSOLUTE (.))
 *(.preinit_array)
                [!provide]                        PROVIDE (__preinit_array_end, ABSOLUTE (.))
                [!provide]                        PROVIDE (__init_array_start, ABSOLUTE (.))
 *(.init_array)
                [!provide]                        PROVIDE (__init_array_end, ABSOLUTE (.))
                [!provide]                        PROVIDE (__fini_array_start, ABSOLUTE (.))
 *(.fini_array)
                [!provide]                        PROVIDE (__fini_array_end, ABSOLUTE (.))
 *(.eh_frame)
 *(.gcc_except_table .gcc_except_table.*)
 *(.dynamic)
                0x000000000000d6f4                PROVIDE (__CTOR_LIST__, ABSOLUTE (.))
 *(.ctors)
 *(SORT(.ctors.*))
                0x000000000000d6f4                PROVIDE (__CTOR_END__, ABSOLUTE (.))
                0x000000000000d6f4                PROVIDE (__DTOR_LIST__, ABSOLUTE (.))
 *(.dtors)
 *(SORT(.dtors.*))
                0x000000000000d6f4                PROVIDE (__DTOR_END__, ABSOLUTE (.))
 *(.jcr)
                0x000000000000d6f4                . = ALIGN (0x4)

.rodata         0x000000000000d6f4      0x2f4
                0x000000000000d6f4                PROVIDE (__ram_rodata_start, ABSOLUTE (.))
                0x000000000000d6f4                . = ALIGN (0x4)
 *(.rodata .rodata.* .gnu.linkonce.r.*)
 .rodata.str1.4
                0x000000000000d6f4        0x4 d:/dev/vhdl/program/nios2eds/bin/gnu/h-x86_64-mingw32/bin/../lib/gcc/nios2-elf/5.3.0/../../../../../H-x86_64-mingw32/nios2-elf/lib/mhw-mulx\libc.a(lib_a-impure.o)
                                          0x2 (size before relaxing)
 .rodata        0x000000000000d6f8        0xf D:/Dev/vhdl/dev/testNIOS/audioVisualisator_bsp/\libucosii_bsp.a(alt_main.o)
 *fill*         0x000000000000d707        0x1 
 .rodata        0x000000000000d708      0x11e D:/Dev/vhdl/dev/testNIOS/audioVisualisator_bsp/\libucosii_bsp.a(os_core.o)
                0x000000000000d708                OSUnMapTbl
 *fill*         0x000000000000d826        0x2 
 .rodata        0x000000000000d828      0x1ad D:/Dev/vhdl/dev/testNIOS/audioVisualisator_bsp/\libucosii_bsp.a(alt_sys_init.o)
 *fill*         0x000000000000d9d5        0x3 
 .rodata        0x000000000000d9d8        0xa D:/Dev/vhdl/dev/testNIOS/audioVisualisator_bsp/\libucosii_bsp.a(alt_dev.o)
 *fill*         0x000000000000d9e2        0x2 
 .rodata        0x000000000000d9e4        0x2 D:/Dev/vhdl/dev/testNIOS/audioVisualisator_bsp/\libucosii_bsp.a(os_cpu_c.o)
 *(.rodata1)
                0x000000000000d9e8                . = ALIGN (0x4)
 *fill*         0x000000000000d9e6        0x2 
                0x000000000000d9e8                PROVIDE (__ram_rodata_end, ABSOLUTE (.))
                0x000000000000d6f4                PROVIDE (__flash_rodata_start, LOADADDR (.rodata))

.rwdata         0x000000000000d9e8     0x1ee8 load address 0x000000000000f8d0
                0x000000000000d9e8                PROVIDE (__ram_rwdata_start, ABSOLUTE (.))
                0x000000000000d9e8                . = ALIGN (0x4)
 *(.got.plt)
 *(.got)
 *(.data1)
 *(.data .data.* .gnu.linkonce.d.*)
 .data          0x000000000000d9e8        0x0 D:/Dev/vhdl/dev/testNIOS/audioVisualisator_bsp//obj/HAL/src/crt0.o
 .data          0x000000000000d9e8        0x0 obj/default/hello_ucosii.o
 .data          0x000000000000d9e8        0x0 obj/default/src/Display.o
 .data          0x000000000000d9e8        0x0 d:/dev/vhdl/program/nios2eds/bin/gnu/h-x86_64-mingw32/bin/../lib/gcc/nios2-elf/5.3.0/../../../../../H-x86_64-mingw32/nios2-elf/lib/mhw-mulx\libc.a(lib_a-malloc.o)
 .data          0x000000000000d9e8        0x0 d:/dev/vhdl/program/nios2eds/bin/gnu/h-x86_64-mingw32/bin/../lib/gcc/nios2-elf/5.3.0/../../../../../H-x86_64-mingw32/nios2-elf/lib/mhw-mulx\libc.a(lib_a-mallocr.o)
 .data.__malloc_av_
                0x000000000000d9e8      0x408 d:/dev/vhdl/program/nios2eds/bin/gnu/h-x86_64-mingw32/bin/../lib/gcc/nios2-elf/5.3.0/../../../../../H-x86_64-mingw32/nios2-elf/lib/mhw-mulx\libc.a(lib_a-mallocr.o)
                0x000000000000d9e8                __malloc_av_
 .data          0x000000000000ddf0        0x0 d:/dev/vhdl/program/nios2eds/bin/gnu/h-x86_64-mingw32/bin/../lib/gcc/nios2-elf/5.3.0/../../../../../H-x86_64-mingw32/nios2-elf/lib/mhw-mulx\libc.a(lib_a-rand.o)
 .data          0x000000000000ddf0        0x0 d:/dev/vhdl/program/nios2eds/bin/gnu/h-x86_64-mingw32/bin/../lib/gcc/nios2-elf/5.3.0/../../../../../H-x86_64-mingw32/nios2-elf/lib/mhw-mulx\libc.a(lib_a-sbrkr.o)
 .data          0x000000000000ddf0        0x0 d:/dev/vhdl/program/nios2eds/bin/gnu/h-x86_64-mingw32/bin/../lib/gcc/nios2-elf/5.3.0/../../../../../H-x86_64-mingw32/nios2-elf/lib/mhw-mulx\libc.a(lib_a-freer.o)
 .data          0x000000000000ddf0        0x0 d:/dev/vhdl/program/nios2eds/bin/gnu/h-x86_64-mingw32/bin/../lib/gcc/nios2-elf/5.3.0/../../../../../H-x86_64-mingw32/nios2-elf/lib/mhw-mulx\libc.a(lib_a-impure.o)
 .data.impure_data
                0x000000000000ddf0      0x424 d:/dev/vhdl/program/nios2eds/bin/gnu/h-x86_64-mingw32/bin/../lib/gcc/nios2-elf/5.3.0/../../../../../H-x86_64-mingw32/nios2-elf/lib/mhw-mulx\libc.a(lib_a-impure.o)
 .data          0x000000000000e214        0x0 d:/dev/vhdl/program/nios2eds/bin/gnu/h-x86_64-mingw32/bin/../lib/gcc/nios2-elf/5.3.0/../../../../../H-x86_64-mingw32/nios2-elf/lib/mhw-mulx\libc.a(lib_a-int_errno.o)
 .data          0x000000000000e214        0x0 D:/Dev/vhdl/dev/testNIOS/audioVisualisator_bsp/\libucosii_bsp.a(alt_load.o)
 .data          0x000000000000e214        0x0 D:/Dev/vhdl/dev/testNIOS/audioVisualisator_bsp/\libucosii_bsp.a(alt_main.o)
 .data          0x000000000000e214        0x0 D:/Dev/vhdl/dev/testNIOS/audioVisualisator_bsp/\libucosii_bsp.a(alt_sbrk.o)
 .data          0x000000000000e214        0x0 D:/Dev/vhdl/dev/testNIOS/audioVisualisator_bsp/\libucosii_bsp.a(alt_env_lock.o)
 .data          0x000000000000e214        0x0 D:/Dev/vhdl/dev/testNIOS/audioVisualisator_bsp/\libucosii_bsp.a(alt_malloc_lock.o)
 .data          0x000000000000e214        0x0 D:/Dev/vhdl/dev/testNIOS/audioVisualisator_bsp/\libucosii_bsp.a(os_core.o)
 .data          0x000000000000e214        0x0 D:/Dev/vhdl/dev/testNIOS/audioVisualisator_bsp/\libucosii_bsp.a(os_dbg.o)
 .data          0x000000000000e214        0x0 D:/Dev/vhdl/dev/testNIOS/audioVisualisator_bsp/\libucosii_bsp.a(os_flag.o)
 .data          0x000000000000e214        0x0 D:/Dev/vhdl/dev/testNIOS/audioVisualisator_bsp/\libucosii_bsp.a(os_mem.o)
 .data          0x000000000000e214        0x0 D:/Dev/vhdl/dev/testNIOS/audioVisualisator_bsp/\libucosii_bsp.a(os_q.o)
 .data          0x000000000000e214        0x0 D:/Dev/vhdl/dev/testNIOS/audioVisualisator_bsp/\libucosii_bsp.a(os_sem.o)
 .data          0x000000000000e214        0x0 D:/Dev/vhdl/dev/testNIOS/audioVisualisator_bsp/\libucosii_bsp.a(os_task.o)
 .data          0x000000000000e214        0x0 D:/Dev/vhdl/dev/testNIOS/audioVisualisator_bsp/\libucosii_bsp.a(os_time.o)
 .data          0x000000000000e214     0x1460 D:/Dev/vhdl/dev/testNIOS/audioVisualisator_bsp/\libucosii_bsp.a(alt_sys_init.o)
 .data          0x000000000000f674        0x0 D:/Dev/vhdl/dev/testNIOS/audioVisualisator_bsp/\libucosii_bsp.a(altera_avalon_jtag_uart_fd.o)
 .data          0x000000000000f674        0x0 D:/Dev/vhdl/dev/testNIOS/audioVisualisator_bsp/\libucosii_bsp.a(altera_avalon_jtag_uart_init.o)
 .data          0x000000000000f674        0x0 D:/Dev/vhdl/dev/testNIOS/audioVisualisator_bsp/\libucosii_bsp.a(altera_avalon_jtag_uart_ioctl.o)
 .data          0x000000000000f674        0x0 D:/Dev/vhdl/dev/testNIOS/audioVisualisator_bsp/\libucosii_bsp.a(altera_avalon_jtag_uart_read.o)
 .data          0x000000000000f674        0x0 D:/Dev/vhdl/dev/testNIOS/audioVisualisator_bsp/\libucosii_bsp.a(altera_avalon_jtag_uart_write.o)
 .data          0x000000000000f674        0x0 D:/Dev/vhdl/dev/testNIOS/audioVisualisator_bsp/\libucosii_bsp.a(altera_avalon_timer_sc.o)
 .data          0x000000000000f674        0x0 D:/Dev/vhdl/dev/testNIOS/audioVisualisator_bsp/\libucosii_bsp.a(altera_up_avalon_character_lcd.o)
 .data          0x000000000000f674        0x0 D:/Dev/vhdl/dev/testNIOS/audioVisualisator_bsp/\libucosii_bsp.a(altera_up_avalon_irda.o)
 .data          0x000000000000f674        0x0 D:/Dev/vhdl/dev/testNIOS/audioVisualisator_bsp/\libucosii_bsp.a(altera_up_avalon_ps2.o)
 .data          0x000000000000f674        0x0 D:/Dev/vhdl/dev/testNIOS/audioVisualisator_bsp/\libucosii_bsp.a(altera_up_avalon_rs232.o)
 .data          0x000000000000f674        0x0 D:/Dev/vhdl/dev/testNIOS/audioVisualisator_bsp/\libucosii_bsp.a(alt_alarm_start.o)
 .data          0x000000000000f674        0x0 D:/Dev/vhdl/dev/testNIOS/audioVisualisator_bsp/\libucosii_bsp.a(alt_close.o)
 .data          0x000000000000f674        0x0 D:/Dev/vhdl/dev/testNIOS/audioVisualisator_bsp/\libucosii_bsp.a(alt_dcache_flush_all.o)
 .data          0x000000000000f674      0x1a8 D:/Dev/vhdl/dev/testNIOS/audioVisualisator_bsp/\libucosii_bsp.a(alt_dev.o)
                0x000000000000f674                alt_dev_null
                0x000000000000f69c                alt_fd_list
 .data          0x000000000000f81c        0x0 D:/Dev/vhdl/dev/testNIOS/audioVisualisator_bsp/\libucosii_bsp.a(alt_dev_llist_insert.o)
 .data          0x000000000000f81c        0x0 D:/Dev/vhdl/dev/testNIOS/audioVisualisator_bsp/\libucosii_bsp.a(alt_do_ctors.o)
 .data          0x000000000000f81c        0x0 D:/Dev/vhdl/dev/testNIOS/audioVisualisator_bsp/\libucosii_bsp.a(alt_do_dtors.o)
 .data          0x000000000000f81c        0x0 D:/Dev/vhdl/dev/testNIOS/audioVisualisator_bsp/\libucosii_bsp.a(alt_errno.o)
 .data          0x000000000000f81c        0x0 D:/Dev/vhdl/dev/testNIOS/audioVisualisator_bsp/\libucosii_bsp.a(alt_find_dev.o)
 .data          0x000000000000f81c        0x0 D:/Dev/vhdl/dev/testNIOS/audioVisualisator_bsp/\libucosii_bsp.a(alt_icache_flush_all.o)
 .data          0x000000000000f81c        0x0 D:/Dev/vhdl/dev/testNIOS/audioVisualisator_bsp/\libucosii_bsp.a(alt_io_redirect.o)
 .data          0x000000000000f81c        0x0 D:/Dev/vhdl/dev/testNIOS/audioVisualisator_bsp/\libucosii_bsp.a(alt_irq_register.o)
 .data          0x000000000000f81c        0x0 D:/Dev/vhdl/dev/testNIOS/audioVisualisator_bsp/\libucosii_bsp.a(alt_irq_vars.o)
 .data          0x000000000000f81c        0x0 D:/Dev/vhdl/dev/testNIOS/audioVisualisator_bsp/\libucosii_bsp.a(alt_open.o)
 .data          0x000000000000f81c        0x0 D:/Dev/vhdl/dev/testNIOS/audioVisualisator_bsp/\libucosii_bsp.a(alt_release_fd.o)
 .data          0x000000000000f81c        0x0 D:/Dev/vhdl/dev/testNIOS/audioVisualisator_bsp/\libucosii_bsp.a(alt_tick.o)
 .data          0x000000000000f81c        0x0 D:/Dev/vhdl/dev/testNIOS/audioVisualisator_bsp/\libucosii_bsp.a(altera_nios2_gen2_irq.o)
 .data          0x000000000000f81c        0x0 D:/Dev/vhdl/dev/testNIOS/audioVisualisator_bsp/\libucosii_bsp.a(os_cpu_a.o)
 .data          0x000000000000f81c        0x0 D:/Dev/vhdl/dev/testNIOS/audioVisualisator_bsp/\libucosii_bsp.a(os_cpu_c.o)
 .data          0x000000000000f81c        0x0 D:/Dev/vhdl/dev/testNIOS/audioVisualisator_bsp/\libucosii_bsp.a(alt_find_file.o)
 .data          0x000000000000f81c        0x0 D:/Dev/vhdl/dev/testNIOS/audioVisualisator_bsp/\libucosii_bsp.a(alt_get_fd.o)
 .data          0x000000000000f81c        0x0 D:/Dev/vhdl/dev/testNIOS/audioVisualisator_bsp/\libucosii_bsp.a(alt_icache_flush.o)
 .data          0x000000000000f81c        0x0 D:/Dev/vhdl/dev/testNIOS/audioVisualisator_bsp/\libucosii_bsp.a(alt_irq_entry.o)
 .data          0x000000000000f81c        0x0 D:/Dev/vhdl/dev/testNIOS/audioVisualisator_bsp/\libucosii_bsp.a(alt_irq_handler.o)
 .data          0x000000000000f81c        0x0 D:/Dev/vhdl/dev/testNIOS/audioVisualisator_bsp/\libucosii_bsp.a(alt_exception_entry.o)
 .data          0x000000000000f81c        0x0 D:/Dev/vhdl/dev/testNIOS/audioVisualisator_bsp/\libucosii_bsp.a(alt_instruction_exception_entry.o)
 .data          0x000000000000f81c        0x0 d:/dev/vhdl/program/nios2eds/bin/gnu/h-x86_64-mingw32/bin/../lib/gcc/nios2-elf/5.3.0/../../../../../H-x86_64-mingw32/nios2-elf/lib/mhw-mulx\libc.a(lib_a-atexit.o)
 .data          0x000000000000f81c        0x0 d:/dev/vhdl/program/nios2eds/bin/gnu/h-x86_64-mingw32/bin/../lib/gcc/nios2-elf/5.3.0/../../../../../H-x86_64-mingw32/nios2-elf/lib/mhw-mulx\libc.a(lib_a-exit.o)
 .data          0x000000000000f81c        0x0 d:/dev/vhdl/program/nios2eds/bin/gnu/h-x86_64-mingw32/bin/../lib/gcc/nios2-elf/5.3.0/../../../../../H-x86_64-mingw32/nios2-elf/lib/mhw-mulx\libc.a(lib_a-memcmp.o)
 .data          0x000000000000f81c        0x0 d:/dev/vhdl/program/nios2eds/bin/gnu/h-x86_64-mingw32/bin/../lib/gcc/nios2-elf/5.3.0/../../../../../H-x86_64-mingw32/nios2-elf/lib/mhw-mulx\libc.a(lib_a-memcpy.o)
 .data          0x000000000000f81c        0x0 d:/dev/vhdl/program/nios2eds/bin/gnu/h-x86_64-mingw32/bin/../lib/gcc/nios2-elf/5.3.0/../../../../../H-x86_64-mingw32/nios2-elf/lib/mhw-mulx\libc.a(lib_a-memset.o)
 .data          0x000000000000f81c        0x0 d:/dev/vhdl/program/nios2eds/bin/gnu/h-x86_64-mingw32/bin/../lib/gcc/nios2-elf/5.3.0/../../../../../H-x86_64-mingw32/nios2-elf/lib/mhw-mulx\libc.a(lib_a-strlen.o)
 .data          0x000000000000f81c        0x0 d:/dev/vhdl/program/nios2eds/bin/gnu/h-x86_64-mingw32/bin/../lib/gcc/nios2-elf/5.3.0/../../../../../H-x86_64-mingw32/nios2-elf/lib/mhw-mulx\libc.a(lib_a-__atexit.o)
 .data          0x000000000000f81c        0x0 d:/dev/vhdl/program/nios2eds/bin/gnu/h-x86_64-mingw32/bin/../lib/gcc/nios2-elf/5.3.0/../../../../../H-x86_64-mingw32/nios2-elf/lib/mhw-mulx\libc.a(lib_a-__call_atexit.o)
 .data          0x000000000000f81c        0x0 D:/Dev/vhdl/dev/testNIOS/audioVisualisator_bsp/\libucosii_bsp.a(alt_exit.o)
                0x000000000001781c                _gp = ABSOLUTE ((. + 0x8000))
                [!provide]                        PROVIDE (gp, _gp)
 *(.rwdata .rwdata.*)
 *(.sdata .sdata.* .gnu.linkonce.s.*)
 .sdata.__malloc_sbrk_base
                0x000000000000f81c        0x4 d:/dev/vhdl/program/nios2eds/bin/gnu/h-x86_64-mingw32/bin/../lib/gcc/nios2-elf/5.3.0/../../../../../H-x86_64-mingw32/nios2-elf/lib/mhw-mulx\libc.a(lib_a-mallocr.o)
                0x000000000000f81c                __malloc_sbrk_base
 .sdata.__malloc_trim_threshold
                0x000000000000f820        0x4 d:/dev/vhdl/program/nios2eds/bin/gnu/h-x86_64-mingw32/bin/../lib/gcc/nios2-elf/5.3.0/../../../../../H-x86_64-mingw32/nios2-elf/lib/mhw-mulx\libc.a(lib_a-mallocr.o)
                0x000000000000f820                __malloc_trim_threshold
 .sdata._global_impure_ptr
                0x000000000000f824        0x4 d:/dev/vhdl/program/nios2eds/bin/gnu/h-x86_64-mingw32/bin/../lib/gcc/nios2-elf/5.3.0/../../../../../H-x86_64-mingw32/nios2-elf/lib/mhw-mulx\libc.a(lib_a-impure.o)
                0x000000000000f824                _global_impure_ptr
 .sdata._impure_ptr
                0x000000000000f828        0x4 d:/dev/vhdl/program/nios2eds/bin/gnu/h-x86_64-mingw32/bin/../lib/gcc/nios2-elf/5.3.0/../../../../../H-x86_64-mingw32/nios2-elf/lib/mhw-mulx\libc.a(lib_a-impure.o)
                0x000000000000f828                _impure_ptr
 .sdata         0x000000000000f82c        0x4 D:/Dev/vhdl/dev/testNIOS/audioVisualisator_bsp/\libucosii_bsp.a(alt_sbrk.o)
 .sdata         0x000000000000f830        0x4 D:/Dev/vhdl/dev/testNIOS/audioVisualisator_bsp/\libucosii_bsp.a(alt_env_lock.o)
 .sdata         0x000000000000f834        0x4 D:/Dev/vhdl/dev/testNIOS/audioVisualisator_bsp/\libucosii_bsp.a(alt_malloc_lock.o)
 .sdata         0x000000000000f838       0x72 D:/Dev/vhdl/dev/testNIOS/audioVisualisator_bsp/\libucosii_bsp.a(os_dbg.o)
                0x000000000000f838                OSDebugEn
                0x000000000000f83c                OSEndiannessTest
                0x000000000000f840                OSEventEn
                0x000000000000f842                OSEventMax
                0x000000000000f844                OSEventNameSize
                0x000000000000f846                OSEventSize
                0x000000000000f848                OSEventTblSize
                0x000000000000f84a                OSEventMultiEn
                0x000000000000f84c                OSFlagEn
                0x000000000000f84e                OSFlagGrpSize
                0x000000000000f850                OSFlagNodeSize
                0x000000000000f852                OSFlagWidth
                0x000000000000f854                OSFlagMax
                0x000000000000f856                OSFlagNameSize
                0x000000000000f858                OSLowestPrio
                0x000000000000f85a                OSMboxEn
                0x000000000000f85c                OSMemEn
                0x000000000000f85e                OSMemMax
                0x000000000000f860                OSMemNameSize
                0x000000000000f862                OSMemSize
                0x000000000000f864                OSMemTblSize
                0x000000000000f866                OSMutexEn
                0x000000000000f868                OSPtrSize
                0x000000000000f86a                OSQEn
                0x000000000000f86c                OSQMax
                0x000000000000f86e                OSQSize
                0x000000000000f870                OSRdyTblSize
                0x000000000000f872                OSSemEn
                0x000000000000f874                OSStkWidth
                0x000000000000f876                OSTaskCreateEn
                0x000000000000f878                OSTaskCreateExtEn
                0x000000000000f87a                OSTaskDelEn
                0x000000000000f87c                OSTaskIdleStkSize
                0x000000000000f87e                OSTaskProfileEn
                0x000000000000f880                OSTaskMax
                0x000000000000f882                OSTaskNameSize
                0x000000000000f884                OSTaskStatEn
                0x000000000000f886                OSTaskStatStkSize
                0x000000000000f888                OSTaskStatStkChkEn
                0x000000000000f88a                OSTaskSwHookEn
                0x000000000000f88c                OSTCBPrioTblMax
                0x000000000000f88e                OSTCBSize
                0x000000000000f890                OSTicksPerSec
                0x000000000000f892                OSTimeTickHookEn
                0x000000000000f894                OSVersionNbr
                0x000000000000f896                OSTmrEn
                0x000000000000f898                OSTmrCfgMax
                0x000000000000f89a                OSTmrCfgNameSize
                0x000000000000f89c                OSTmrCfgWheelSize
                0x000000000000f89e                OSTmrCfgTicksPerSec
                0x000000000000f8a0                OSTmrSize
                0x000000000000f8a2                OSTmrTblSize
                0x000000000000f8a4                OSTmrWheelSize
                0x000000000000f8a6                OSTmrWheelTblSize
                0x000000000000f8a8                OSDataSize
 *fill*         0x000000000000f8aa        0x2 
 .sdata         0x000000000000f8ac       0x14 D:/Dev/vhdl/dev/testNIOS/audioVisualisator_bsp/\libucosii_bsp.a(alt_dev.o)
                0x000000000000f8ac                alt_fs_list
                0x000000000000f8b4                alt_dev_list
                0x000000000000f8bc                alt_max_fd
 .sdata         0x000000000000f8c0        0x4 D:/Dev/vhdl/dev/testNIOS/audioVisualisator_bsp/\libucosii_bsp.a(alt_errno.o)
                0x000000000000f8c0                alt_errno
 .sdata         0x000000000000f8c4        0x4 D:/Dev/vhdl/dev/testNIOS/audioVisualisator_bsp/\libucosii_bsp.a(alt_irq_vars.o)
                0x000000000000f8c4                alt_priority_mask
 .sdata         0x000000000000f8c8        0x8 D:/Dev/vhdl/dev/testNIOS/audioVisualisator_bsp/\libucosii_bsp.a(alt_tick.o)
                0x000000000000f8c8                alt_alarm_list
 *(.sdata2 .sdata2.* .gnu.linkonce.s2.*)
                0x000000000000f8d0                . = ALIGN (0x4)
                0x000000000000f8d0                _edata = ABSOLUTE (.)
                [!provide]                        PROVIDE (edata, ABSOLUTE (.))
                0x000000000000f8d0                PROVIDE (__ram_rwdata_end, ABSOLUTE (.))
                0x000000000000f8d0                PROVIDE (__flash_rwdata_start, LOADADDR (.rwdata))

.bss            0x00000000000117b8     0x73e4
                0x00000000000117b8                __bss_start = ABSOLUTE (.)
                [!provide]                        PROVIDE (__sbss_start, ABSOLUTE (.))
                [!provide]                        PROVIDE (___sbss_start, ABSOLUTE (.))
 *(.dynsbss)
 *(.sbss .sbss.* .gnu.linkonce.sb.*)
 .sbss          0x00000000000117b8        0x8 obj/default/src/Display.o
                0x00000000000117b8                colors
                0x00000000000117bc                prevValues
 .sbss.__malloc_max_total_mem
                0x00000000000117c0        0x4 d:/dev/vhdl/program/nios2eds/bin/gnu/h-x86_64-mingw32/bin/../lib/gcc/nios2-elf/5.3.0/../../../../../H-x86_64-mingw32/nios2-elf/lib/mhw-mulx\libc.a(lib_a-mallocr.o)
                0x00000000000117c0                __malloc_max_total_mem
 .sbss.__malloc_max_sbrked_mem
                0x00000000000117c4        0x4 d:/dev/vhdl/program/nios2eds/bin/gnu/h-x86_64-mingw32/bin/../lib/gcc/nios2-elf/5.3.0/../../../../../H-x86_64-mingw32/nios2-elf/lib/mhw-mulx\libc.a(lib_a-mallocr.o)
                0x00000000000117c4                __malloc_max_sbrked_mem
 .sbss.__malloc_top_pad
                0x00000000000117c8        0x4 d:/dev/vhdl/program/nios2eds/bin/gnu/h-x86_64-mingw32/bin/../lib/gcc/nios2-elf/5.3.0/../../../../../H-x86_64-mingw32/nios2-elf/lib/mhw-mulx\libc.a(lib_a-mallocr.o)
                0x00000000000117c8                __malloc_top_pad
 .sbss          0x00000000000117cc        0x4 d:/dev/vhdl/program/nios2eds/bin/gnu/h-x86_64-mingw32/bin/../lib/gcc/nios2-elf/5.3.0/../../../../../H-x86_64-mingw32/nios2-elf/lib/mhw-mulx\libc.a(lib_a-int_errno.o)
                0x00000000000117cc                errno
 .sbss          0x00000000000117d0        0xc D:/Dev/vhdl/dev/testNIOS/audioVisualisator_bsp/\libucosii_bsp.a(alt_main.o)
                0x00000000000117d0                alt_argc
                0x00000000000117d4                alt_argv
                0x00000000000117d8                alt_envp
 .sbss          0x00000000000117dc        0x8 D:/Dev/vhdl/dev/testNIOS/audioVisualisator_bsp/\libucosii_bsp.a(alt_env_lock.o)
                0x00000000000117e0                alt_envsem
 .sbss          0x00000000000117e4        0x8 D:/Dev/vhdl/dev/testNIOS/audioVisualisator_bsp/\libucosii_bsp.a(alt_malloc_lock.o)
                0x00000000000117e8                alt_heapsem
 .sbss          0x00000000000117ec       0x50 D:/Dev/vhdl/dev/testNIOS/audioVisualisator_bsp/\libucosii_bsp.a(os_core.o)
                0x00000000000117ec                OSLockNesting
                0x00000000000117ed                OSRunning
                0x00000000000117f0                OSIdleCtr
                0x00000000000117f4                OSPrioHighRdy
                0x00000000000117f5                OSPrioCur
                0x00000000000117f8                OSTCBList
                0x00000000000117fc                OSTickStepState
                0x0000000000011800                OSCtxSwCtr
                0x0000000000011804                OSIdleCtrMax
                0x0000000000011808                OSTCBFreeList
                0x000000000001180c                OSCPUUsage
                0x000000000001180d                OSTaskCtr
                0x0000000000011810                OSMemFreeList
                0x0000000000011814                OSTCBHighRdy
                0x0000000000011818                OSQFreeList
                0x000000000001181c                OSRdyGrp
                0x000000000001181d                OSRdyTbl
                0x0000000000011820                OSEventFreeList
                0x0000000000011824                OSIntNesting
                0x0000000000011828                OSTCBCur
                0x000000000001182c                OSTime
                0x0000000000011830                OSFlagFreeList
                0x0000000000011834                OSStatRdy
                0x0000000000011838                OSIdleCtrRun
 .sbss          0x000000000001183c        0x4 D:/Dev/vhdl/dev/testNIOS/audioVisualisator_bsp/\libucosii_bsp.a(alt_dev.o)
                0x000000000001183c                alt_fd_list_lock
 .sbss          0x0000000000011840        0x4 D:/Dev/vhdl/dev/testNIOS/audioVisualisator_bsp/\libucosii_bsp.a(alt_irq_vars.o)
                0x0000000000011840                alt_irq_active
 .sbss          0x0000000000011844        0x8 D:/Dev/vhdl/dev/testNIOS/audioVisualisator_bsp/\libucosii_bsp.a(alt_tick.o)
                0x0000000000011844                _alt_tick_rate
                0x0000000000011848                _alt_nticks
 .sbss          0x000000000001184c        0x4 D:/Dev/vhdl/dev/testNIOS/audioVisualisator_bsp/\libucosii_bsp.a(alt_instruction_exception_entry.o)
                0x000000000001184c                alt_instruction_exception_handler
 *(.sbss2 .sbss2.* .gnu.linkonce.sb2.*)
 *(.scommon)
                [!provide]                        PROVIDE (__sbss_end, ABSOLUTE (.))
                [!provide]                        PROVIDE (___sbss_end, ABSOLUTE (.))
 *(.dynbss)
 *(.bss .bss.* .gnu.linkonce.b.*)
 .bss           0x0000000000011850        0x0 D:/Dev/vhdl/dev/testNIOS/audioVisualisator_bsp//obj/HAL/src/crt0.o
 .bss           0x0000000000011850        0x0 obj/default/hello_ucosii.o
 .bss           0x0000000000011850        0x0 obj/default/src/Display.o
 .bss           0x0000000000011850        0x0 d:/dev/vhdl/program/nios2eds/bin/gnu/h-x86_64-mingw32/bin/../lib/gcc/nios2-elf/5.3.0/../../../../../H-x86_64-mingw32/nios2-elf/lib/mhw-mulx\libc.a(lib_a-malloc.o)
 .bss           0x0000000000011850        0x0 d:/dev/vhdl/program/nios2eds/bin/gnu/h-x86_64-mingw32/bin/../lib/gcc/nios2-elf/5.3.0/../../../../../H-x86_64-mingw32/nios2-elf/lib/mhw-mulx\libc.a(lib_a-mallocr.o)
 .bss.__malloc_current_mallinfo
                0x0000000000011850       0x28 d:/dev/vhdl/program/nios2eds/bin/gnu/h-x86_64-mingw32/bin/../lib/gcc/nios2-elf/5.3.0/../../../../../H-x86_64-mingw32/nios2-elf/lib/mhw-mulx\libc.a(lib_a-mallocr.o)
                0x0000000000011850                __malloc_current_mallinfo
 .bss           0x0000000000011878        0x0 d:/dev/vhdl/program/nios2eds/bin/gnu/h-x86_64-mingw32/bin/../lib/gcc/nios2-elf/5.3.0/../../../../../H-x86_64-mingw32/nios2-elf/lib/mhw-mulx\libc.a(lib_a-rand.o)
 .bss           0x0000000000011878        0x0 d:/dev/vhdl/program/nios2eds/bin/gnu/h-x86_64-mingw32/bin/../lib/gcc/nios2-elf/5.3.0/../../../../../H-x86_64-mingw32/nios2-elf/lib/mhw-mulx\libc.a(lib_a-sbrkr.o)
 .bss           0x0000000000011878        0x0 d:/dev/vhdl/program/nios2eds/bin/gnu/h-x86_64-mingw32/bin/../lib/gcc/nios2-elf/5.3.0/../../../../../H-x86_64-mingw32/nios2-elf/lib/mhw-mulx\libc.a(lib_a-freer.o)
 .bss           0x0000000000011878        0x0 d:/dev/vhdl/program/nios2eds/bin/gnu/h-x86_64-mingw32/bin/../lib/gcc/nios2-elf/5.3.0/../../../../../H-x86_64-mingw32/nios2-elf/lib/mhw-mulx\libc.a(lib_a-impure.o)
 .bss           0x0000000000011878        0x0 d:/dev/vhdl/program/nios2eds/bin/gnu/h-x86_64-mingw32/bin/../lib/gcc/nios2-elf/5.3.0/../../../../../H-x86_64-mingw32/nios2-elf/lib/mhw-mulx\libc.a(lib_a-int_errno.o)
 .bss           0x0000000000011878        0x0 D:/Dev/vhdl/dev/testNIOS/audioVisualisator_bsp/\libucosii_bsp.a(alt_load.o)
 .bss           0x0000000000011878        0x0 D:/Dev/vhdl/dev/testNIOS/audioVisualisator_bsp/\libucosii_bsp.a(alt_main.o)
 .bss           0x0000000000011878        0x0 D:/Dev/vhdl/dev/testNIOS/audioVisualisator_bsp/\libucosii_bsp.a(alt_sbrk.o)
 .bss           0x0000000000011878        0x0 D:/Dev/vhdl/dev/testNIOS/audioVisualisator_bsp/\libucosii_bsp.a(alt_env_lock.o)
 .bss           0x0000000000011878        0x0 D:/Dev/vhdl/dev/testNIOS/audioVisualisator_bsp/\libucosii_bsp.a(alt_malloc_lock.o)
 .bss           0x0000000000011878        0x0 D:/Dev/vhdl/dev/testNIOS/audioVisualisator_bsp/\libucosii_bsp.a(os_core.o)
 .bss           0x0000000000011878        0x0 D:/Dev/vhdl/dev/testNIOS/audioVisualisator_bsp/\libucosii_bsp.a(os_dbg.o)
 .bss           0x0000000000011878        0x0 D:/Dev/vhdl/dev/testNIOS/audioVisualisator_bsp/\libucosii_bsp.a(os_flag.o)
 .bss           0x0000000000011878        0x0 D:/Dev/vhdl/dev/testNIOS/audioVisualisator_bsp/\libucosii_bsp.a(os_mem.o)
 .bss           0x0000000000011878        0x0 D:/Dev/vhdl/dev/testNIOS/audioVisualisator_bsp/\libucosii_bsp.a(os_q.o)
 .bss           0x0000000000011878        0x0 D:/Dev/vhdl/dev/testNIOS/audioVisualisator_bsp/\libucosii_bsp.a(os_sem.o)
 .bss           0x0000000000011878        0x0 D:/Dev/vhdl/dev/testNIOS/audioVisualisator_bsp/\libucosii_bsp.a(os_task.o)
 .bss           0x0000000000011878        0x0 D:/Dev/vhdl/dev/testNIOS/audioVisualisator_bsp/\libucosii_bsp.a(os_time.o)
 .bss           0x0000000000011878        0x0 D:/Dev/vhdl/dev/testNIOS/audioVisualisator_bsp/\libucosii_bsp.a(alt_sys_init.o)
 .bss           0x0000000000011878        0x0 D:/Dev/vhdl/dev/testNIOS/audioVisualisator_bsp/\libucosii_bsp.a(altera_avalon_jtag_uart_fd.o)
 .bss           0x0000000000011878        0x0 D:/Dev/vhdl/dev/testNIOS/audioVisualisator_bsp/\libucosii_bsp.a(altera_avalon_jtag_uart_init.o)
 .bss           0x0000000000011878        0x0 D:/Dev/vhdl/dev/testNIOS/audioVisualisator_bsp/\libucosii_bsp.a(altera_avalon_jtag_uart_ioctl.o)
 .bss           0x0000000000011878        0x0 D:/Dev/vhdl/dev/testNIOS/audioVisualisator_bsp/\libucosii_bsp.a(altera_avalon_jtag_uart_read.o)
 .bss           0x0000000000011878        0x0 D:/Dev/vhdl/dev/testNIOS/audioVisualisator_bsp/\libucosii_bsp.a(altera_avalon_jtag_uart_write.o)
 .bss           0x0000000000011878        0x0 D:/Dev/vhdl/dev/testNIOS/audioVisualisator_bsp/\libucosii_bsp.a(altera_avalon_timer_sc.o)
 .bss           0x0000000000011878        0x0 D:/Dev/vhdl/dev/testNIOS/audioVisualisator_bsp/\libucosii_bsp.a(altera_up_avalon_character_lcd.o)
 .bss           0x0000000000011878        0x0 D:/Dev/vhdl/dev/testNIOS/audioVisualisator_bsp/\libucosii_bsp.a(altera_up_avalon_irda.o)
 .bss           0x0000000000011878        0x0 D:/Dev/vhdl/dev/testNIOS/audioVisualisator_bsp/\libucosii_bsp.a(altera_up_avalon_ps2.o)
 .bss           0x0000000000011878        0x0 D:/Dev/vhdl/dev/testNIOS/audioVisualisator_bsp/\libucosii_bsp.a(altera_up_avalon_rs232.o)
 .bss           0x0000000000011878        0x0 D:/Dev/vhdl/dev/testNIOS/audioVisualisator_bsp/\libucosii_bsp.a(alt_alarm_start.o)
 .bss           0x0000000000011878        0x0 D:/Dev/vhdl/dev/testNIOS/audioVisualisator_bsp/\libucosii_bsp.a(alt_close.o)
 .bss           0x0000000000011878        0x0 D:/Dev/vhdl/dev/testNIOS/audioVisualisator_bsp/\libucosii_bsp.a(alt_dcache_flush_all.o)
 .bss           0x0000000000011878        0x0 D:/Dev/vhdl/dev/testNIOS/audioVisualisator_bsp/\libucosii_bsp.a(alt_dev.o)
 .bss           0x0000000000011878        0x0 D:/Dev/vhdl/dev/testNIOS/audioVisualisator_bsp/\libucosii_bsp.a(alt_dev_llist_insert.o)
 .bss           0x0000000000011878        0x0 D:/Dev/vhdl/dev/testNIOS/audioVisualisator_bsp/\libucosii_bsp.a(alt_do_ctors.o)
 .bss           0x0000000000011878        0x0 D:/Dev/vhdl/dev/testNIOS/audioVisualisator_bsp/\libucosii_bsp.a(alt_do_dtors.o)
 .bss           0x0000000000011878        0x0 D:/Dev/vhdl/dev/testNIOS/audioVisualisator_bsp/\libucosii_bsp.a(alt_errno.o)
 .bss           0x0000000000011878        0x0 D:/Dev/vhdl/dev/testNIOS/audioVisualisator_bsp/\libucosii_bsp.a(alt_find_dev.o)
 .bss           0x0000000000011878        0x0 D:/Dev/vhdl/dev/testNIOS/audioVisualisator_bsp/\libucosii_bsp.a(alt_icache_flush_all.o)
 .bss           0x0000000000011878        0x0 D:/Dev/vhdl/dev/testNIOS/audioVisualisator_bsp/\libucosii_bsp.a(alt_io_redirect.o)
 .bss           0x0000000000011878        0x0 D:/Dev/vhdl/dev/testNIOS/audioVisualisator_bsp/\libucosii_bsp.a(alt_irq_register.o)
 .bss           0x0000000000011878        0x0 D:/Dev/vhdl/dev/testNIOS/audioVisualisator_bsp/\libucosii_bsp.a(alt_irq_vars.o)
 .bss           0x0000000000011878        0x0 D:/Dev/vhdl/dev/testNIOS/audioVisualisator_bsp/\libucosii_bsp.a(alt_open.o)
 .bss           0x0000000000011878        0x0 D:/Dev/vhdl/dev/testNIOS/audioVisualisator_bsp/\libucosii_bsp.a(alt_release_fd.o)
 .bss           0x0000000000011878        0x0 D:/Dev/vhdl/dev/testNIOS/audioVisualisator_bsp/\libucosii_bsp.a(alt_tick.o)
 .bss           0x0000000000011878        0x0 D:/Dev/vhdl/dev/testNIOS/audioVisualisator_bsp/\libucosii_bsp.a(altera_nios2_gen2_irq.o)
 .bss           0x0000000000011878        0x0 D:/Dev/vhdl/dev/testNIOS/audioVisualisator_bsp/\libucosii_bsp.a(os_cpu_a.o)
 .bss           0x0000000000011878        0x0 D:/Dev/vhdl/dev/testNIOS/audioVisualisator_bsp/\libucosii_bsp.a(os_cpu_c.o)
 .bss           0x0000000000011878        0x0 D:/Dev/vhdl/dev/testNIOS/audioVisualisator_bsp/\libucosii_bsp.a(alt_find_file.o)
 .bss           0x0000000000011878        0x0 D:/Dev/vhdl/dev/testNIOS/audioVisualisator_bsp/\libucosii_bsp.a(alt_get_fd.o)
 .bss           0x0000000000011878        0x0 D:/Dev/vhdl/dev/testNIOS/audioVisualisator_bsp/\libucosii_bsp.a(alt_icache_flush.o)
 .bss           0x0000000000011878        0x0 D:/Dev/vhdl/dev/testNIOS/audioVisualisator_bsp/\libucosii_bsp.a(alt_irq_entry.o)
 .bss           0x0000000000011878        0x0 D:/Dev/vhdl/dev/testNIOS/audioVisualisator_bsp/\libucosii_bsp.a(alt_irq_handler.o)
 .bss           0x0000000000011878        0x0 D:/Dev/vhdl/dev/testNIOS/audioVisualisator_bsp/\libucosii_bsp.a(alt_exception_entry.o)
 .bss           0x0000000000011878        0x0 D:/Dev/vhdl/dev/testNIOS/audioVisualisator_bsp/\libucosii_bsp.a(alt_instruction_exception_entry.o)
 .bss           0x0000000000011878        0x0 d:/dev/vhdl/program/nios2eds/bin/gnu/h-x86_64-mingw32/bin/../lib/gcc/nios2-elf/5.3.0/../../../../../H-x86_64-mingw32/nios2-elf/lib/mhw-mulx\libc.a(lib_a-atexit.o)
 .bss           0x0000000000011878        0x0 d:/dev/vhdl/program/nios2eds/bin/gnu/h-x86_64-mingw32/bin/../lib/gcc/nios2-elf/5.3.0/../../../../../H-x86_64-mingw32/nios2-elf/lib/mhw-mulx\libc.a(lib_a-exit.o)
 .bss           0x0000000000011878        0x0 d:/dev/vhdl/program/nios2eds/bin/gnu/h-x86_64-mingw32/bin/../lib/gcc/nios2-elf/5.3.0/../../../../../H-x86_64-mingw32/nios2-elf/lib/mhw-mulx\libc.a(lib_a-memcmp.o)
 .bss           0x0000000000011878        0x0 d:/dev/vhdl/program/nios2eds/bin/gnu/h-x86_64-mingw32/bin/../lib/gcc/nios2-elf/5.3.0/../../../../../H-x86_64-mingw32/nios2-elf/lib/mhw-mulx\libc.a(lib_a-memcpy.o)
 .bss           0x0000000000011878        0x0 d:/dev/vhdl/program/nios2eds/bin/gnu/h-x86_64-mingw32/bin/../lib/gcc/nios2-elf/5.3.0/../../../../../H-x86_64-mingw32/nios2-elf/lib/mhw-mulx\libc.a(lib_a-memset.o)
 .bss           0x0000000000011878        0x0 d:/dev/vhdl/program/nios2eds/bin/gnu/h-x86_64-mingw32/bin/../lib/gcc/nios2-elf/5.3.0/../../../../../H-x86_64-mingw32/nios2-elf/lib/mhw-mulx\libc.a(lib_a-strlen.o)
 .bss           0x0000000000011878        0x0 d:/dev/vhdl/program/nios2eds/bin/gnu/h-x86_64-mingw32/bin/../lib/gcc/nios2-elf/5.3.0/../../../../../H-x86_64-mingw32/nios2-elf/lib/mhw-mulx\libc.a(lib_a-__atexit.o)
 .bss           0x0000000000011878        0x0 d:/dev/vhdl/program/nios2eds/bin/gnu/h-x86_64-mingw32/bin/../lib/gcc/nios2-elf/5.3.0/../../../../../H-x86_64-mingw32/nios2-elf/lib/mhw-mulx\libc.a(lib_a-__call_atexit.o)
 .bss           0x0000000000011878        0x0 D:/Dev/vhdl/dev/testNIOS/audioVisualisator_bsp/\libucosii_bsp.a(alt_exit.o)
 *(COMMON)
 COMMON         0x0000000000011878     0x4000 obj/default/hello_ucosii.o
                0x0000000000011878                task1_stk
                0x0000000000013878                task2_stk
 COMMON         0x0000000000015878     0x3224 D:/Dev/vhdl/dev/testNIOS/audioVisualisator_bsp/\libucosii_bsp.a(os_core.o)
                0x0000000000015878                OSFlagTbl
                0x0000000000015be8                OSMemTbl
                0x0000000000016818                OSTaskStatStk
                0x0000000000017018                OSQTbl
                0x00000000000171f8                OSTaskIdleStk
                0x00000000000179f8                OSEventTbl
                0x0000000000018538                OSTCBTbl
                0x0000000000018a48                OSTCBPrioTbl
 COMMON         0x0000000000018a9c      0x100 D:/Dev/vhdl/dev/testNIOS/audioVisualisator_bsp/\libucosii_bsp.a(alt_irq_handler.o)
                0x0000000000018a9c                alt_irq
                0x0000000000018b9c                . = ALIGN (0x4)
                0x0000000000018b9c                __bss_end = ABSOLUTE (.)

.SDRAM          0x0000000000018b9c        0x0
                [!provide]                        PROVIDE (_alt_partition_SDRAM_start, ABSOLUTE (.))
 *(.SDRAM .SDRAM. SDRAM.*)
                0x0000000000018b9c                . = ALIGN (0x4)
                [!provide]                        PROVIDE (_alt_partition_SDRAM_end, ABSOLUTE (.))
                0x0000000000018b9c                _end = ABSOLUTE (.)
                0x0000000000018b9c                end = ABSOLUTE (.)
                0x0000000000018b9c                __alt_stack_base = ABSOLUTE (.)
                [!provide]                        PROVIDE (_alt_partition_SDRAM_load_addr, LOADADDR (.SDRAM))

.VGA_Subsystem_Char_Buf_Subsystem_Onchip_SRAM
                0x0000000009000000        0x0 load address 0x0000000000018b9c
                [!provide]                        PROVIDE (_alt_partition_VGA_Subsystem_Char_Buf_Subsystem_Onchip_SRAM_start, ABSOLUTE (.))
 *(.VGA_Subsystem_Char_Buf_Subsystem_Onchip_SRAM .VGA_Subsystem_Char_Buf_Subsystem_Onchip_SRAM. VGA_Subsystem_Char_Buf_Subsystem_Onchip_SRAM.*)
                0x0000000009000000                . = ALIGN (0x4)
                [!provide]                        PROVIDE (_alt_partition_VGA_Subsystem_Char_Buf_Subsystem_Onchip_SRAM_end, ABSOLUTE (.))
                [!provide]                        PROVIDE (_alt_partition_VGA_Subsystem_Char_Buf_Subsystem_Onchip_SRAM_load_addr, LOADADDR (.VGA_Subsystem_Char_Buf_Subsystem_Onchip_SRAM))

.stab
 *(.stab)

.stabstr
 *(.stabstr)

.stab.excl
 *(.stab.excl)

.stab.exclstr
 *(.stab.exclstr)

.stab.index
 *(.stab.index)

.stab.indexstr
 *(.stab.indexstr)

.comment        0x0000000000000000       0x23
 *(.comment)
 .comment       0x0000000000000000       0x23 obj/default/hello_ucosii.o
                                         0x24 (size before relaxing)
 .comment       0x0000000000000023       0x24 obj/default/src/Display.o
 .comment       0x0000000000000023       0x24 d:/dev/vhdl/program/nios2eds/bin/gnu/h-x86_64-mingw32/bin/../lib/gcc/nios2-elf/5.3.0/../../../../../H-x86_64-mingw32/nios2-elf/lib/mhw-mulx\libc.a(lib_a-malloc.o)
 .comment       0x0000000000000023       0x24 d:/dev/vhdl/program/nios2eds/bin/gnu/h-x86_64-mingw32/bin/../lib/gcc/nios2-elf/5.3.0/../../../../../H-x86_64-mingw32/nios2-elf/lib/mhw-mulx\libc.a(lib_a-mallocr.o)
 .comment       0x0000000000000023       0x24 d:/dev/vhdl/program/nios2eds/bin/gnu/h-x86_64-mingw32/bin/../lib/gcc/nios2-elf/5.3.0/../../../../../H-x86_64-mingw32/nios2-elf/lib/mhw-mulx\libc.a(lib_a-rand.o)
 .comment       0x0000000000000023       0x24 d:/dev/vhdl/program/nios2eds/bin/gnu/h-x86_64-mingw32/bin/../lib/gcc/nios2-elf/5.3.0/../../../../../H-x86_64-mingw32/nios2-elf/lib/mhw-mulx\libc.a(lib_a-sbrkr.o)
 .comment       0x0000000000000023       0x24 d:/dev/vhdl/program/nios2eds/bin/gnu/h-x86_64-mingw32/bin/../lib/gcc/nios2-elf/5.3.0/../../../../../H-x86_64-mingw32/nios2-elf/lib/mhw-mulx\libc.a(lib_a-freer.o)
 .comment       0x0000000000000023       0x24 d:/dev/vhdl/program/nios2eds/bin/gnu/h-x86_64-mingw32/bin/../lib/gcc/nios2-elf/5.3.0/../../../../../H-x86_64-mingw32/nios2-elf/lib/mhw-mulx\libc.a(lib_a-impure.o)
 .comment       0x0000000000000023       0x24 d:/dev/vhdl/program/nios2eds/bin/gnu/h-x86_64-mingw32/bin/../lib/gcc/nios2-elf/5.3.0/../../../../../H-x86_64-mingw32/nios2-elf/lib/mhw-mulx\libc.a(lib_a-int_errno.o)
 .comment       0x0000000000000023       0x24 D:/Dev/vhdl/dev/testNIOS/audioVisualisator_bsp/\libucosii_bsp.a(alt_load.o)
 .comment       0x0000000000000023       0x24 D:/Dev/vhdl/dev/testNIOS/audioVisualisator_bsp/\libucosii_bsp.a(alt_main.o)
 .comment       0x0000000000000023       0x24 D:/Dev/vhdl/dev/testNIOS/audioVisualisator_bsp/\libucosii_bsp.a(alt_sbrk.o)
 .comment       0x0000000000000023       0x24 D:/Dev/vhdl/dev/testNIOS/audioVisualisator_bsp/\libucosii_bsp.a(alt_env_lock.o)
 .comment       0x0000000000000023       0x24 D:/Dev/vhdl/dev/testNIOS/audioVisualisator_bsp/\libucosii_bsp.a(alt_malloc_lock.o)
 .comment       0x0000000000000023       0x24 D:/Dev/vhdl/dev/testNIOS/audioVisualisator_bsp/\libucosii_bsp.a(os_core.o)
 .comment       0x0000000000000023       0x24 D:/Dev/vhdl/dev/testNIOS/audioVisualisator_bsp/\libucosii_bsp.a(os_dbg.o)
 .comment       0x0000000000000023       0x24 D:/Dev/vhdl/dev/testNIOS/audioVisualisator_bsp/\libucosii_bsp.a(os_flag.o)
 .comment       0x0000000000000023       0x24 D:/Dev/vhdl/dev/testNIOS/audioVisualisator_bsp/\libucosii_bsp.a(os_mem.o)
 .comment       0x0000000000000023       0x24 D:/Dev/vhdl/dev/testNIOS/audioVisualisator_bsp/\libucosii_bsp.a(os_q.o)
 .comment       0x0000000000000023       0x24 D:/Dev/vhdl/dev/testNIOS/audioVisualisator_bsp/\libucosii_bsp.a(os_sem.o)
 .comment       0x0000000000000023       0x24 D:/Dev/vhdl/dev/testNIOS/audioVisualisator_bsp/\libucosii_bsp.a(os_task.o)
 .comment       0x0000000000000023       0x24 D:/Dev/vhdl/dev/testNIOS/audioVisualisator_bsp/\libucosii_bsp.a(os_time.o)
 .comment       0x0000000000000023       0x24 D:/Dev/vhdl/dev/testNIOS/audioVisualisator_bsp/\libucosii_bsp.a(alt_sys_init.o)
 .comment       0x0000000000000023       0x24 D:/Dev/vhdl/dev/testNIOS/audioVisualisator_bsp/\libucosii_bsp.a(altera_avalon_jtag_uart_fd.o)
 .comment       0x0000000000000023       0x24 D:/Dev/vhdl/dev/testNIOS/audioVisualisator_bsp/\libucosii_bsp.a(altera_avalon_jtag_uart_init.o)
 .comment       0x0000000000000023       0x24 D:/Dev/vhdl/dev/testNIOS/audioVisualisator_bsp/\libucosii_bsp.a(altera_avalon_jtag_uart_ioctl.o)
 .comment       0x0000000000000023       0x24 D:/Dev/vhdl/dev/testNIOS/audioVisualisator_bsp/\libucosii_bsp.a(altera_avalon_jtag_uart_read.o)
 .comment       0x0000000000000023       0x24 D:/Dev/vhdl/dev/testNIOS/audioVisualisator_bsp/\libucosii_bsp.a(altera_avalon_jtag_uart_write.o)
 .comment       0x0000000000000023       0x24 D:/Dev/vhdl/dev/testNIOS/audioVisualisator_bsp/\libucosii_bsp.a(altera_avalon_timer_sc.o)
 .comment       0x0000000000000023       0x24 D:/Dev/vhdl/dev/testNIOS/audioVisualisator_bsp/\libucosii_bsp.a(altera_up_avalon_character_lcd.o)
 .comment       0x0000000000000023       0x24 D:/Dev/vhdl/dev/testNIOS/audioVisualisator_bsp/\libucosii_bsp.a(altera_up_avalon_irda.o)
 .comment       0x0000000000000023       0x24 D:/Dev/vhdl/dev/testNIOS/audioVisualisator_bsp/\libucosii_bsp.a(altera_up_avalon_ps2.o)
 .comment       0x0000000000000023       0x24 D:/Dev/vhdl/dev/testNIOS/audioVisualisator_bsp/\libucosii_bsp.a(altera_up_avalon_rs232.o)
 .comment       0x0000000000000023       0x24 D:/Dev/vhdl/dev/testNIOS/audioVisualisator_bsp/\libucosii_bsp.a(alt_alarm_start.o)
 .comment       0x0000000000000023       0x24 D:/Dev/vhdl/dev/testNIOS/audioVisualisator_bsp/\libucosii_bsp.a(alt_close.o)
 .comment       0x0000000000000023       0x24 D:/Dev/vhdl/dev/testNIOS/audioVisualisator_bsp/\libucosii_bsp.a(alt_dcache_flush_all.o)
 .comment       0x0000000000000023       0x24 D:/Dev/vhdl/dev/testNIOS/audioVisualisator_bsp/\libucosii_bsp.a(alt_dev.o)
 .comment       0x0000000000000023       0x24 D:/Dev/vhdl/dev/testNIOS/audioVisualisator_bsp/\libucosii_bsp.a(alt_dev_llist_insert.o)
 .comment       0x0000000000000023       0x24 D:/Dev/vhdl/dev/testNIOS/audioVisualisator_bsp/\libucosii_bsp.a(alt_do_ctors.o)
 .comment       0x0000000000000023       0x24 D:/Dev/vhdl/dev/testNIOS/audioVisualisator_bsp/\libucosii_bsp.a(alt_do_dtors.o)
 .comment       0x0000000000000023       0x24 D:/Dev/vhdl/dev/testNIOS/audioVisualisator_bsp/\libucosii_bsp.a(alt_errno.o)
 .comment       0x0000000000000023       0x24 D:/Dev/vhdl/dev/testNIOS/audioVisualisator_bsp/\libucosii_bsp.a(alt_find_dev.o)
 .comment       0x0000000000000023       0x24 D:/Dev/vhdl/dev/testNIOS/audioVisualisator_bsp/\libucosii_bsp.a(alt_icache_flush_all.o)
 .comment       0x0000000000000023       0x24 D:/Dev/vhdl/dev/testNIOS/audioVisualisator_bsp/\libucosii_bsp.a(alt_io_redirect.o)
 .comment       0x0000000000000023       0x24 D:/Dev/vhdl/dev/testNIOS/audioVisualisator_bsp/\libucosii_bsp.a(alt_irq_register.o)
 .comment       0x0000000000000023       0x24 D:/Dev/vhdl/dev/testNIOS/audioVisualisator_bsp/\libucosii_bsp.a(alt_irq_vars.o)
 .comment       0x0000000000000023       0x24 D:/Dev/vhdl/dev/testNIOS/audioVisualisator_bsp/\libucosii_bsp.a(alt_open.o)
 .comment       0x0000000000000023       0x24 D:/Dev/vhdl/dev/testNIOS/audioVisualisator_bsp/\libucosii_bsp.a(alt_release_fd.o)
 .comment       0x0000000000000023       0x24 D:/Dev/vhdl/dev/testNIOS/audioVisualisator_bsp/\libucosii_bsp.a(alt_tick.o)
 .comment       0x0000000000000023       0x24 D:/Dev/vhdl/dev/testNIOS/audioVisualisator_bsp/\libucosii_bsp.a(altera_nios2_gen2_irq.o)
 .comment       0x0000000000000023       0x24 D:/Dev/vhdl/dev/testNIOS/audioVisualisator_bsp/\libucosii_bsp.a(os_cpu_c.o)
 .comment       0x0000000000000023       0x24 D:/Dev/vhdl/dev/testNIOS/audioVisualisator_bsp/\libucosii_bsp.a(alt_find_file.o)
 .comment       0x0000000000000023       0x24 D:/Dev/vhdl/dev/testNIOS/audioVisualisator_bsp/\libucosii_bsp.a(alt_get_fd.o)
 .comment       0x0000000000000023       0x24 D:/Dev/vhdl/dev/testNIOS/audioVisualisator_bsp/\libucosii_bsp.a(alt_icache_flush.o)
 .comment       0x0000000000000023       0x24 D:/Dev/vhdl/dev/testNIOS/audioVisualisator_bsp/\libucosii_bsp.a(alt_irq_handler.o)
 .comment       0x0000000000000023       0x24 D:/Dev/vhdl/dev/testNIOS/audioVisualisator_bsp/\libucosii_bsp.a(alt_instruction_exception_entry.o)
 .comment       0x0000000000000023       0x24 d:/dev/vhdl/program/nios2eds/bin/gnu/h-x86_64-mingw32/bin/../lib/gcc/nios2-elf/5.3.0/../../../../../H-x86_64-mingw32/nios2-elf/lib/mhw-mulx\libc.a(lib_a-atexit.o)
 .comment       0x0000000000000023       0x24 d:/dev/vhdl/program/nios2eds/bin/gnu/h-x86_64-mingw32/bin/../lib/gcc/nios2-elf/5.3.0/../../../../../H-x86_64-mingw32/nios2-elf/lib/mhw-mulx\libc.a(lib_a-exit.o)
 .comment       0x0000000000000023       0x24 d:/dev/vhdl/program/nios2eds/bin/gnu/h-x86_64-mingw32/bin/../lib/gcc/nios2-elf/5.3.0/../../../../../H-x86_64-mingw32/nios2-elf/lib/mhw-mulx\libc.a(lib_a-memcmp.o)
 .comment       0x0000000000000023       0x24 d:/dev/vhdl/program/nios2eds/bin/gnu/h-x86_64-mingw32/bin/../lib/gcc/nios2-elf/5.3.0/../../../../../H-x86_64-mingw32/nios2-elf/lib/mhw-mulx\libc.a(lib_a-memcpy.o)
 .comment       0x0000000000000023       0x24 d:/dev/vhdl/program/nios2eds/bin/gnu/h-x86_64-mingw32/bin/../lib/gcc/nios2-elf/5.3.0/../../../../../H-x86_64-mingw32/nios2-elf/lib/mhw-mulx\libc.a(lib_a-memset.o)
 .comment       0x0000000000000023       0x24 d:/dev/vhdl/program/nios2eds/bin/gnu/h-x86_64-mingw32/bin/../lib/gcc/nios2-elf/5.3.0/../../../../../H-x86_64-mingw32/nios2-elf/lib/mhw-mulx\libc.a(lib_a-strlen.o)
 .comment       0x0000000000000023       0x24 d:/dev/vhdl/program/nios2eds/bin/gnu/h-x86_64-mingw32/bin/../lib/gcc/nios2-elf/5.3.0/../../../../../H-x86_64-mingw32/nios2-elf/lib/mhw-mulx\libc.a(lib_a-__atexit.o)
 .comment       0x0000000000000023       0x24 d:/dev/vhdl/program/nios2eds/bin/gnu/h-x86_64-mingw32/bin/../lib/gcc/nios2-elf/5.3.0/../../../../../H-x86_64-mingw32/nios2-elf/lib/mhw-mulx\libc.a(lib_a-__call_atexit.o)
 .comment       0x0000000000000023       0x24 D:/Dev/vhdl/dev/testNIOS/audioVisualisator_bsp/\libucosii_bsp.a(alt_exit.o)

.debug
 *(.debug)

.line
 *(.line)

.debug_srcinfo
 *(.debug_srcinfo)

.debug_sfnames
 *(.debug_sfnames)

.debug_aranges  0x0000000000000000      0x8d0
 *(.debug_aranges)
 .debug_aranges
                0x0000000000000000       0x28 D:/Dev/vhdl/dev/testNIOS/audioVisualisator_bsp//obj/HAL/src/crt0.o
 .debug_aranges
                0x0000000000000028       0x20 obj/default/hello_ucosii.o
 .debug_aranges
                0x0000000000000048       0x20 obj/default/src/Display.o
 .debug_aranges
                0x0000000000000068       0x28 d:/dev/vhdl/program/nios2eds/bin/gnu/h-x86_64-mingw32/bin/../lib/gcc/nios2-elf/5.3.0/../../../../../H-x86_64-mingw32/nios2-elf/lib/mhw-mulx\libc.a(lib_a-malloc.o)
 .debug_aranges
                0x0000000000000090       0x20 d:/dev/vhdl/program/nios2eds/bin/gnu/h-x86_64-mingw32/bin/../lib/gcc/nios2-elf/5.3.0/../../../../../H-x86_64-mingw32/nios2-elf/lib/mhw-mulx\libc.a(lib_a-mallocr.o)
 .debug_aranges
                0x00000000000000b0       0x28 d:/dev/vhdl/program/nios2eds/bin/gnu/h-x86_64-mingw32/bin/../lib/gcc/nios2-elf/5.3.0/../../../../../H-x86_64-mingw32/nios2-elf/lib/mhw-mulx\libc.a(lib_a-rand.o)
 .debug_aranges
                0x00000000000000d8       0x20 d:/dev/vhdl/program/nios2eds/bin/gnu/h-x86_64-mingw32/bin/../lib/gcc/nios2-elf/5.3.0/../../../../../H-x86_64-mingw32/nios2-elf/lib/mhw-mulx\libc.a(lib_a-sbrkr.o)
 .debug_aranges
                0x00000000000000f8       0x28 d:/dev/vhdl/program/nios2eds/bin/gnu/h-x86_64-mingw32/bin/../lib/gcc/nios2-elf/5.3.0/../../../../../H-x86_64-mingw32/nios2-elf/lib/mhw-mulx\libc.a(lib_a-freer.o)
 .debug_aranges
                0x0000000000000120       0x18 d:/dev/vhdl/program/nios2eds/bin/gnu/h-x86_64-mingw32/bin/../lib/gcc/nios2-elf/5.3.0/../../../../../H-x86_64-mingw32/nios2-elf/lib/mhw-mulx\libc.a(lib_a-impure.o)
 .debug_aranges
                0x0000000000000138       0x18 d:/dev/vhdl/program/nios2eds/bin/gnu/h-x86_64-mingw32/bin/../lib/gcc/nios2-elf/5.3.0/../../../../../H-x86_64-mingw32/nios2-elf/lib/mhw-mulx\libc.a(lib_a-int_errno.o)
 .debug_aranges
                0x0000000000000150       0x20 D:/Dev/vhdl/dev/testNIOS/audioVisualisator_bsp/\libucosii_bsp.a(alt_load.o)
 .debug_aranges
                0x0000000000000170       0x20 D:/Dev/vhdl/dev/testNIOS/audioVisualisator_bsp/\libucosii_bsp.a(alt_main.o)
 .debug_aranges
                0x0000000000000190       0x20 D:/Dev/vhdl/dev/testNIOS/audioVisualisator_bsp/\libucosii_bsp.a(alt_sbrk.o)
 .debug_aranges
                0x00000000000001b0       0x20 D:/Dev/vhdl/dev/testNIOS/audioVisualisator_bsp/\libucosii_bsp.a(alt_env_lock.o)
 .debug_aranges
                0x00000000000001d0       0x20 D:/Dev/vhdl/dev/testNIOS/audioVisualisator_bsp/\libucosii_bsp.a(alt_malloc_lock.o)
 .debug_aranges
                0x00000000000001f0       0x20 D:/Dev/vhdl/dev/testNIOS/audioVisualisator_bsp/\libucosii_bsp.a(os_core.o)
 .debug_aranges
                0x0000000000000210       0x20 D:/Dev/vhdl/dev/testNIOS/audioVisualisator_bsp/\libucosii_bsp.a(os_dbg.o)
 .debug_aranges
                0x0000000000000230       0x20 D:/Dev/vhdl/dev/testNIOS/audioVisualisator_bsp/\libucosii_bsp.a(os_flag.o)
 .debug_aranges
                0x0000000000000250       0x20 D:/Dev/vhdl/dev/testNIOS/audioVisualisator_bsp/\libucosii_bsp.a(os_mem.o)
 .debug_aranges
                0x0000000000000270       0x20 D:/Dev/vhdl/dev/testNIOS/audioVisualisator_bsp/\libucosii_bsp.a(os_q.o)
 .debug_aranges
                0x0000000000000290       0x20 D:/Dev/vhdl/dev/testNIOS/audioVisualisator_bsp/\libucosii_bsp.a(os_sem.o)
 .debug_aranges
                0x00000000000002b0       0x20 D:/Dev/vhdl/dev/testNIOS/audioVisualisator_bsp/\libucosii_bsp.a(os_task.o)
 .debug_aranges
                0x00000000000002d0       0x20 D:/Dev/vhdl/dev/testNIOS/audioVisualisator_bsp/\libucosii_bsp.a(os_time.o)
 .debug_aranges
                0x00000000000002f0       0x20 D:/Dev/vhdl/dev/testNIOS/audioVisualisator_bsp/\libucosii_bsp.a(alt_sys_init.o)
 .debug_aranges
                0x0000000000000310       0x20 D:/Dev/vhdl/dev/testNIOS/audioVisualisator_bsp/\libucosii_bsp.a(altera_avalon_jtag_uart_fd.o)
 .debug_aranges
                0x0000000000000330       0x20 D:/Dev/vhdl/dev/testNIOS/audioVisualisator_bsp/\libucosii_bsp.a(altera_avalon_jtag_uart_init.o)
 .debug_aranges
                0x0000000000000350       0x20 D:/Dev/vhdl/dev/testNIOS/audioVisualisator_bsp/\libucosii_bsp.a(altera_avalon_jtag_uart_ioctl.o)
 .debug_aranges
                0x0000000000000370       0x20 D:/Dev/vhdl/dev/testNIOS/audioVisualisator_bsp/\libucosii_bsp.a(altera_avalon_jtag_uart_read.o)
 .debug_aranges
                0x0000000000000390       0x20 D:/Dev/vhdl/dev/testNIOS/audioVisualisator_bsp/\libucosii_bsp.a(altera_avalon_jtag_uart_write.o)
 .debug_aranges
                0x00000000000003b0       0x20 D:/Dev/vhdl/dev/testNIOS/audioVisualisator_bsp/\libucosii_bsp.a(altera_avalon_timer_sc.o)
 .debug_aranges
                0x00000000000003d0       0x20 D:/Dev/vhdl/dev/testNIOS/audioVisualisator_bsp/\libucosii_bsp.a(altera_up_avalon_character_lcd.o)
 .debug_aranges
                0x00000000000003f0       0x20 D:/Dev/vhdl/dev/testNIOS/audioVisualisator_bsp/\libucosii_bsp.a(altera_up_avalon_irda.o)
 .debug_aranges
                0x0000000000000410       0x20 D:/Dev/vhdl/dev/testNIOS/audioVisualisator_bsp/\libucosii_bsp.a(altera_up_avalon_ps2.o)
 .debug_aranges
                0x0000000000000430       0x20 D:/Dev/vhdl/dev/testNIOS/audioVisualisator_bsp/\libucosii_bsp.a(altera_up_avalon_rs232.o)
 .debug_aranges
                0x0000000000000450       0x20 D:/Dev/vhdl/dev/testNIOS/audioVisualisator_bsp/\libucosii_bsp.a(alt_alarm_start.o)
 .debug_aranges
                0x0000000000000470       0x20 D:/Dev/vhdl/dev/testNIOS/audioVisualisator_bsp/\libucosii_bsp.a(alt_close.o)
 .debug_aranges
                0x0000000000000490       0x20 D:/Dev/vhdl/dev/testNIOS/audioVisualisator_bsp/\libucosii_bsp.a(alt_dcache_flush_all.o)
 .debug_aranges
                0x00000000000004b0       0x20 D:/Dev/vhdl/dev/testNIOS/audioVisualisator_bsp/\libucosii_bsp.a(alt_dev.o)
 .debug_aranges
                0x00000000000004d0       0x20 D:/Dev/vhdl/dev/testNIOS/audioVisualisator_bsp/\libucosii_bsp.a(alt_dev_llist_insert.o)
 .debug_aranges
                0x00000000000004f0       0x20 D:/Dev/vhdl/dev/testNIOS/audioVisualisator_bsp/\libucosii_bsp.a(alt_do_ctors.o)
 .debug_aranges
                0x0000000000000510       0x20 D:/Dev/vhdl/dev/testNIOS/audioVisualisator_bsp/\libucosii_bsp.a(alt_do_dtors.o)
 .debug_aranges
                0x0000000000000530       0x18 D:/Dev/vhdl/dev/testNIOS/audioVisualisator_bsp/\libucosii_bsp.a(alt_errno.o)
 .debug_aranges
                0x0000000000000548       0x20 D:/Dev/vhdl/dev/testNIOS/audioVisualisator_bsp/\libucosii_bsp.a(alt_find_dev.o)
 .debug_aranges
                0x0000000000000568       0x20 D:/Dev/vhdl/dev/testNIOS/audioVisualisator_bsp/\libucosii_bsp.a(alt_icache_flush_all.o)
 .debug_aranges
                0x0000000000000588       0x20 D:/Dev/vhdl/dev/testNIOS/audioVisualisator_bsp/\libucosii_bsp.a(alt_io_redirect.o)
 .debug_aranges
                0x00000000000005a8       0x20 D:/Dev/vhdl/dev/testNIOS/audioVisualisator_bsp/\libucosii_bsp.a(alt_irq_register.o)
 .debug_aranges
                0x00000000000005c8       0x18 D:/Dev/vhdl/dev/testNIOS/audioVisualisator_bsp/\libucosii_bsp.a(alt_irq_vars.o)
 .debug_aranges
                0x00000000000005e0       0x20 D:/Dev/vhdl/dev/testNIOS/audioVisualisator_bsp/\libucosii_bsp.a(alt_open.o)
 .debug_aranges
                0x0000000000000600       0x20 D:/Dev/vhdl/dev/testNIOS/audioVisualisator_bsp/\libucosii_bsp.a(alt_release_fd.o)
 .debug_aranges
                0x0000000000000620       0x20 D:/Dev/vhdl/dev/testNIOS/audioVisualisator_bsp/\libucosii_bsp.a(alt_tick.o)
 .debug_aranges
                0x0000000000000640       0x20 D:/Dev/vhdl/dev/testNIOS/audioVisualisator_bsp/\libucosii_bsp.a(altera_nios2_gen2_irq.o)
 .debug_aranges
                0x0000000000000660       0x20 D:/Dev/vhdl/dev/testNIOS/audioVisualisator_bsp/\libucosii_bsp.a(os_cpu_a.o)
 .debug_aranges
                0x0000000000000680       0x20 D:/Dev/vhdl/dev/testNIOS/audioVisualisator_bsp/\libucosii_bsp.a(os_cpu_c.o)
 .debug_aranges
                0x00000000000006a0       0x20 D:/Dev/vhdl/dev/testNIOS/audioVisualisator_bsp/\libucosii_bsp.a(alt_find_file.o)
 .debug_aranges
                0x00000000000006c0       0x20 D:/Dev/vhdl/dev/testNIOS/audioVisualisator_bsp/\libucosii_bsp.a(alt_get_fd.o)
 .debug_aranges
                0x00000000000006e0       0x20 D:/Dev/vhdl/dev/testNIOS/audioVisualisator_bsp/\libucosii_bsp.a(alt_icache_flush.o)
 .debug_aranges
                0x0000000000000700       0x30 D:/Dev/vhdl/dev/testNIOS/audioVisualisator_bsp/\libucosii_bsp.a(alt_irq_entry.o)
 .debug_aranges
                0x0000000000000730       0x20 D:/Dev/vhdl/dev/testNIOS/audioVisualisator_bsp/\libucosii_bsp.a(alt_irq_handler.o)
 .debug_aranges
                0x0000000000000750       0x38 D:/Dev/vhdl/dev/testNIOS/audioVisualisator_bsp/\libucosii_bsp.a(alt_exception_entry.o)
 .debug_aranges
                0x0000000000000788       0x28 D:/Dev/vhdl/dev/testNIOS/audioVisualisator_bsp/\libucosii_bsp.a(alt_instruction_exception_entry.o)
 .debug_aranges
                0x00000000000007b0       0x20 d:/dev/vhdl/program/nios2eds/bin/gnu/h-x86_64-mingw32/bin/../lib/gcc/nios2-elf/5.3.0/../../../../../H-x86_64-mingw32/nios2-elf/lib/mhw-mulx\libc.a(lib_a-atexit.o)
 .debug_aranges
                0x00000000000007d0       0x20 d:/dev/vhdl/program/nios2eds/bin/gnu/h-x86_64-mingw32/bin/../lib/gcc/nios2-elf/5.3.0/../../../../../H-x86_64-mingw32/nios2-elf/lib/mhw-mulx\libc.a(lib_a-exit.o)
 .debug_aranges
                0x00000000000007f0       0x20 d:/dev/vhdl/program/nios2eds/bin/gnu/h-x86_64-mingw32/bin/../lib/gcc/nios2-elf/5.3.0/../../../../../H-x86_64-mingw32/nios2-elf/lib/mhw-mulx\libc.a(lib_a-memcmp.o)
 .debug_aranges
                0x0000000000000810       0x20 d:/dev/vhdl/program/nios2eds/bin/gnu/h-x86_64-mingw32/bin/../lib/gcc/nios2-elf/5.3.0/../../../../../H-x86_64-mingw32/nios2-elf/lib/mhw-mulx\libc.a(lib_a-memcpy.o)
 .debug_aranges
                0x0000000000000830       0x20 d:/dev/vhdl/program/nios2eds/bin/gnu/h-x86_64-mingw32/bin/../lib/gcc/nios2-elf/5.3.0/../../../../../H-x86_64-mingw32/nios2-elf/lib/mhw-mulx\libc.a(lib_a-memset.o)
 .debug_aranges
                0x0000000000000850       0x20 d:/dev/vhdl/program/nios2eds/bin/gnu/h-x86_64-mingw32/bin/../lib/gcc/nios2-elf/5.3.0/../../../../../H-x86_64-mingw32/nios2-elf/lib/mhw-mulx\libc.a(lib_a-strlen.o)
 .debug_aranges
                0x0000000000000870       0x20 d:/dev/vhdl/program/nios2eds/bin/gnu/h-x86_64-mingw32/bin/../lib/gcc/nios2-elf/5.3.0/../../../../../H-x86_64-mingw32/nios2-elf/lib/mhw-mulx\libc.a(lib_a-__atexit.o)
 .debug_aranges
                0x0000000000000890       0x20 d:/dev/vhdl/program/nios2eds/bin/gnu/h-x86_64-mingw32/bin/../lib/gcc/nios2-elf/5.3.0/../../../../../H-x86_64-mingw32/nios2-elf/lib/mhw-mulx\libc.a(lib_a-__call_atexit.o)
 .debug_aranges
                0x00000000000008b0       0x20 D:/Dev/vhdl/dev/testNIOS/audioVisualisator_bsp/\libucosii_bsp.a(alt_exit.o)

.debug_pubnames
 *(.debug_pubnames)

.debug_info     0x0000000000000000    0x16fda
 *(.debug_info .gnu.linkonce.wi.*)
 .debug_info    0x0000000000000000       0x63 D:/Dev/vhdl/dev/testNIOS/audioVisualisator_bsp//obj/HAL/src/crt0.o
 .debug_info    0x0000000000000063      0x1b9 obj/default/hello_ucosii.o
 .debug_info    0x000000000000021c      0x21c obj/default/src/Display.o
 .debug_info    0x0000000000000438      0x911 d:/dev/vhdl/program/nios2eds/bin/gnu/h-x86_64-mingw32/bin/../lib/gcc/nios2-elf/5.3.0/../../../../../H-x86_64-mingw32/nios2-elf/lib/mhw-mulx\libc.a(lib_a-malloc.o)
 .debug_info    0x0000000000000d49      0xd57 d:/dev/vhdl/program/nios2eds/bin/gnu/h-x86_64-mingw32/bin/../lib/gcc/nios2-elf/5.3.0/../../../../../H-x86_64-mingw32/nios2-elf/lib/mhw-mulx\libc.a(lib_a-mallocr.o)