Archive member included to satisfy reference by file (symbol)

d:/dev/vhdl/program/nios2eds/bin/gnu/h-x86_64-mingw32/bin/../lib/gcc/nios2-elf/5.3.0/../../../../../H-x86_64-mingw32/nios2-elf/lib/mhw-mulx\libc.a(lib_a-malloc.o)
                              obj/default/hello_ucosii.o (malloc)
d:/dev/vhdl/program/nios2eds/bin/gnu/h-x86_64-mingw32/bin/../lib/gcc/nios2-elf/5.3.0/../../../../../H-x86_64-mingw32/nios2-elf/lib/mhw-mulx\libc.a(lib_a-mallocr.o)
                              d:/dev/vhdl/program/nios2eds/bin/gnu/h-x86_64-mingw32/bin/../lib/gcc/nios2-elf/5.3.0/../../../../../H-x86_64-mingw32/nios2-elf/lib/mhw-mulx\libc.a(lib_a-malloc.o) (_malloc_r)
d:/dev/vhdl/program/nios2eds/bin/gnu/h-x86_64-mingw32/bin/../lib/gcc/nios2-elf/5.3.0/../../../../../H-x86_64-mingw32/nios2-elf/lib/mhw-mulx\libc.a(lib_a-printf.o)
                              obj/default/hello_ucosii.o (printf)
d:/dev/vhdl/program/nios2eds/bin/gnu/h-x86_64-mingw32/bin/../lib/gcc/nios2-elf/5.3.0/../../../../../H-x86_64-mingw32/nios2-elf/lib/mhw-mulx\libc.a(lib_a-rand.o)
                              obj/default/hello_ucosii.o (rand)
d:/dev/vhdl/program/nios2eds/bin/gnu/h-x86_64-mingw32/bin/../lib/gcc/nios2-elf/5.3.0/../../../../../H-x86_64-mingw32/nios2-elf/lib/mhw-mulx\libc.a(lib_a-sbrkr.o)
                              d:/dev/vhdl/program/nios2eds/bin/gnu/h-x86_64-mingw32/bin/../lib/gcc/nios2-elf/5.3.0/../../../../../H-x86_64-mingw32/nios2-elf/lib/mhw-mulx\libc.a(lib_a-mallocr.o) (_sbrk_r)
d:/dev/vhdl/program/nios2eds/bin/gnu/h-x86_64-mingw32/bin/../lib/gcc/nios2-elf/5.3.0/../../../../../H-x86_64-mingw32/nios2-elf/lib/mhw-mulx\libc.a(lib_a-vfprintf.o)
                              d:/dev/vhdl/program/nios2eds/bin/gnu/h-x86_64-mingw32/bin/../lib/gcc/nios2-elf/5.3.0/../../../../../H-x86_64-mingw32/nios2-elf/lib/mhw-mulx\libc.a(lib_a-printf.o) (___vfprintf_internal_r)
d:/dev/vhdl/program/nios2eds/bin/gnu/h-x86_64-mingw32/bin/../lib/gcc/nios2-elf/5.3.0/../../../../../H-x86_64-mingw32/nios2-elf/lib/mhw-mulx\libc.a(lib_a-wsetup.o)
                              d:/dev/vhdl/program/nios2eds/bin/gnu/h-x86_64-mingw32/bin/../lib/gcc/nios2-elf/5.3.0/../../../../../H-x86_64-mingw32/nios2-elf/lib/mhw-mulx\libc.a(lib_a-vfprintf.o) (__swsetup_r)
d:/dev/vhdl/program/nios2eds/bin/gnu/h-x86_64-mingw32/bin/../lib/gcc/nios2-elf/5.3.0/../../../../../H-x86_64-mingw32/nios2-elf/lib/mhw-mulx\libc.a(lib_a-dtoa.o)
                              d:/dev/vhdl/program/nios2eds/bin/gnu/h-x86_64-mingw32/bin/../lib/gcc/nios2-elf/5.3.0/../../../../../H-x86_64-mingw32/nios2-elf/lib/mhw-mulx\libc.a(lib_a-vfprintf.o) (_dtoa_r)
d:/dev/vhdl/program/nios2eds/bin/gnu/h-x86_64-mingw32/bin/../lib/gcc/nios2-elf/5.3.0/../../../../../H-x86_64-mingw32/nios2-elf/lib/mhw-mulx\libc.a(lib_a-fflush.o)
                              d:/dev/vhdl/program/nios2eds/bin/gnu/h-x86_64-mingw32/bin/../lib/gcc/nios2-elf/5.3.0/../../../../../H-x86_64-mingw32/nios2-elf/lib/mhw-mulx\libc.a(lib_a-vfprintf.o) (_fflush_r)
d:/dev/vhdl/program/nios2eds/bin/gnu/h-x86_64-mingw32/bin/../lib/gcc/nios2-elf/5.3.0/../../../../../H-x86_64-mingw32/nios2-elf/lib/mhw-mulx\libc.a(lib_a-findfp.o)
                              d:/dev/vhdl/program/nios2eds/bin/gnu/h-x86_64-mingw32/bin/../lib/gcc/nios2-elf/5.3.0/../../../../../H-x86_64-mingw32/nios2-elf/lib/mhw-mulx\libc.a(lib_a-vfprintf.o) (__sinit)
d:/dev/vhdl/program/nios2eds/bin/gnu/h-x86_64-mingw32/bin/../lib/gcc/nios2-elf/5.3.0/../../../../../H-x86_64-mingw32/nios2-elf/lib/mhw-mulx\libc.a(lib_a-freer.o)
                              d:/dev/vhdl/program/nios2eds/bin/gnu/h-x86_64-mingw32/bin/../lib/gcc/nios2-elf/5.3.0/../../../../../H-x86_64-mingw32/nios2-elf/lib/mhw-mulx\libc.a(lib_a-malloc.o) (_free_r)
d:/dev/vhdl/program/nios2eds/bin/gnu/h-x86_64-mingw32/bin/../lib/gcc/nios2-elf/5.3.0/../../../../../H-x86_64-mingw32/nios2-elf/lib/mhw-mulx\libc.a(lib_a-fwalk.o)
                              d:/dev/vhdl/program/nios2eds/bin/gnu/h-x86_64-mingw32/bin/../lib/gcc/nios2-elf/5.3.0/../../../../../H-x86_64-mingw32/nios2-elf/lib/mhw-mulx\libc.a(lib_a-findfp.o) (_fwalk)
d:/dev/vhdl/program/nios2eds/bin/gnu/h-x86_64-mingw32/bin/../lib/gcc/nios2-elf/5.3.0/../../../../../H-x86_64-mingw32/nios2-elf/lib/mhw-mulx\libc.a(lib_a-impure.o)
                              d:/dev/vhdl/program/nios2eds/bin/gnu/h-x86_64-mingw32/bin/../lib/gcc/nios2-elf/5.3.0/../../../../../H-x86_64-mingw32/nios2-elf/lib/mhw-mulx\libc.a(lib_a-fflush.o) (_global_impure_ptr)
d:/dev/vhdl/program/nios2eds/bin/gnu/h-x86_64-mingw32/bin/../lib/gcc/nios2-elf/5.3.0/../../../../../H-x86_64-mingw32/nios2-elf/lib/mhw-mulx\libc.a(lib_a-int_errno.o)
                              d:/dev/vhdl/program/nios2eds/bin/gnu/h-x86_64-mingw32/bin/../lib/gcc/nios2-elf/5.3.0/../../../../../H-x86_64-mingw32/nios2-elf/lib/mhw-mulx\libc.a(lib_a-sbrkr.o) (errno)
d:/dev/vhdl/program/nios2eds/bin/gnu/h-x86_64-mingw32/bin/../lib/gcc/nios2-elf/5.3.0/../../../../../H-x86_64-mingw32/nios2-elf/lib/mhw-mulx\libc.a(lib_a-locale.o)
[...]
Memory Configuration

Name             Origin             Length             Attributes
reset            0x0000000000000000 0x0000000000000020
SDRAM            0x0000000000000020 0x0000000003ffffe0
VGA_Subsystem_Char_Buf_Subsystem_Onchip_SRAM 0x0000000009000000 0x0000000000002000
*default*        0x0000000000000000 0xffffffffffffffff

Linker script and memory map

LOAD D:/Dev/vhdl/dev/testNIOS/audioVisualisator_bsp//obj/HAL/src/crt0.o
LOAD obj/default/hello_ucosii.o
LOAD obj/default/src/Audio.o
LOAD obj/default/src/Display.o
LOAD d:/dev/vhdl/program/nios2eds/bin/gnu/h-x86_64-mingw32/bin/../lib/gcc/nios2-elf/5.3.0/../../../../../H-x86_64-mingw32/nios2-elf/lib/mhw-mulx\libstdc++.a
LOAD d:/dev/vhdl/program/nios2eds/bin/gnu/h-x86_64-mingw32/bin/../lib/gcc/nios2-elf/5.3.0/../../../../../H-x86_64-mingw32/nios2-elf/lib/mhw-mulx\libm.a
LOAD d:/dev/vhdl/program/nios2eds/bin/gnu/h-x86_64-mingw32/bin/../lib/gcc/nios2-elf/5.3.0/mhw-mulx\libgcc.a
START GROUP
LOAD d:/dev/vhdl/program/nios2eds/bin/gnu/h-x86_64-mingw32/bin/../lib/gcc/nios2-elf/5.3.0/../../../../../H-x86_64-mingw32/nios2-elf/lib/mhw-mulx\libc.a
LOAD d:/dev/vhdl/program/nios2eds/bin/gnu/h-x86_64-mingw32/bin/../lib/gcc/nios2-elf/5.3.0/mhw-mulx\libgcc.a
LOAD D:/Dev/vhdl/dev/testNIOS/audioVisualisator_bsp/\libucosii_bsp.a
LOAD d:/dev/vhdl/program/nios2eds/bin/gnu/h-x86_64-mingw32/bin/../lib/gcc/nios2-elf/5.3.0/../../../../../H-x86_64-mingw32/nios2-elf/lib/mhw-mulx\libm.a
END GROUP
LOAD d:/dev/vhdl/program/nios2eds/bin/gnu/h-x86_64-mingw32/bin/../lib/gcc/nios2-elf/5.3.0/mhw-mulx\libgcc.a
                0x0000000000000000                __alt_mem_SDRAM = 0x0
                0x0000000009000000                __alt_mem_VGA_Subsystem_Char_Buf_Subsystem_Onchip_SRAM = 0x9000000

.entry          0x0000000000000000       0x20
 *(.entry)
 .entry         0x0000000000000000       0x20 D:/Dev/vhdl/dev/testNIOS/audioVisualisator_bsp//obj/HAL/src/crt0.o
                0x0000000000000000                __reset

.exceptions     0x0000000000000020      0x228
                0x0000000000000020                PROVIDE (__ram_exceptions_start, ABSOLUTE (.))
                0x0000000000000020                . = ALIGN (0x20)
 *(.irq)
 *(.exceptions.entry.label)
 .exceptions.entry.label
                0x0000000000000020        0x0 D:/Dev/vhdl/dev/testNIOS/audioVisualisator_bsp/\libucosii_bsp.a(alt_irq_entry.o)
                0x0000000000000020                alt_irq_entry
 .exceptions.entry.label
                0x0000000000000020        0x0 D:/Dev/vhdl/dev/testNIOS/audioVisualisator_bsp/\libucosii_bsp.a(alt_exception_entry.o)
                0x0000000000000020                alt_exception
 *(.exceptions.entry.user)
 *(.exceptions.entry.ecc_fatal)
 *(.exceptions.entry)
 .exceptions.entry
                0x0000000000000020       0x54 D:/Dev/vhdl/dev/testNIOS/audioVisualisator_bsp/\libucosii_bsp.a(alt_exception_entry.o)
 *(.exceptions.irqtest.user)
 *(.exceptions.irqtest)
 .exceptions.irqtest
                0x0000000000000074       0x10 D:/Dev/vhdl/dev/testNIOS/audioVisualisator_bsp/\libucosii_bsp.a(alt_irq_entry.o)
 *(.exceptions.irqhandler.user)
 *(.exceptions.irqhandler)
 .exceptions.irqhandler
                0x0000000000000084        0x4 D:/Dev/vhdl/dev/testNIOS/audioVisualisator_bsp/\libucosii_bsp.a(alt_irq_entry.o)
 *(.exceptions.irqreturn.user)
 *(.exceptions.irqreturn)
 .exceptions.irqreturn
                0x0000000000000088        0x4 D:/Dev/vhdl/dev/testNIOS/audioVisualisator_bsp/\libucosii_bsp.a(alt_irq_entry.o)
 *(.exceptions.notirq.label)
 .exceptions.notirq.label
                0x000000000000008c        0x0 D:/Dev/vhdl/dev/testNIOS/audioVisualisator_bsp/\libucosii_bsp.a(alt_irq_entry.o)
 *(.exceptions.notirq.user)
 *(.exceptions.notirq)
 .exceptions.notirq
                0x000000000000008c        0x8 D:/Dev/vhdl/dev/testNIOS/audioVisualisator_bsp/\libucosii_bsp.a(alt_exception_entry.o)
 *(.exceptions.soft.user)
 *(.exceptions.soft)
 *(.exceptions.unknown.user)
 *(.exceptions.unknown)
 .exceptions.unknown
                0x0000000000000094       0x14 D:/Dev/vhdl/dev/testNIOS/audioVisualisator_bsp/\libucosii_bsp.a(alt_exception_entry.o)
 *(.exceptions.exit.label)
 .exceptions.exit.label
                0x00000000000000a8        0x0 D:/Dev/vhdl/dev/testNIOS/audioVisualisator_bsp/\libucosii_bsp.a(alt_irq_entry.o)
 .exceptions.exit.label
                0x00000000000000a8        0x0 D:/Dev/vhdl/dev/testNIOS/audioVisualisator_bsp/\libucosii_bsp.a(alt_exception_entry.o)
 *(.exceptions.exit.user)
 *(.exceptions.exit)
 .exceptions.exit
                0x00000000000000a8       0x54 D:/Dev/vhdl/dev/testNIOS/audioVisualisator_bsp/\libucosii_bsp.a(alt_exception_entry.o)
 *(.exceptions)
 .exceptions    0x00000000000000fc       0xd8 D:/Dev/vhdl/dev/testNIOS/audioVisualisator_bsp/\libucosii_bsp.a(alt_irq_handler.o)
                0x00000000000000fc                alt_irq_handler
 .exceptions    0x00000000000001d4       0x74 D:/Dev/vhdl/dev/testNIOS/audioVisualisator_bsp/\libucosii_bsp.a(alt_instruction_exception_entry.o)
                0x00000000000001d4                alt_instruction_exception_entry
                0x0000000000000248                PROVIDE (__ram_exceptions_end, ABSOLUTE (.))
                0x0000000000000020                PROVIDE (__flash_exceptions_start, LOADADDR (.exceptions))

.text           0x0000000000000248    0x19c10
                [!provide]                        PROVIDE (stext, ABSOLUTE (.))
 *(.interp)
 *(.hash)
 *(.dynsym)
 *(.dynstr)
 *(.gnu.version)
 *(.gnu.version_d)
 *(.gnu.version_r)
 *(.rel.init)
 *(.rela.init)
 *(.rel.text .rel.text.* .rel.gnu.linkonce.t.*)
 *(.rela.text .rela.text.* .rela.gnu.linkonce.t.*)
 *(.rel.fini)
 *(.rela.fini)
 *(.rel.rodata .rel.rodata.* .rel.gnu.linkonce.r.*)
 *(.rela.rodata .rela.rodata.* .rela.gnu.linkonce.r.*)
 *(.rel.data .rel.data.* .rel.gnu.linkonce.d.*)
 *(.rela.data .rela.data.* .rela.gnu.linkonce.d.*)
 *(.rel.tdata .rel.tdata.* .rel.gnu.linkonce.td.*)
 *(.rela.tdata .rela.tdata.* .rela.gnu.linkonce.td.*)
 *(.rel.tbss .rel.tbss.* .rel.gnu.linkonce.tb.*)
 *(.rela.tbss .rela.tbss.* .rela.gnu.linkonce.tb.*)
 *(.rel.ctors)
 *(.rela.ctors)
 *(.rel.dtors)
 *(.rela.dtors)
 *(.rel.got)
 *(.rela.got)
 *(.rel.sdata .rel.sdata.* .rel.gnu.linkonce.s.*)
 *(.rela.sdata .rela.sdata.* .rela.gnu.linkonce.s.*)
 *(.rel.sbss .rel.sbss.* .rel.gnu.linkonce.sb.*)
 *(.rela.sbss .rela.sbss.* .rela.gnu.linkonce.sb.*)
 *(.rel.sdata2 .rel.sdata2.* .rel.gnu.linkonce.s2.*)
 *(.rela.sdata2 .rela.sdata2.* .rela.gnu.linkonce.s2.*)
 *(.rel.sbss2 .rel.sbss2.* .rel.gnu.linkonce.sb2.*)
 *(.rela.sbss2 .rela.sbss2.* .rela.gnu.linkonce.sb2.*)
 *(.rel.bss .rel.bss.* .rel.gnu.linkonce.b.*)
 *(.rela.bss .rela.bss.* .rela.gnu.linkonce.b.*)
 *(.rel.plt)
 *(.rela.plt)
 *(.rel.dyn)
 *(.init)
 *(.plt)
 *(.text .stub .text.* .gnu.linkonce.t.*)
 .text          0x0000000000000248       0x3c D:/Dev/vhdl/dev/testNIOS/audioVisualisator_bsp//obj/HAL/src/crt0.o
                0x0000000000000248                _start
 .text          0x0000000000000284      0x39c obj/default/hello_ucosii.o
                0x0000000000000284                task2
                0x00000000000003d4                task1
                0x00000000000005b4                main
 .text          0x0000000000000620      0x158 obj/default/src/Audio.o
                0x0000000000000620                AudioInit
                0x0000000000000660                AudioSample
 .text          0x0000000000000778      0x444 obj/default/src/Display.o
                0x0000000000000778                DisplayInit
                0x00000000000008d4                DisplayValues
                0x0000000000000ae8                DisplayBlock
 .text          0x0000000000000bbc        0x0 d:/dev/vhdl/program/nios2eds/bin/gnu/h-x86_64-mingw32/bin/../lib/gcc/nios2-elf/5.3.0/../../../../../H-x86_64-mingw32/nios2-elf/lib/mhw-mulx\libc.a(lib_a-malloc.o)
 .text.malloc   0x0000000000000bbc       0x14 d:/dev/vhdl/program/nios2eds/bin/gnu/h-x86_64-mingw32/bin/../lib/gcc/nios2-elf/5.3.0/../../../../../H-x86_64-mingw32/nios2-elf/lib/mhw-mulx\libc.a(lib_a-malloc.o)
                0x0000000000000bbc                malloc
 .text.free     0x0000000000000bd0       0x14 d:/dev/vhdl/program/nios2eds/bin/gnu/h-x86_64-mingw32/bin/../lib/gcc/nios2-elf/5.3.0/../../../../../H-x86_64-mingw32/nios2-elf/lib/mhw-mulx\libc.a(lib_a-malloc.o)
                0x0000000000000bd0                free
 .text          0x0000000000000be4        0x0 d:/dev/vhdl/program/nios2eds/bin/gnu/h-x86_64-mingw32/bin/../lib/gcc/nios2-elf/5.3.0/../../../../../H-x86_64-mingw32/nios2-elf/lib/mhw-mulx\libc.a(lib_a-mallocr.o)
 .text._malloc_r
                0x0000000000000be4      0x80c d:/dev/vhdl/program/nios2eds/bin/gnu/h-x86_64-mingw32/bin/../lib/gcc/nios2-elf/5.3.0/../../../../../H-x86_64-mingw32/nios2-elf/lib/mhw-mulx\libc.a(lib_a-mallocr.o)
                0x0000000000000be4                _malloc_r
 .text          0x00000000000013f0        0x0 d:/dev/vhdl/program/nios2eds/bin/gnu/h-x86_64-mingw32/bin/../lib/gcc/nios2-elf/5.3.0/../../../../../H-x86_64-mingw32/nios2-elf/lib/mhw-mulx\libc.a(lib_a-printf.o)
 .text._printf_r
                0x00000000000013f0       0x30 d:/dev/vhdl/program/nios2eds/bin/gnu/h-x86_64-mingw32/bin/../lib/gcc/nios2-elf/5.3.0/../../../../../H-x86_64-mingw32/nios2-elf/lib/mhw-mulx\libc.a(lib_a-printf.o)
                0x00000000000013f0                _printf_r
 .text.printf   0x0000000000001420       0x3c d:/dev/vhdl/program/nios2eds/bin/gnu/h-x86_64-mingw32/bin/../lib/gcc/nios2-elf/5.3.0/../../../../../H-x86_64-mingw32/nios2-elf/lib/mhw-mulx\libc.a(lib_a-printf.o)
                0x0000000000001420                printf
 .text          0x000000000000145c        0x0 d:/dev/vhdl/program/nios2eds/bin/gnu/h-x86_64-mingw32/bin/../lib/gcc/nios2-elf/5.3.0/../../../../../H-x86_64-mingw32/nios2-elf/lib/mhw-mulx\libc.a(lib_a-rand.o)
 .text.srand    0x000000000000145c       0x18 d:/dev/vhdl/program/nios2eds/bin/gnu/h-x86_64-mingw32/bin/../lib/gcc/nios2-elf/5.3.0/../../../../../H-x86_64-mingw32/nios2-elf/lib/mhw-mulx\libc.a(lib_a-rand.o)
                0x000000000000145c                srand
 .text.rand     0x0000000000001474       0x60 d:/dev/vhdl/program/nios2eds/bin/gnu/h-x86_64-mingw32/bin/../lib/gcc/nios2-elf/5.3.0/../../../../../H-x86_64-mingw32/nios2-elf/lib/mhw-mulx\libc.a(lib_a-rand.o)
                0x0000000000001474                rand
 .text          0x00000000000014d4        0x0 d:/dev/vhdl/program/nios2eds/bin/gnu/h-x86_64-mingw32/bin/../lib/gcc/nios2-elf/5.3.0/../../../../../H-x86_64-mingw32/nios2-elf/lib/mhw-mulx\libc.a(lib_a-sbrkr.o)
 .text._sbrk_r  0x00000000000014d4       0x54 d:/dev/vhdl/program/nios2eds/bin/gnu/h-x86_64-mingw32/bin/../lib/gcc/nios2-elf/5.3.0/../../../../../H-x86_64-mingw32/nios2-elf/lib/mhw-mulx\libc.a(lib_a-sbrkr.o)
                0x00000000000014d4                _sbrk_r
 .text          0x0000000000001528        0x0 d:/dev/vhdl/program/nios2eds/bin/gnu/h-x86_64-mingw32/bin/../lib/gcc/nios2-elf/5.3.0/../../../../../H-x86_64-mingw32/nios2-elf/lib/mhw-mulx\libc.a(lib_a-vfprintf.o)
 .text.___vfprintf_internal_r
                0x0000000000001528     0x21f8 d:/dev/vhdl/program/nios2eds/bin/gnu/h-x86_64-mingw32/bin/../lib/gcc/nios2-elf/5.3.0/../../../../../H-x86_64-mingw32/nios2-elf/lib/mhw-mulx\libc.a(lib_a-vfprintf.o)
                0x0000000000001528                ___vfprintf_internal_r
 .text.__vfprintf_internal
                0x0000000000003720       0x1c d:/dev/vhdl/program/nios2eds/bin/gnu/h-x86_64-mingw32/bin/../lib/gcc/nios2-elf/5.3.0/../../../../../H-x86_64-mingw32/nios2-elf/lib/mhw-mulx\libc.a(lib_a-vfprintf.o)
                0x0000000000003720                __vfprintf_internal
 .text.__sbprintf
                0x000000000000373c       0xbc d:/dev/vhdl/program/nios2eds/bin/gnu/h-x86_64-mingw32/bin/../lib/gcc/nios2-elf/5.3.0/../../../../../H-x86_64-mingw32/nios2-elf/lib/mhw-mulx\libc.a(lib_a-vfprintf.o)
 .text          0x00000000000037f8        0x0 d:/dev/vhdl/program/nios2eds/bin/gnu/h-x86_64-mingw32/bin/../lib/gcc/nios2-elf/5.3.0/../../../../../H-x86_64-mingw32/nios2-elf/lib/mhw-mulx\libc.a(lib_a-wsetup.o)
 .text.__swsetup_r
                0x00000000000037f8      0x154 d:/dev/vhdl/program/nios2eds/bin/gnu/h-x86_64-mingw32/bin/../lib/gcc/nios2-elf/5.3.0/../../../../../H-x86_64-mingw32/nios2-elf/lib/mhw-mulx\libc.a(lib_a-wsetup.o)
                0x00000000000037f8                __swsetup_r
 .text          0x000000000000394c        0x0 d:/dev/vhdl/program/nios2eds/bin/gnu/h-x86_64-mingw32/bin/../lib/gcc/nios2-elf/5.3.0/../../../../../H-x86_64-mingw32/nios2-elf/lib/mhw-mulx\libc.a(lib_a-dtoa.o)
 .text.quorem   0x000000000000394c      0x200 d:/dev/vhdl/program/nios2eds/bin/gnu/h-x86_64-mingw32/bin/../lib/gcc/nios2-elf/5.3.0/../../../../../H-x86_64-mingw32/nios2-elf/lib/mhw-mulx\libc.a(lib_a-dtoa.o)
 .text._dtoa_r  0x0000000000003b4c     0x1688 d:/dev/vhdl/program/nios2eds/bin/gnu/h-x86_64-mingw32/bin/../lib/gcc/nios2-elf/5.3.0/../../../../../H-x86_64-mingw32/nios2-elf/lib/mhw-mulx\libc.a(lib_a-dtoa.o)
                0x0000000000003b4c                _dtoa_r
 .text          0x00000000000051d4        0x0 d:/dev/vhdl/program/nios2eds/bin/gnu/h-x86_64-mingw32/bin/../lib/gcc/nios2-elf/5.3.0/../../../../../H-x86_64-mingw32/nios2-elf/lib/mhw-mulx\libc.a(lib_a-fflush.o)
 .text.__sflush_r
                0x00000000000051d4      0x21c d:/dev/vhdl/program/nios2eds/bin/gnu/h-x86_64-mingw32/bin/../lib/gcc/nios2-elf/5.3.0/../../../../../H-x86_64-mingw32/nios2-elf/lib/mhw-mulx\libc.a(lib_a-fflush.o)
                0x00000000000051d4                __sflush_r
 .text._fflush_r
                0x00000000000053f0       0x5c d:/dev/vhdl/program/nios2eds/bin/gnu/h-x86_64-mingw32/bin/../lib/gcc/nios2-elf/5.3.0/../../../../../H-x86_64-mingw32/nios2-elf/lib/mhw-mulx\libc.a(lib_a-fflush.o)
                0x00000000000053f0                _fflush_r
 .text.fflush   0x000000000000544c       0x30 d:/dev/vhdl/program/nios2eds/bin/gnu/h-x86_64-mingw32/bin/../lib/gcc/nios2-elf/5.3.0/../../../../../H-x86_64-mingw32/nios2-elf/lib/mhw-mulx\libc.a(lib_a-fflush.o)
                0x000000000000544c                fflush
 .text          0x000000000000547c        0x0 d:/dev/vhdl/program/nios2eds/bin/gnu/h-x86_64-mingw32/bin/../lib/gcc/nios2-elf/5.3.0/../../../../../H-x86_64-mingw32/nios2-elf/lib/mhw-mulx\libc.a(lib_a-findfp.o)
 .text.__fp_unlock
                0x000000000000547c        0x8 d:/dev/vhdl/program/nios2eds/bin/gnu/h-x86_64-mingw32/bin/../lib/gcc/nios2-elf/5.3.0/../../../../../H-x86_64-mingw32/nios2-elf/lib/mhw-mulx\libc.a(lib_a-findfp.o)
 .text._cleanup_r
                0x0000000000005484        0xc d:/dev/vhdl/program/nios2eds/bin/gnu/h-x86_64-mingw32/bin/../lib/gcc/nios2-elf/5.3.0/../../../../../H-x86_64-mingw32/nios2-elf/lib/mhw-mulx\libc.a(lib_a-findfp.o)
                0x0000000000005484                _cleanup_r
 .text.__sinit.part.1
                0x0000000000005490      0x19c d:/dev/vhdl/program/nios2eds/bin/gnu/h-x86_64-mingw32/bin/../lib/gcc/nios2-elf/5.3.0/../../../../../H-x86_64-mingw32/nios2-elf/lib/mhw-mulx\libc.a(lib_a-findfp.o)
 .text.__fp_lock
                0x000000000000562c        0x8 d:/dev/vhdl/program/nios2eds/bin/gnu/h-x86_64-mingw32/bin/../lib/gcc/nios2-elf/5.3.0/../../../../../H-x86_64-mingw32/nios2-elf/lib/mhw-mulx\libc.a(lib_a-findfp.o)
 .text.__sfmoreglue
                0x0000000000005634       0x68 d:/dev/vhdl/program/nios2eds/bin/gnu/h-x86_64-mingw32/bin/../lib/gcc/nios2-elf/5.3.0/../../../../../H-x86_64-mingw32/nios2-elf/lib/mhw-mulx\libc.a(lib_a-findfp.o)
                0x0000000000005634                __sfmoreglue
 .text.__sfp    0x000000000000569c      0x118 d:/dev/vhdl/program/nios2eds/bin/gnu/h-x86_64-mingw32/bin/../lib/gcc/nios2-elf/5.3.0/../../../../../H-x86_64-mingw32/nios2-elf/lib/mhw-mulx\libc.a(lib_a-findfp.o)
                0x000000000000569c                __sfp
 .text._cleanup
                0x00000000000057b4       0x18 d:/dev/vhdl/program/nios2eds/bin/gnu/h-x86_64-mingw32/bin/../lib/gcc/nios2-elf/5.3.0/../../../../../H-x86_64-mingw32/nios2-elf/lib/mhw-mulx\libc.a(lib_a-findfp.o)
                0x00000000000057b4                _cleanup
 .text.__sinit  0x00000000000057cc       0x10 d:/dev/vhdl/program/nios2eds/bin/gnu/h-x86_64-mingw32/bin/../lib/gcc/nios2-elf/5.3.0/../../../../../H-x86_64-mingw32/nios2-elf/lib/mhw-mulx\libc.a(lib_a-findfp.o)
                0x00000000000057cc                __sinit
 .text.__sfp_lock_acquire
                0x00000000000057dc        0x4 d:/dev/vhdl/program/nios2eds/bin/gnu/h-x86_64-mingw32/bin/../lib/gcc/nios2-elf/5.3.0/../../../../../H-x86_64-mingw32/nios2-elf/lib/mhw-mulx\libc.a(lib_a-findfp.o)
                0x00000000000057dc                __sfp_lock_acquire
 .text.__sfp_lock_release
                0x00000000000057e0        0x4 d:/dev/vhdl/program/nios2eds/bin/gnu/h-x86_64-mingw32/bin/../lib/gcc/nios2-elf/5.3.0/../../../../../H-x86_64-mingw32/nios2-elf/lib/mhw-mulx\libc.a(lib_a-findfp.o)
                0x00000000000057e0                __sfp_lock_release
 .text.__sinit_lock_acquire
                0x00000000000057e4        0x4 d:/dev/vhdl/program/nios2eds/bin/gnu/h-x86_64-mingw32/bin/../lib/gcc/nios2-elf/5.3.0/../../../../../H-x86_64-mingw32/nios2-elf/lib/mhw-mulx\libc.a(lib_a-findfp.o)
                0x00000000000057e4                __sinit_lock_acquire
 .text.__sinit_lock_release
                0x00000000000057e8        0x4 d:/dev/vhdl/program/nios2eds/bin/gnu/h-x86_64-mingw32/bin/../lib/gcc/nios2-elf/5.3.0/../../../../../H-x86_64-mingw32/nios2-elf/lib/mhw-mulx\libc.a(lib_a-findfp.o)
                0x00000000000057e8                __sinit_lock_release
 .text.__fp_lock_all
                0x00000000000057ec       0x18 d:/dev/vhdl/program/nios2eds/bin/gnu/h-x86_64-mingw32/bin/../lib/gcc/nios2-elf/5.3.0/../../../../../H-x86_64-mingw32/nios2-elf/lib/mhw-mulx\libc.a(lib_a-findfp.o)
                0x00000000000057ec                __fp_lock_all
 .text.__fp_unlock_all
                0x0000000000005804       0x18 d:/dev/vhdl/program/nios2eds/bin/gnu/h-x86_64-mingw32/bin/../lib/gcc/nios2-elf/5.3.0/../../../../../H-x86_64-mingw32/nios2-elf/lib/mhw-mulx\libc.a(lib_a-findfp.o)
                0x0000000000005804                __fp_unlock_all
 .text          0x000000000000581c        0x0 d:/dev/vhdl/program/nios2eds/bin/gnu/h-x86_64-mingw32/bin/../lib/gcc/nios2-elf/5.3.0/../../../../../H-x86_64-mingw32/nios2-elf/lib/mhw-mulx\libc.a(lib_a-freer.o)
 .text._malloc_trim_r
                0x000000000000581c      0x124 d:/dev/vhdl/program/nios2eds/bin/gnu/h-x86_64-mingw32/bin/../lib/gcc/nios2-elf/5.3.0/../../../../../H-x86_64-mingw32/nios2-elf/lib/mhw-mulx\libc.a(lib_a-freer.o)
                0x000000000000581c                _malloc_trim_r
 .text._free_r  0x0000000000005940      0x310 d:/dev/vhdl/program/nios2eds/bin/gnu/h-x86_64-mingw32/bin/../lib/gcc/nios2-elf/5.3.0/../../../../../H-x86_64-mingw32/nios2-elf/lib/mhw-mulx\libc.a(lib_a-freer.o)
                0x0000000000005940                _free_r
 .text          0x0000000000005c50        0x0 d:/dev/vhdl/program/nios2eds/bin/gnu/h-x86_64-mingw32/bin/../lib/gcc/nios2-elf/5.3.0/../../../../../H-x86_64-mingw32/nios2-elf/lib/mhw-mulx\libc.a(lib_a-fwalk.o)
 .text._fwalk   0x0000000000005c50       0xc4 d:/dev/vhdl/program/nios2eds/bin/gnu/h-x86_64-mingw32/bin/../lib/gcc/nios2-elf/5.3.0/../../../../../H-x86_64-mingw32/nios2-elf/lib/mhw-mulx\libc.a(lib_a-fwalk.o)
                0x0000000000005c50                _fwalk
 .text._fwalk_reent
                0x0000000000005d14       0xc4 d:/dev/vhdl/program/nios2eds/bin/gnu/h-x86_64-mingw32/bin/../lib/gcc/nios2-elf/5.3.0/../../../../../H-x86_64-mingw32/nios2-elf/lib/mhw-mulx\libc.a(lib_a-fwalk.o)
                0x0000000000005d14                _fwalk_reent
 .text          0x0000000000005dd8        0x0 d:/dev/vhdl/program/nios2eds/bin/gnu/h-x86_64-mingw32/bin/../lib/gcc/nios2-elf/5.3.0/../../../../../H-x86_64-mingw32/nios2-elf/lib/mhw-mulx\libc.a(lib_a-impure.o)
 .text          0x0000000000005dd8        0x0 d:/dev/vhdl/program/nios2eds/bin/gnu/h-x86_64-mingw32/bin/../lib/gcc/nios2-elf/5.3.0/../../../../../H-x86_64-mingw32/nios2-elf/lib/mhw-mulx\libc.a(lib_a-int_errno.o)
 .text          0x0000000000005dd8        0x0 d:/dev/vhdl/program/nios2eds/bin/gnu/h-x86_64-mingw32/bin/../lib/gcc/nios2-elf/5.3.0/../../../../../H-x86_64-mingw32/nios2-elf/lib/mhw-mulx\libc.a(lib_a-locale.o)
 .text._setlocale_r
                0x0000000000005dd8       0x7c d:/dev/vhdl/program/nios2eds/bin/gnu/h-x86_64-mingw32/bin/../lib/gcc/nios2-elf/5.3.0/../../../../../H-x86_64-mingw32/nios2-elf/lib/mhw-mulx\libc.a(lib_a-locale.o)
                0x0000000000005dd8                _setlocale_r
 .text.__locale_charset
                0x0000000000005e54        0xc d:/dev/vhdl/program/nios2eds/bin/gnu/h-x86_64-mingw32/bin/../lib/gcc/nios2-elf/5.3.0/../../../../../H-x86_64-mingw32/nios2-elf/lib/mhw-mulx\libc.a(lib_a-locale.o)
                0x0000000000005e54                __locale_charset
 .text.__locale_mb_cur_max
                0x0000000000005e60       0x10 d:/dev/vhdl/program/nios2eds/bin/gnu/h-x86_64-mingw32/bin/../lib/gcc/nios2-elf/5.3.0/../../../../../H-x86_64-mingw32/nios2-elf/lib/mhw-mulx\libc.a(lib_a-locale.o)
                0x0000000000005e60                __locale_mb_cur_max
 .text.__locale_msgcharset
                0x0000000000005e70        0xc d:/dev/vhdl/program/nios2eds/bin/gnu/h-x86_64-mingw32/bin/../lib/gcc/nios2-elf/5.3.0/../../../../../H-x86_64-mingw32/nios2-elf/lib/mhw-mulx\libc.a(lib_a-locale.o)
                0x0000000000005e70                __locale_msgcharset
 .text.__locale_cjk_lang
                0x0000000000005e7c        0x8 d:/dev/vhdl/program/nios2eds/bin/gnu/h-x86_64-mingw32/bin/../lib/gcc/nios2-elf/5.3.0/../../../../../H-x86_64-mingw32/nios2-elf/lib/mhw-mulx\libc.a(lib_a-locale.o)
                0x0000000000005e7c                __locale_cjk_lang
 .text._localeconv_r
                0x0000000000005e84        0xc d:/dev/vhdl/program/nios2eds/bin/gnu/h-x86_64-mingw32/bin/../lib/gcc/nios2-elf/5.3.0/../../../../../H-x86_64-mingw32/nios2-elf/lib/mhw-mulx\libc.a(lib_a-locale.o)
                0x0000000000005e84                _localeconv_r
 .text.setlocale
                0x0000000000005e90       0x18 d:/dev/vhdl/program/nios2eds/bin/gnu/h-x86_64-mingw32/bin/../lib/gcc/nios2-elf/5.3.0/../../../../../H-x86_64-mingw32/nios2-elf/lib/mhw-mulx\libc.a(lib_a-locale.o)
                0x0000000000005e90                setlocale
 .text.localeconv
                0x0000000000005ea8        0xc d:/dev/vhdl/program/nios2eds/bin/gnu/h-x86_64-mingw32/bin/../lib/gcc/nios2-elf/5.3.0/../../../../../H-x86_64-mingw32/nios2-elf/lib/mhw-mulx\libc.a(lib_a-locale.o)
                0x0000000000005ea8                localeconv
 .text          0x0000000000005eb4        0x0 d:/dev/vhdl/program/nios2eds/bin/gnu/h-x86_64-mingw32/bin/../lib/gcc/nios2-elf/5.3.0/../../../../../H-x86_64-mingw32/nios2-elf/lib/mhw-mulx\libc.a(lib_a-makebuf.o)
 .text.__smakebuf_r
                0x0000000000005eb4      0x1bc d:/dev/vhdl/program/nios2eds/bin/gnu/h-x86_64-mingw32/bin/../lib/gcc/nios2-elf/5.3.0/../../../../../H-x86_64-mingw32/nios2-elf/lib/mhw-mulx\libc.a(lib_a-makebuf.o)
                0x0000000000005eb4                __smakebuf_r
 .text          0x0000000000006070        0x0 d:/dev/vhdl/program/nios2eds/bin/gnu/h-x86_64-mingw32/bin/../lib/gcc/nios2-elf/5.3.0/../../../../../H-x86_64-mingw32/nios2-elf/lib/mhw-mulx\libc.a(lib_a-memchr.o)
 .text.memchr   0x0000000000006070       0xe4 d:/dev/vhdl/program/nios2eds/bin/gnu/h-x86_64-mingw32/bin/../lib/gcc/nios2-elf/5.3.0/../../../../../H-x86_64-mingw32/nios2-elf/lib/mhw-mulx\libc.a(lib_a-memchr.o)
                0x0000000000006070                memchr
 .text          0x0000000000006154        0x0 d:/dev/vhdl/program/nios2eds/bin/gnu/h-x86_64-mingw32/bin/../lib/gcc/nios2-elf/5.3.0/../../../../../H-x86_64-mingw32/nios2-elf/lib/mhw-mulx\libc.a(lib_a-memcpy.o)
 .text.memcpy   0x0000000000006154      0x148 d:/dev/vhdl/program/nios2eds/bin/gnu/h-x86_64-mingw32/bin/../lib/gcc/nios2-elf/5.3.0/../../../../../H-x86_64-mingw32/nios2-elf/lib/mhw-mulx\libc.a(lib_a-memcpy.o)
                0x0000000000006154                memcpy
 .text          0x000000000000629c        0x0 d:/dev/vhdl/program/nios2eds/bin/gnu/h-x86_64-mingw32/bin/../lib/gcc/nios2-elf/5.3.0/../../../../../H-x86_64-mingw32/nios2-elf/lib/mhw-mulx\libc.a(lib_a-memset.o)
 .text.memset   0x000000000000629c      0x128 d:/dev/vhdl/program/nios2eds/bin/gnu/h-x86_64-mingw32/bin/../lib/gcc/nios2-elf/5.3.0/../../../../../H-x86_64-mingw32/nios2-elf/lib/mhw-mulx\libc.a(lib_a-memset.o)
                0x000000000000629c                memset
 .text          0x00000000000063c4        0x0 d:/dev/vhdl/program/nios2eds/bin/gnu/h-x86_64-mingw32/bin/../lib/gcc/nios2-elf/5.3.0/../../../../../H-x86_64-mingw32/nios2-elf/lib/mhw-mulx\libc.a(lib_a-mprec.o)
 .text._Balloc  0x00000000000063c4       0xa8 d:/dev/vhdl/program/nios2eds/bin/gnu/h-x86_64-mingw32/bin/../lib/gcc/nios2-elf/5.3.0/../../../../../H-x86_64-mingw32/nios2-elf/lib/mhw-mulx\libc.a(lib_a-mprec.o)
                0x00000000000063c4                _Balloc
 .text._Bfree   0x000000000000646c       0x28 d:/dev/vhdl/program/nios2eds/bin/gnu/h-x86_64-mingw32/bin/../lib/gcc/nios2-elf/5.3.0/../../../../../H-x86_64-mingw32/nios2-elf/lib/mhw-mulx\libc.a(lib_a-mprec.o)
                0x000000000000646c                _Bfree
 .text.__multadd
                0x0000000000006494      0x120 d:/dev/vhdl/program/nios2eds/bin/gnu/h-x86_64-mingw32/bin/../lib/gcc/nios2-elf/5.3.0/../../../../../H-x86_64-mingw32/nios2-elf/lib/mhw-mulx\libc.a(lib_a-mprec.o)
                0x0000000000006494                __multadd
 .text.__s2b    0x00000000000065b4      0x104 d:/dev/vhdl/program/nios2eds/bin/gnu/h-x86_64-mingw32/bin/../lib/gcc/nios2-elf/5.3.0/../../../../../H-x86_64-mingw32/nios2-elf/lib/mhw-mulx\libc.a(lib_a-mprec.o)
                0x00000000000065b4                __s2b
 .text.__hi0bits
                0x00000000000066b8       0x68 d:/dev/vhdl/program/nios2eds/bin/gnu/h-x86_64-mingw32/bin/../lib/gcc/nios2-elf/5.3.0/../../../../../H-x86_64-mingw32/nios2-elf/lib/mhw-mulx\libc.a(lib_a-mprec.o)
                0x00000000000066b8                __hi0bits
 .text.__lo0bits
                0x0000000000006720       0xb0 d:/dev/vhdl/program/nios2eds/bin/gnu/h-x86_64-mingw32/bin/../lib/gcc/nios2-elf/5.3.0/../../../../../H-x86_64-mingw32/nios2-elf/lib/mhw-mulx\libc.a(lib_a-mprec.o)
                0x0000000000006720                __lo0bits
 .text.__i2b    0x00000000000067d0       0x3c d:/dev/vhdl/program/nios2eds/bin/gnu/h-x86_64-mingw32/bin/../lib/gcc/nios2-elf/5.3.0/../../../../../H-x86_64-mingw32/nios2-elf/lib/mhw-mulx\libc.a(lib_a-mprec.o)
                0x00000000000067d0                __i2b
 .text.__multiply
                0x000000000000680c      0x1f8 d:/dev/vhdl/program/nios2eds/bin/gnu/h-x86_64-mingw32/bin/../lib/gcc/nios2-elf/5.3.0/../../../../../H-x86_64-mingw32/nios2-elf/lib/mhw-mulx\libc.a(lib_a-mprec.o)
                0x000000000000680c                __multiply
 .text.__pow5mult
                0x0000000000006a04      0x140 d:/dev/vhdl/program/nios2eds/bin/gnu/h-x86_64-mingw32/bin/../lib/gcc/nios2-elf/5.3.0/../../../../../H-x86_64-mingw32/nios2-elf/lib/mhw-mulx\libc.a(lib_a-mprec.o)
                0x0000000000006a04                __pow5mult
 .text.__lshift
                0x0000000000006b44      0x148 d:/dev/vhdl/program/nios2eds/bin/gnu/h-x86_64-mingw32/bin/../lib/gcc/nios2-elf/5.3.0/../../../../../H-x86_64-mingw32/nios2-elf/lib/mhw-mulx\libc.a(lib_a-mprec.o)
                0x0000000000006b44                __lshift
 .text.__mcmp   0x0000000000006c8c       0x60 d:/dev/vhdl/program/nios2eds/bin/gnu/h-x86_64-mingw32/bin/../lib/gcc/nios2-elf/5.3.0/../../../../../H-x86_64-mingw32/nios2-elf/lib/mhw-mulx\libc.a(lib_a-mprec.o)
                0x0000000000006c8c                __mcmp
 .text.__mdiff  0x0000000000006cec      0x1fc d:/dev/vhdl/program/nios2eds/bin/gnu/h-x86_64-mingw32/bin/../lib/gcc/nios2-elf/5.3.0/../../../../../H-x86_64-mingw32/nios2-elf/lib/mhw-mulx\libc.a(lib_a-mprec.o)
                0x0000000000006cec                __mdiff
 .text.__ulp    0x0000000000006ee8       0x64 d:/dev/vhdl/program/nios2eds/bin/gnu/h-x86_64-mingw32/bin/../lib/gcc/nios2-elf/5.3.0/../../../../../H-x86_64-mingw32/nios2-elf/lib/mhw-mulx\libc.a(lib_a-mprec.o)
                0x0000000000006ee8                __ulp
 .text.__b2d    0x0000000000006f4c      0x10c d:/dev/vhdl/program/nios2eds/bin/gnu/h-x86_64-mingw32/bin/../lib/gcc/nios2-elf/5.3.0/../../../../../H-x86_64-mingw32/nios2-elf/lib/mhw-mulx\libc.a(lib_a-mprec.o)
                0x0000000000006f4c                __b2d
 .text.__d2b    0x0000000000007058      0x14c d:/dev/vhdl/program/nios2eds/bin/gnu/h-x86_64-mingw32/bin/../lib/gcc/nios2-elf/5.3.0/../../../../../H-x86_64-mingw32/nios2-elf/lib/mhw-mulx\libc.a(lib_a-mprec.o)
                0x0000000000007058                __d2b
 .text.__ratio  0x00000000000071a4       0xa4 d:/dev/vhdl/program/nios2eds/bin/gnu/h-x86_64-mingw32/bin/../lib/gcc/nios2-elf/5.3.0/../../../../../H-x86_64-mingw32/nios2-elf/lib/mhw-mulx\libc.a(lib_a-mprec.o)
                0x00000000000071a4                __ratio
 .text._mprec_log10
                0x0000000000007248       0x74 d:/dev/vhdl/program/nios2eds/bin/gnu/h-x86_64-mingw32/bin/../lib/gcc/nios2-elf/5.3.0/../../../../../H-x86_64-mingw32/nios2-elf/lib/mhw-mulx\libc.a(lib_a-mprec.o)
                0x0000000000007248                _mprec_log10
 .text.__copybits
                0x00000000000072bc       0x78 d:/dev/vhdl/program/nios2eds/bin/gnu/h-x86_64-mingw32/bin/../lib/gcc/nios2-elf/5.3.0/../../../../../H-x86_64-mingw32/nios2-elf/lib/mhw-mulx\libc.a(lib_a-mprec.o)
                0x00000000000072bc                __copybits
 .text.__any_on
                0x0000000000007334       0x8c d:/dev/vhdl/program/nios2eds/bin/gnu/h-x86_64-mingw32/bin/../lib/gcc/nios2-elf/5.3.0/../../../../../H-x86_64-mingw32/nios2-elf/lib/mhw-mulx\libc.a(lib_a-mprec.o)
                0x0000000000007334                __any_on
 .text          0x00000000000073c0        0x0 d:/dev/vhdl/program/nios2eds/bin/gnu/h-x86_64-mingw32/bin/../lib/gcc/nios2-elf/5.3.0/../../../../../H-x86_64-mingw32/nios2-elf/lib/mhw-mulx\libc.a(lib_a-s_fpclassify.o)
 .text.__fpclassifyd
                0x00000000000073c0       0x74 d:/dev/vhdl/program/nios2eds/bin/gnu/h-x86_64-mingw32/bin/../lib/gcc/nios2-elf/5.3.0/../../../../../H-x86_64-mingw32/nios2-elf/lib/mhw-mulx\libc.a(lib_a-s_fpclassify.o)
                0x00000000000073c0                __fpclassifyd
 .text          0x0000000000007434        0x0 d:/dev/vhdl/program/nios2eds/bin/gnu/h-x86_64-mingw32/bin/../lib/gcc/nios2-elf/5.3.0/../../../../../H-x86_64-mingw32/nios2-elf/lib/mhw-mulx\libc.a(lib_a-stdio.o)
 .text.__sread  0x0000000000007434       0x54 d:/dev/vhdl/program/nios2eds/bin/gnu/h-x86_64-mingw32/bin/../lib/gcc/nios2-elf/5.3.0/../../../../../H-x86_64-mingw32/nios2-elf/lib/mhw-mulx\libc.a(lib_a-stdio.o)
                0x0000000000007434                __sread
 .text.__seofread
                0x0000000000007488        0x8 d:/dev/vhdl/program/nios2eds/bin/gnu/h-x86_64-mingw32/bin/../lib/gcc/nios2-elf/5.3.0/../../../../../H-x86_64-mingw32/nios2-elf/lib/mhw-mulx\libc.a(lib_a-stdio.o)
                0x0000000000007488                __seofread
 .text.__swrite
                0x0000000000007490       0x7c d:/dev/vhdl/program/nios2eds/bin/gnu/h-x86_64-mingw32/bin/../lib/gcc/nios2-elf/5.3.0/../../../../../H-x86_64-mingw32/nios2-elf/lib/mhw-mulx\libc.a(lib_a-stdio.o)
                0x0000000000007490                __swrite
 .text.__sseek  0x000000000000750c       0x5c d:/dev/vhdl/program/nios2eds/bin/gnu/h-x86_64-mingw32/bin/../lib/gcc/nios2-elf/5.3.0/../../../../../H-x86_64-mingw32/nios2-elf/lib/mhw-mulx\libc.a(lib_a-stdio.o)
                0x000000000000750c                __sseek
 .text.__sclose
                0x0000000000007568        0x8 d:/dev/vhdl/program/nios2eds/bin/gnu/h-x86_64-mingw32/bin/../lib/gcc/nios2-elf/5.3.0/../../../../../H-x86_64-mingw32/nios2-elf/lib/mhw-mulx\libc.a(lib_a-stdio.o)
                0x0000000000007568                __sclose
 .text          0x0000000000007570        0x0 d:/dev/vhdl/program/nios2eds/bin/gnu/h-x86_64-mingw32/bin/../lib/gcc/nios2-elf/5.3.0/../../../../../H-x86_64-mingw32/nios2-elf/lib/mhw-mulx\libc.a(lib_a-strcmp.o)
 .text.strcmp   0x0000000000007570       0xdc d:/dev/vhdl/program/nios2eds/bin/gnu/h-x86_64-mingw32/bin/../lib/gcc/nios2-elf/5.3.0/../../../../../H-x86_64-mingw32/nios2-elf/lib/mhw-mulx\libc.a(lib_a-strcmp.o)
                0x0000000000007570                strcmp
 .text          0x000000000000764c        0x0 d:/dev/vhdl/program/nios2eds/bin/gnu/h-x86_64-mingw32/bin/../lib/gcc/nios2-elf/5.3.0/../../../../../H-x86_64-mingw32/nios2-elf/lib/mhw-mulx\libc.a(lib_a-strlen.o)
 .text.strlen   0x000000000000764c       0x98 d:/dev/vhdl/program/nios2eds/bin/gnu/h-x86_64-mingw32/bin/../lib/gcc/nios2-elf/5.3.0/../../../../../H-x86_64-mingw32/nios2-elf/lib/mhw-mulx\libc.a(lib_a-strlen.o)
                0x000000000000764c                strlen
 .text          0x00000000000076e4        0x0 d:/dev/vhdl/program/nios2eds/bin/gnu/h-x86_64-mingw32/bin/../lib/gcc/nios2-elf/5.3.0/../../../../../H-x86_64-mingw32/nios2-elf/lib/mhw-mulx\libc.a(lib_a-vfiprintf.o)
 .text.__sprint_r.part.0
                0x00000000000076e4       0xfc d:/dev/vhdl/program/nios2eds/bin/gnu/h-x86_64-mingw32/bin/../lib/gcc/nios2-elf/5.3.0/../../../../../H-x86_64-mingw32/nios2-elf/lib/mhw-mulx\libc.a(lib_a-vfiprintf.o)
 .text.__sprint_r
                0x00000000000077e0       0x18 d:/dev/vhdl/program/nios2eds/bin/gnu/h-x86_64-mingw32/bin/../lib/gcc/nios2-elf/5.3.0/../../../../../H-x86_64-mingw32/nios2-elf/lib/mhw-mulx\libc.a(lib_a-vfiprintf.o)
                0x00000000000077e0                __sprint_r
 .text.___vfiprintf_internal_r
                0x00000000000077f8     0x145c d:/dev/vhdl/program/nios2eds/bin/gnu/h-x86_64-mingw32/bin/../lib/gcc/nios2-elf/5.3.0/../../../../../H-x86_64-mingw32/nios2-elf/lib/mhw-mulx\libc.a(lib_a-vfiprintf.o)
                0x00000000000077f8                ___vfiprintf_internal_r
 .text.__vfiprintf_internal
                0x0000000000008c54       0x1c d:/dev/vhdl/program/nios2eds/bin/gnu/h-x86_64-mingw32/bin/../lib/gcc/nios2-elf/5.3.0/../../../../../H-x86_64-mingw32/nios2-elf/lib/mhw-mulx\libc.a(lib_a-vfiprintf.o)
                0x0000000000008c54                __vfiprintf_internal
 .text.__sbprintf
                0x0000000000008c70       0xbc d:/dev/vhdl/program/nios2eds/bin/gnu/h-x86_64-mingw32/bin/../lib/gcc/nios2-elf/5.3.0/../../../../../H-x86_64-mingw32/nios2-elf/lib/mhw-mulx\libc.a(lib_a-vfiprintf.o)
 .text          0x0000000000008d2c        0x0 d:/dev/vhdl/program/nios2eds/bin/gnu/h-x86_64-mingw32/bin/../lib/gcc/nios2-elf/5.3.0/../../../../../H-x86_64-mingw32/nios2-elf/lib/mhw-mulx\libc.a(lib_a-writer.o)
 .text._write_r
                0x0000000000008d2c       0x60 d:/dev/vhdl/program/nios2eds/bin/gnu/h-x86_64-mingw32/bin/../lib/gcc/nios2-elf/5.3.0/../../../../../H-x86_64-mingw32/nios2-elf/lib/mhw-mulx\libc.a(lib_a-writer.o)
                0x0000000000008d2c                _write_r
 .text          0x0000000000008d8c        0x0 d:/dev/vhdl/program/nios2eds/bin/gnu/h-x86_64-mingw32/bin/../lib/gcc/nios2-elf/5.3.0/../../../../../H-x86_64-mingw32/nios2-elf/lib/mhw-mulx\libc.a(closer.o)
 .text._close_r
                0x0000000000008d8c       0x54 d:/dev/vhdl/program/nios2eds/bin/gnu/h-x86_64-mingw32/bin/../lib/gcc/nios2-elf/5.3.0/../../../../../H-x86_64-mingw32/nios2-elf/lib/mhw-mulx\libc.a(closer.o)
                0x0000000000008d8c                _close_r
 .text          0x0000000000008de0        0x0 d:/dev/vhdl/program/nios2eds/bin/gnu/h-x86_64-mingw32/bin/../lib/gcc/nios2-elf/5.3.0/../../../../../H-x86_64-mingw32/nios2-elf/lib/mhw-mulx\libc.a(lib_a-callocr.o)
 .text._calloc_r
                0x0000000000008de0       0xc4 d:/dev/vhdl/program/nios2eds/bin/gnu/h-x86_64-mingw32/bin/../lib/gcc/nios2-elf/5.3.0/../../../../../H-x86_64-mingw32/nios2-elf/lib/mhw-mulx\libc.a(lib_a-callocr.o)
                0x0000000000008de0                _calloc_r
 .text          0x0000000000008ea4        0x0 d:/dev/vhdl/program/nios2eds/bin/gnu/h-x86_64-mingw32/bin/../lib/gcc/nios2-elf/5.3.0/../../../../../H-x86_64-mingw32/nios2-elf/lib/mhw-mulx\libc.a(lib_a-fclose.o)
 .text._fclose_r
                0x0000000000008ea4       0xf0 d:/dev/vhdl/program/nios2eds/bin/gnu/h-x86_64-mingw32/bin/../lib/gcc/nios2-elf/5.3.0/../../../../../H-x86_64-mingw32/nios2-elf/lib/mhw-mulx\libc.a(lib_a-fclose.o)
                0x0000000000008ea4                _fclose_r
 .text.fclose   0x0000000000008f94       0x14 d:/dev/vhdl/program/nios2eds/bin/gnu/h-x86_64-mingw32/bin/../lib/gcc/nios2-elf/5.3.0/../../../../../H-x86_64-mingw32/nios2-elf/lib/mhw-mulx\libc.a(lib_a-fclose.o)
                0x0000000000008f94                fclose
 .text          0x0000000000008fa8        0x0 d:/dev/vhdl/program/nios2eds/bin/gnu/h-x86_64-mingw32/bin/../lib/gcc/nios2-elf/5.3.0/../../../../../H-x86_64-mingw32/nios2-elf/lib/mhw-mulx\libc.a(lib_a-fputwc.o)
 .text.__fputwc
                0x0000000000008fa8      0x164 d:/dev/vhdl/program/nios2eds/bin/gnu/h-x86_64-mingw32/bin/../lib/gcc/nios2-elf/5.3.0/../../../../../H-x86_64-mingw32/nios2-elf/lib/mhw-mulx\libc.a(lib_a-fputwc.o)
                0x0000000000008fa8                __fputwc
 .text._fputwc_r
                0x000000000000910c       0x24 d:/dev/vhdl/program/nios2eds/bin/gnu/h-x86_64-mingw32/bin/../lib/gcc/nios2-elf/5.3.0/../../../../../H-x86_64-mingw32/nios2-elf/lib/mhw-mulx\libc.a(lib_a-fputwc.o)
                0x000000000000910c                _fputwc_r
 .text.fputwc   0x0000000000009130       0x80 d:/dev/vhdl/program/nios2eds/bin/gnu/h-x86_64-mingw32/bin/../lib/gcc/nios2-elf/5.3.0/../../../../../H-x86_64-mingw32/nios2-elf/lib/mhw-mulx\libc.a(lib_a-fputwc.o)
                0x0000000000009130                fputwc
 .text          0x00000000000091b0        0x0 d:/dev/vhdl/program/nios2eds/bin/gnu/h-x86_64-mingw32/bin/../lib/gcc/nios2-elf/5.3.0/../../../../../H-x86_64-mingw32/nios2-elf/lib/mhw-mulx\libc.a(lib_a-fstatr.o)
 .text._fstat_r
                0x00000000000091b0       0x5c d:/dev/vhdl/program/nios2eds/bin/gnu/h-x86_64-mingw32/bin/../lib/gcc/nios2-elf/5.3.0/../../../../../H-x86_64-mingw32/nios2-elf/lib/mhw-mulx\libc.a(lib_a-fstatr.o)
                0x00000000000091b0                _fstat_r
 .text          0x000000000000920c        0x0 d:/dev/vhdl/program/nios2eds/bin/gnu/h-x86_64-mingw32/bin/../lib/gcc/nios2-elf/5.3.0/../../../../../H-x86_64-mingw32/nios2-elf/lib/mhw-mulx\libc.a(lib_a-fvwrite.o)
 .text.__sfvwrite_r
                0x000000000000920c      0x4bc d:/dev/vhdl/program/nios2eds/bin/gnu/h-x86_64-mingw32/bin/../lib/gcc/nios2-elf/5.3.0/../../../../../H-x86_64-mingw32/nios2-elf/lib/mhw-mulx\libc.a(lib_a-fvwrite.o)
                0x000000000000920c                __sfvwrite_r
 .text          0x00000000000096c8        0x0 d:/dev/vhdl/program/nios2eds/bin/gnu/h-x86_64-mingw32/bin/../lib/gcc/nios2-elf/5.3.0/../../../../../H-x86_64-mingw32/nios2-elf/lib/mhw-mulx\libc.a(lib_a-isattyr.o)
 .text._isatty_r
                0x00000000000096c8       0x54 d:/dev/vhdl/program/nios2eds/bin/gnu/h-x86_64-mingw32/bin/../lib/gcc/nios2-elf/5.3.0/../../../../../H-x86_64-mingw32/nios2-elf/lib/mhw-mulx\libc.a(lib_a-isattyr.o)
                0x00000000000096c8                _isatty_r
 .text          0x000000000000971c        0x0 d:/dev/vhdl/program/nios2eds/bin/gnu/h-x86_64-mingw32/bin/../lib/gcc/nios2-elf/5.3.0/../../../../../H-x86_64-mingw32/nios2-elf/lib/mhw-mulx\libc.a(lib_a-lseekr.o)
 .text._lseek_r
                0x000000000000971c       0x60 d:/dev/vhdl/program/nios2eds/bin/gnu/h-x86_64-mingw32/bin/../lib/gcc/nios2-elf/5.3.0/../../../../../H-x86_64-mingw32/nios2-elf/lib/mhw-mulx\libc.a(lib_a-lseekr.o)
                0x000000000000971c                _lseek_r
 .text          0x000000000000977c        0x0 d:/dev/vhdl/program/nios2eds/bin/gnu/h-x86_64-mingw32/bin/../lib/gcc/nios2-elf/5.3.0/../../../../../H-x86_64-mingw32/nios2-elf/lib/mhw-mulx\libc.a(lib_a-memmove.o)
 .text.memmove  0x000000000000977c      0x15c d:/dev/vhdl/program/nios2eds/bin/gnu/h-x86_64-mingw32/bin/../lib/gcc/nios2-elf/5.3.0/../../../../../H-x86_64-mingw32/nios2-elf/lib/mhw-mulx\libc.a(lib_a-memmove.o)
                0x000000000000977c                memmove
 .text          0x00000000000098d8        0x0 d:/dev/vhdl/program/nios2eds/bin/gnu/h-x86_64-mingw32/bin/../lib/gcc/nios2-elf/5.3.0/../../../../../H-x86_64-mingw32/nios2-elf/lib/mhw-mulx\libc.a(lib_a-readr.o)
 .text._read_r  0x00000000000098d8       0x60 d:/dev/vhdl/program/nios2eds/bin/gnu/h-x86_64-mingw32/bin/../lib/gcc/nios2-elf/5.3.0/../../../../../H-x86_64-mingw32/nios2-elf/lib/mhw-mulx\libc.a(lib_a-readr.o)
                0x00000000000098d8                _read_r
 .text          0x0000000000009938        0x0 d:/dev/vhdl/program/nios2eds/bin/gnu/h-x86_64-mingw32/bin/../lib/gcc/nios2-elf/5.3.0/../../../../../H-x86_64-mingw32/nios2-elf/lib/mhw-mulx\libc.a(lib_a-reallocr.o)
 .text._realloc_r
                0x0000000000009938      0x564 d:/dev/vhdl/program/nios2eds/bin/gnu/h-x86_64-mingw32/bin/../lib/gcc/nios2-elf/5.3.0/../../../../../H-x86_64-mingw32/nios2-elf/lib/mhw-mulx\libc.a(lib_a-reallocr.o)
                0x0000000000009938                _realloc_r
 .text          0x0000000000009e9c        0x0 d:/dev/vhdl/program/nios2eds/bin/gnu/h-x86_64-mingw32/bin/../lib/gcc/nios2-elf/5.3.0/../../../../../H-x86_64-mingw32/nios2-elf/lib/mhw-mulx\libc.a(lib_a-wbuf.o)
 .text.__swbuf_r
                0x0000000000009e9c      0x140 d:/dev/vhdl/program/nios2eds/bin/gnu/h-x86_64-mingw32/bin/../lib/gcc/nios2-elf/5.3.0/../../../../../H-x86_64-mingw32/nios2-elf/lib/mhw-mulx\libc.a(lib_a-wbuf.o)
                0x0000000000009e9c                __swbuf_r
 .text.__swbuf  0x0000000000009fdc       0x18 d:/dev/vhdl/program/nios2eds/bin/gnu/h-x86_64-mingw32/bin/../lib/gcc/nios2-elf/5.3.0/../../../../../H-x86_64-mingw32/nios2-elf/lib/mhw-mulx\libc.a(lib_a-wbuf.o)
                0x0000000000009fdc                __swbuf
 .text          0x0000000000009ff4        0x0 d:/dev/vhdl/program/nios2eds/bin/gnu/h-x86_64-mingw32/bin/../lib/gcc/nios2-elf/5.3.0/../../../../../H-x86_64-mingw32/nios2-elf/lib/mhw-mulx\libc.a(lib_a-wcrtomb.o)
 .text._wcrtomb_r
                0x0000000000009ff4       0x9c d:/dev/vhdl/program/nios2eds/bin/gnu/h-x86_64-mingw32/bin/../lib/gcc/nios2-elf/5.3.0/../../../../../H-x86_64-mingw32/nios2-elf/lib/mhw-mulx\libc.a(lib_a-wcrtomb.o)
                0x0000000000009ff4                _wcrtomb_r
 .text.wcrtomb  0x000000000000a090       0xc0 d:/dev/vhdl/program/nios2eds/bin/gnu/h-x86_64-mingw32/bin/../lib/gcc/nios2-elf/5.3.0/../../../../../H-x86_64-mingw32/nios2-elf/lib/mhw-mulx\libc.a(lib_a-wcrtomb.o)
                0x000000000000a090                wcrtomb
 .text          0x000000000000a150        0x0 d:/dev/vhdl/program/nios2eds/bin/gnu/h-x86_64-mingw32/bin/../lib/gcc/nios2-elf/5.3.0/../../../../../H-x86_64-mingw32/nios2-elf/lib/mhw-mulx\libc.a(lib_a-wctomb_r.o)
 .text.__ascii_wctomb
                0x000000000000a150       0x30 d:/dev/vhdl/program/nios2eds/bin/gnu/h-x86_64-mingw32/bin/../lib/gcc/nios2-elf/5.3.0/../../../../../H-x86_64-mingw32/nios2-elf/lib/mhw-mulx\libc.a(lib_a-wctomb_r.o)
                0x000000000000a150                __ascii_wctomb
 .text._wctomb_r
                0x000000000000a180       0x5c d:/dev/vhdl/program/nios2eds/bin/gnu/h-x86_64-mingw32/bin/../lib/gcc/nios2-elf/5.3.0/../../../../../H-x86_64-mingw32/nios2-elf/lib/mhw-mulx\libc.a(lib_a-wctomb_r.o)
                0x000000000000a180                _wctomb_r
 .text          0x000000000000a1dc      0x578 d:/dev/vhdl/program/nios2eds/bin/gnu/h-x86_64-mingw32/bin/../lib/gcc/nios2-elf/5.3.0/mhw-mulx\libgcc.a(_udivdi3.o)
                0x000000000000a1dc                __udivdi3
 .text          0x000000000000a754      0x538 d:/dev/vhdl/program/nios2eds/bin/gnu/h-x86_64-mingw32/bin/../lib/gcc/nios2-elf/5.3.0/mhw-mulx\libgcc.a(_umoddi3.o)
                0x000000000000a754                __umoddi3
 .text          0x000000000000ac8c      0x1b4 d:/dev/vhdl/program/nios2eds/bin/gnu/h-x86_64-mingw32/bin/../lib/gcc/nios2-elf/5.3.0/mhw-mulx\libgcc.a(lib2-divmod.o)
                0x000000000000ac8c                __divsi3
                0x000000000000ad10                __modsi3
                0x000000000000ad84                __udivsi3
                0x000000000000ade8                __umodsi3
 .text          0x000000000000ae40      0x8ac d:/dev/vhdl/program/nios2eds/bin/gnu/h-x86_64-mingw32/bin/../lib/gcc/nios2-elf/5.3.0/mhw-mulx\libgcc.a(adddf3.o)
                0x000000000000ae40                __adddf3
 .text          0x000000000000b6ec      0x8e8 d:/dev/vhdl/program/nios2eds/bin/gnu/h-x86_64-mingw32/bin/../lib/gcc/nios2-elf/5.3.0/mhw-mulx\libgcc.a(divdf3.o)
                0x000000000000b6ec                __divdf3
 .text          0x000000000000bfd4       0x88 d:/dev/vhdl/program/nios2eds/bin/gnu/h-x86_64-mingw32/bin/../lib/gcc/nios2-elf/5.3.0/mhw-mulx\libgcc.a(eqdf2.o)
                0x000000000000bfd4                __nedf2
                0x000000000000bfd4                __eqdf2
 .text          0x000000000000c05c       0xdc d:/dev/vhdl/program/nios2eds/bin/gnu/h-x86_64-mingw32/bin/../lib/gcc/nios2-elf/5.3.0/mhw-mulx\libgcc.a(gedf2.o)
                0x000000000000c05c                __gedf2
                0x000000000000c05c                __gtdf2
 .text          0x000000000000c138       0xf4 d:/dev/vhdl/program/nios2eds/bin/gnu/h-x86_64-mingw32/bin/../lib/gcc/nios2-elf/5.3.0/mhw-mulx\libgcc.a(ledf2.o)
                0x000000000000c138                __ledf2
                0x000000000000c138                __ltdf2
 .text          0x000000000000c22c      0x718 d:/dev/vhdl/program/nios2eds/bin/gnu/h-x86_64-mingw32/bin/../lib/gcc/nios2-elf/5.3.0/mhw-mulx\libgcc.a(muldf3.o)
                0x000000000000c22c                __muldf3
 .text          0x000000000000c944      0x8fc d:/dev/vhdl/program/nios2eds/bin/gnu/h-x86_64-mingw32/bin/../lib/gcc/nios2-elf/5.3.0/mhw-mulx\libgcc.a(subdf3.o)
                0x000000000000c944                __subdf3
 .text          0x000000000000d240       0x80 d:/dev/vhdl/program/nios2eds/bin/gnu/h-x86_64-mingw32/bin/../lib/gcc/nios2-elf/5.3.0/mhw-mulx\libgcc.a(fixdfsi.o)
                0x000000000000d240                __fixdfsi
 .text          0x000000000000d2c0       0xdc d:/dev/vhdl/program/nios2eds/bin/gnu/h-x86_64-mingw32/bin/../lib/gcc/nios2-elf/5.3.0/mhw-mulx\libgcc.a(floatsidf.o)
                0x000000000000d2c0                __floatsidf
 .text          0x000000000000d39c       0xa8 d:/dev/vhdl/program/nios2eds/bin/gnu/h-x86_64-mingw32/bin/../lib/gcc/nios2-elf/5.3.0/mhw-mulx\libgcc.a(floatunsidf.o)
                0x000000000000d39c                __floatunsidf
 .text          0x000000000000d444        0x0 d:/dev/vhdl/program/nios2eds/bin/gnu/h-x86_64-mingw32/bin/../lib/gcc/nios2-elf/5.3.0/mhw-mulx\libgcc.a(_clz.o)
 .text          0x000000000000d444       0x64 d:/dev/vhdl/program/nios2eds/bin/gnu/h-x86_64-mingw32/bin/../lib/gcc/nios2-elf/5.3.0/mhw-mulx\libgcc.a(_clzsi2.o)
                0x000000000000d444                __clzsi2
 .text          0x000000000000d4a8      0x10c D:/Dev/vhdl/dev/testNIOS/audioVisualisator_bsp/\libucosii_bsp.a(alt_close.o)
                0x000000000000d4e4                close
 .text          0x000000000000d5b4       0x2c D:/Dev/vhdl/dev/testNIOS/audioVisualisator_bsp/\libucosii_bsp.a(alt_dev.o)
 .text          0x000000000000d5e0        0x0 D:/Dev/vhdl/dev/testNIOS/audioVisualisator_bsp/\libucosii_bsp.a(alt_errno.o)
 .text          0x000000000000d5e0       0xec D:/Dev/vhdl/dev/testNIOS/audioVisualisator_bsp/\libucosii_bsp.a(alt_fstat.o)
                0x000000000000d61c                fstat
 .text          0x000000000000d6cc       0xe0 D:/Dev/vhdl/dev/testNIOS/audioVisualisator_bsp/\libucosii_bsp.a(alt_isatty.o)
                0x000000000000d708                isatty
 .text          0x000000000000d7ac       0xec D:/Dev/vhdl/dev/testNIOS/audioVisualisator_bsp/\libucosii_bsp.a(alt_load.o)
                0x000000000000d814                alt_load
 .text          0x000000000000d898      0x110 D:/Dev/vhdl/dev/testNIOS/audioVisualisator_bsp/\libucosii_bsp.a(alt_lseek.o)
                0x000000000000d8d4                lseek
 .text          0x000000000000d9a8       0xbc D:/Dev/vhdl/dev/testNIOS/audioVisualisator_bsp/\libucosii_bsp.a(alt_main.o)
                0x000000000000d9a8                alt_main
 .text          0x000000000000da64      0x138 D:/Dev/vhdl/dev/testNIOS/audioVisualisator_bsp/\libucosii_bsp.a(alt_read.o)
                0x000000000000daa0                read
 .text          0x000000000000db9c       0x64 D:/Dev/vhdl/dev/testNIOS/audioVisualisator_bsp/\libucosii_bsp.a(alt_release_fd.o)
                0x000000000000db9c                alt_release_fd
 .text          0x000000000000dc00       0xb0 D:/Dev/vhdl/dev/testNIOS/audioVisualisator_bsp/\libucosii_bsp.a(alt_sbrk.o)
                0x000000000000dc00                sbrk
 .text          0x000000000000dcb0      0x134 D:/Dev/vhdl/dev/testNIOS/audioVisualisator_bsp/\libucosii_bsp.a(alt_write.o)
                0x000000000000dcec                write
 .text          0x000000000000dde4      0x124 D:/Dev/vhdl/dev/testNIOS/audioVisualisator_bsp/\libucosii_bsp.a(alt_env_lock.o)
                0x000000000000dde4                __env_lock
                0x000000000000dea8                __env_unlock
 .text          0x000000000000df08      0x1ec D:/Dev/vhdl/dev/testNIOS/audioVisualisator_bsp/\libucosii_bsp.a(alt_malloc_lock.o)
                0x000000000000df08                __malloc_lock
                0x000000000000e028                __malloc_unlock
 .text          0x000000000000e0f4     0x2024 D:/Dev/vhdl/dev/testNIOS/audioVisualisator_bsp/\libucosii_bsp.a(os_core.o)
                0x000000000000e0f4                OSEventNameGet
                0x000000000000e214                OSEventNameSet
                0x000000000000e354                OSEventPendMulti
                0x000000000000e964                OSInit
                0x000000000000e9bc                OSIntEnter
                0x000000000000ea08                OSIntExit
                0x000000000000eb00                OSSchedLock
                0x000000000000eb8c                OSSchedUnlock
                0x000000000000ec68                OSStart
                0x000000000000ecd8                OSStatInit
                0x000000000000ed88                OSTimeTick
                0x000000000000efa8                OSVersion
                0x000000000000efc8                OS_Dummy
                0x000000000000efe8                OS_EventTaskRdy
                0x000000000000f180                OS_EventTaskWait
                0x000000000000f290                OS_EventTaskWaitMulti
                0x000000000000f3e0                OS_EventTaskRemove
                0x000000000000f498                OS_EventTaskRemoveMulti
                0x000000000000f598                OS_EventWaitListInit
                0x000000000000f978                OS_MemClr
                0x000000000000f9cc                OS_MemCopy
                0x000000000000fa34                OS_Sched
                0x000000000000fb78                OS_StrCopy
                0x000000000000fbec                OS_StrLen
                0x000000000000fc40                OS_TaskIdle
                0x000000000000fc9c                OS_TaskStat
                0x000000000000fd78                OS_TaskStatStkChk
                0x000000000000fe44                OS_TCBInit
 .text          0x0000000000010118      0x190 D:/Dev/vhdl/dev/testNIOS/audioVisualisator_bsp/\libucosii_bsp.a(os_dbg.o)
                0x0000000000010118                OSDebugInit
 .text          0x00000000000102a8     0x1714 D:/Dev/vhdl/dev/testNIOS/audioVisualisator_bsp/\libucosii_bsp.a(os_flag.o)
                0x00000000000102a8                OSFlagAccept
                0x00000000000105b0                OSFlagCreate
                0x00000000000106b8                OSFlagDel
                0x0000000000010900                OSFlagNameGet
                0x0000000000010a28                OSFlagNameSet
                0x0000000000010b74                OSFlagPend
                0x000000000001112c                OSFlagPendGetFlagsRdy
                0x000000000001118c                OSFlagPost
                0x0000000000011520                OSFlagQuery
                0x0000000000011744                OS_FlagInit
                0x0000000000011918                OS_FlagUnlink
 .text          0x00000000000119bc      0x754 D:/Dev/vhdl/dev/testNIOS/audioVisualisator_bsp/\libucosii_bsp.a(os_mem.o)
                0x00000000000119bc                OSMemCreate
                0x0000000000011b90                OSMemGet
                0x0000000000011c80                OSMemNameGet
                0x0000000000011d70                OSMemNameSet
                0x0000000000011e84                OSMemPut
                0x0000000000011f5c                OSMemQuery
                0x0000000000012044                OS_MemInit
 .text          0x0000000000012110     0x1104 D:/Dev/vhdl/dev/testNIOS/audioVisualisator_bsp/\libucosii_bsp.a(os_q.o)
                0x0000000000012110                OSQAccept
                0x0000000000012250                OSQCreate
                0x00000000000123fc                OSQDel
                0x000000000001267c                OSQFlush
                0x0000000000012734                OSQPend
                0x00000000000129c0                OSQPendAbort
                0x0000000000012b2c                OSQPost
                0x0000000000012c94                OSQPostFront
                0x0000000000012e04                OSQPostOpt
                0x0000000000013010                OSQQuery
                0x000000000001316c                OS_QInit
 .text          0x0000000000013214      0xa60 D:/Dev/vhdl/dev/testNIOS/audioVisualisator_bsp/\libucosii_bsp.a(os_sem.o)
                0x0000000000013214                OSSemAccept
                0x00000000000132c4                OSSemCreate
                0x000000000001339c                OSSemDel
                0x00000000000135dc                OSSemPend
                0x00000000000137e8                OSSemPendAbort
                0x0000000000013954                OSSemPost
                0x0000000000013a64                OSSemQuery
                0x0000000000013b74                OSSemSet
 .text          0x0000000000013c74     0x176c D:/Dev/vhdl/dev/testNIOS/audioVisualisator_bsp/\libucosii_bsp.a(os_task.o)
                0x0000000000013c74                OSTaskChangePrio
                0x0000000000014164                OSTaskCreate
                0x0000000000014310                OSTaskCreateExt
                0x00000000000144f4                OSTaskDel
                0x0000000000014838                OSTaskDelReq
                0x0000000000014988                OSTaskNameGet
                0x0000000000014b20                OSTaskNameSet
                0x0000000000014cd4                OSTaskResume
                0x0000000000014ea8                OSTaskStkChk
                0x0000000000015068                OSTaskSuspend
                0x000000000001524c                OSTaskQuery
                0x0000000000015370                OS_TaskStkClr
 .text          0x00000000000153e0      0x4f4 D:/Dev/vhdl/dev/testNIOS/audioVisualisator_bsp/\libucosii_bsp.a(os_time.o)
                0x00000000000153e0                OSTimeDly
                0x00000000000154e4                OSTimeDlyHMSM
                0x0000000000015644                OSTimeDlyResume
                0x0000000000015818                OSTimeGet
                0x0000000000015874                OSTimeSet
 .text          0x00000000000158d4      0x880 D:/Dev/vhdl/dev/testNIOS/audioVisualisator_bsp/\libucosii_bsp.a(alt_sys_init.o)
                0x0000000000015908                alt_irq_init
                0x0000000000015940                alt_sys_init
 .text          0x0000000000016154      0x164 D:/Dev/vhdl/dev/testNIOS/audioVisualisator_bsp/\libucosii_bsp.a(altera_avalon_jtag_uart_fd.o)
                0x0000000000016154                altera_avalon_jtag_uart_read_fd
                0x00000000000161b4                altera_avalon_jtag_uart_write_fd
                0x0000000000016214                altera_avalon_jtag_uart_close_fd
                0x0000000000016264                altera_avalon_jtag_uart_ioctl_fd
 .text          0x00000000000162b8      0x550 D:/Dev/vhdl/dev/testNIOS/audioVisualisator_bsp/\libucosii_bsp.a(altera_avalon_jtag_uart_init.o)
                0x00000000000162b8                altera_avalon_jtag_uart_init
                0x00000000000167a0                altera_avalon_jtag_uart_close
 .text          0x0000000000016808       0xf0 D:/Dev/vhdl/dev/testNIOS/audioVisualisator_bsp/\libucosii_bsp.a(altera_avalon_jtag_uart_ioctl.o)
                0x0000000000016808                altera_avalon_jtag_uart_ioctl
 .text          0x00000000000168f8      0x2bc D:/Dev/vhdl/dev/testNIOS/audioVisualisator_bsp/\libucosii_bsp.a(altera_avalon_jtag_uart_read.o)
                0x00000000000168f8                altera_avalon_jtag_uart_read
 .text          0x0000000000016bb4      0x2c4 D:/Dev/vhdl/dev/testNIOS/audioVisualisator_bsp/\libucosii_bsp.a(altera_avalon_jtag_uart_write.o)
                0x0000000000016bb4                altera_avalon_jtag_uart_write
 .text          0x0000000000016e78       0xf0 D:/Dev/vhdl/dev/testNIOS/audioVisualisator_bsp/\libucosii_bsp.a(altera_avalon_timer_sc.o)
                0x0000000000016ef4                alt_avalon_timer_sc_init
 .text          0x0000000000016f68      0x7a8 D:/Dev/vhdl/dev/testNIOS/audioVisualisator_bsp/\libucosii_bsp.a(altera_up_avalon_audio.o)
                0x0000000000016f68                alt_up_audio_open_dev
                0x0000000000016fa4                alt_up_audio_enable_read_interrupt
                0x0000000000016ff8                alt_up_audio_disable_read_interrupt
                0x0000000000017050                alt_up_audio_enable_write_interrupt
                0x00000000000170a4                alt_up_audio_disable_write_interrupt
                0x00000000000170fc                alt_up_audio_read_interrupt_pending
                0x000000000001713c                alt_up_audio_write_interrupt_pending
                0x000000000001717c                alt_up_audio_reset_audio_core
                0x0000000000017210                alt_up_audio_read_fifo_avail
                0x0000000000017270                alt_up_audio_record_r
                0x00000000000172d8                alt_up_audio_record_l
                0x0000000000017340                alt_up_audio_write_fifo_space
                0x00000000000173a0                alt_up_audio_play_r
                0x0000000000017408                alt_up_audio_play_l
                0x0000000000017470                alt_up_audio_read_fifo
                0x0000000000017550                alt_up_audio_write_fifo
                0x0000000000017658                alt_up_audio_read_fifo_head
                0x00000000000176a8                alt_up_audio_write_fifo_head
 .text          0x0000000000017710      0x4f4 D:/Dev/vhdl/dev/testNIOS/audioVisualisator_bsp/\libucosii_bsp.a(altera_up_avalon_character_lcd.o)
                0x0000000000017710                get_DDRAM_addr
                0x0000000000017784                alt_up_character_lcd_send_cmd
                0x00000000000177c4                alt_up_character_lcd_init
                0x00000000000177fc                alt_up_character_lcd_open_dev
                0x0000000000017838                alt_up_character_lcd_write
                0x00000000000178b4                alt_up_character_lcd_string
                0x000000000001792c                alt_up_character_lcd_write_fd
                0x000000000001797c                alt_up_character_lcd_set_cursor_pos
                0x00000000000179f0                alt_up_character_lcd_shift_cursor
                0x0000000000017a7c                alt_up_character_lcd_shift_display
                0x0000000000017b08                alt_up_character_lcd_erase_pos
                0x0000000000017b94                alt_up_character_lcd_cursor_off
                0x0000000000017bcc                alt_up_character_lcd_cursor_blink_on
 .text          0x0000000000017c04      0x38c D:/Dev/vhdl/dev/testNIOS/audioVisualisator_bsp/\libucosii_bsp.a(altera_up_avalon_irda.o)
                0x0000000000017c04                alt_up_irda_enable_read_interrupt
                0x0000000000017c60                alt_up_irda_disable_read_interrupt
                0x0000000000017cc0                alt_up_irda_get_used_space_in_read_FIFO
                0x0000000000017d00                alt_up_irda_get_available_space_in_write_FIFO
                0x0000000000017d3c                alt_up_irda_check_parity
                0x0000000000017d80                alt_up_irda_write_data
                0x0000000000017dc0                alt_up_irda_read_data
                0x0000000000017e34                alt_up_irda_read_fd
                0x0000000000017ec4                alt_up_irda_write_fd
                0x0000000000017f54                alt_up_irda_open_dev
 .text          0x0000000000017f90      0x6b0 D:/Dev/vhdl/dev/testNIOS/audioVisualisator_bsp/\libucosii_bsp.a(altera_up_avalon_ps2.o)
                0x0000000000017f90                read_RI_bit
                0x0000000000017fc4                read_RE_bit
                0x0000000000017ff4                read_CE_bit
                0x0000000000018028                read_num_bytes_available
                0x0000000000018058                read_data_valid
                0x000000000001808c                read_data_byte
                0x00000000000180b8                alt_up_ps2_init
                0x0000000000018180                alt_up_ps2_enable_read_interrupt
                0x00000000000181dc                alt_up_ps2_disable_read_interrupt
                0x000000000001823c                alt_up_ps2_write_data_byte
                0x00000000000182b0                alt_up_ps2_wait_for_ack
                0x0000000000018318                alt_up_ps2_write_data_byte_with_ack
                0x000000000001837c                alt_up_ps2_read_data_byte_timeout
                0x0000000000018418                alt_up_ps2_read_data_byte
                0x0000000000018488                alt_up_ps2_clear_fifo
                0x00000000000184e0                alt_up_ps2_read_fd
                0x000000000001856c                alt_up_ps2_write_fd
                0x0000000000018604                alt_up_ps2_open_dev
 .text          0x0000000000018640      0x390 D:/Dev/vhdl/dev/testNIOS/audioVisualisator_bsp/\libucosii_bsp.a(altera_up_avalon_rs232.o)
                0x0000000000018640                alt_up_rs232_enable_read_interrupt
                0x000000000001869c                alt_up_rs232_disable_read_interrupt
                0x00000000000186fc                alt_up_rs232_get_used_space_in_read_FIFO
                0x000000000001873c                alt_up_rs232_get_available_space_in_write_FIFO
                0x0000000000018778                alt_up_rs232_check_parity
                0x00000000000187bc                alt_up_rs232_write_data
                0x00000000000187fc                alt_up_rs232_read_data
                0x0000000000018870                alt_up_rs232_read_fd
                0x0000000000018900                alt_up_rs232_write_fd
                0x0000000000018994                alt_up_rs232_open_dev
 .text          0x00000000000189d0      0x12c D:/Dev/vhdl/dev/testNIOS/audioVisualisator_bsp/\libucosii_bsp.a(alt_alarm_start.o)
                0x00000000000189d0                alt_alarm_start
 .text          0x0000000000018afc       0x20 D:/Dev/vhdl/dev/testNIOS/audioVisualisator_bsp/\libucosii_bsp.a(alt_dcache_flush_all.o)
                0x0000000000018afc                alt_dcache_flush_all
 .text          0x0000000000018b1c       0xe0 D:/Dev/vhdl/dev/testNIOS/audioVisualisator_bsp/\libucosii_bsp.a(alt_dev_llist_insert.o)
                0x0000000000018b58                alt_dev_llist_insert
 .text          0x0000000000018bfc       0x60 D:/Dev/vhdl/dev/testNIOS/audioVisualisator_bsp/\libucosii_bsp.a(alt_do_ctors.o)
                0x0000000000018bfc                _do_ctors
 .text          0x0000000000018c5c       0x60 D:/Dev/vhdl/dev/testNIOS/audioVisualisator_bsp/\libucosii_bsp.a(alt_do_dtors.o)
                0x0000000000018c5c                _do_dtors
 .text          0x0000000000018cbc       0x90 D:/Dev/vhdl/dev/testNIOS/audioVisualisator_bsp/\libucosii_bsp.a(alt_find_dev.o)
                0x0000000000018cbc                alt_find_dev
 .text          0x0000000000018d4c       0x34 D:/Dev/vhdl/dev/testNIOS/audioVisualisator_bsp/\libucosii_bsp.a(alt_icache_flush_all.o)
                0x0000000000018d4c                alt_icache_flush_all
 .text          0x0000000000018d80      0x140 D:/Dev/vhdl/dev/testNIOS/audioVisualisator_bsp/\libucosii_bsp.a(alt_io_redirect.o)
                0x0000000000018e44                alt_io_redirect
 .text          0x0000000000018ec0      0x180 D:/Dev/vhdl/dev/testNIOS/audioVisualisator_bsp/\libucosii_bsp.a(alt_irq_register.o)
                0x0000000000018ec0                alt_irq_register
 .text          0x0000000000019040        0x0 D:/Dev/vhdl/dev/testNIOS/audioVisualisator_bsp/\libucosii_bsp.a(alt_irq_vars.o)
 .text          0x0000000000019040      0x254 D:/Dev/vhdl/dev/testNIOS/audioVisualisator_bsp/\libucosii_bsp.a(alt_open.o)
                0x0000000000019140                open
 .text          0x0000000000019294      0x1a4 D:/Dev/vhdl/dev/testNIOS/audioVisualisator_bsp/\libucosii_bsp.a(alt_tick.o)
                0x0000000000019294                alt_alarm_stop
                0x0000000000019330                alt_tick
 .text          0x0000000000019438       0x24 D:/Dev/vhdl/dev/testNIOS/audioVisualisator_bsp/\libucosii_bsp.a(altera_nios2_gen2_irq.o)
                0x0000000000019438                altera_nios2_gen2_irq_init
 .text          0x000000000001945c       0xd0 D:/Dev/vhdl/dev/testNIOS/audioVisualisator_bsp/\libucosii_bsp.a(os_cpu_a.o)
                0x000000000001945c                OSCtxSw
                0x000000000001945c                OSIntCtxSw
                0x00000000000194e8                OSStartHighRdy
                0x0000000000019508                OSStartTsk
 .text          0x000000000001952c      0x288 D:/Dev/vhdl/dev/testNIOS/audioVisualisator_bsp/\libucosii_bsp.a(os_cpu_c.o)
                0x000000000001952c                OSTaskStkInit
                0x0000000000019688                OSTaskCreateHook
                0x00000000000196ac                OSTaskDelHook
                0x00000000000196d0                OSTaskSwHook
                0x00000000000196f0                OSTaskStatHook
                0x0000000000019710                OSTimeTickHook
                0x0000000000019730                OSInitHookBegin
                0x0000000000019750                OSInitHookEnd
                0x0000000000019770                OSTaskIdleHook
                0x0000000000019790                OSTCBInitHook
 .text          0x00000000000197b4      0x108 D:/Dev/vhdl/dev/testNIOS/audioVisualisator_bsp/\libucosii_bsp.a(alt_find_file.o)
                0x00000000000197b4                alt_find_file
 .text          0x00000000000198bc       0xdc D:/Dev/vhdl/dev/testNIOS/audioVisualisator_bsp/\libucosii_bsp.a(alt_get_fd.o)
                0x00000000000198bc                alt_get_fd
 .text          0x0000000000019998       0x90 D:/Dev/vhdl/dev/testNIOS/audioVisualisator_bsp/\libucosii_bsp.a(alt_icache_flush.o)
                0x0000000000019998                alt_icache_flush
 .text          0x0000000000019a28        0x0 D:/Dev/vhdl/dev/testNIOS/audioVisualisator_bsp/\libucosii_bsp.a(alt_irq_entry.o)
 .text          0x0000000000019a28        0x0 D:/Dev/vhdl/dev/testNIOS/audioVisualisator_bsp/\libucosii_bsp.a(alt_irq_handler.o)
 .text          0x0000000000019a28        0x0 D:/Dev/vhdl/dev/testNIOS/audioVisualisator_bsp/\libucosii_bsp.a(alt_exception_entry.o)
 .text          0x0000000000019a28       0x9c D:/Dev/vhdl/dev/testNIOS/audioVisualisator_bsp/\libucosii_bsp.a(alt_instruction_exception_entry.o)
                0x0000000000019a28                alt_exception_cause_generated_bad_addr
 .text          0x0000000000019ac4        0x0 d:/dev/vhdl/program/nios2eds/bin/gnu/h-x86_64-mingw32/bin/../lib/gcc/nios2-elf/5.3.0/../../../../../H-x86_64-mingw32/nios2-elf/lib/mhw-mulx\libc.a(lib_a-atexit.o)
 .text.atexit   0x0000000000019ac4       0x14 d:/dev/vhdl/program/nios2eds/bin/gnu/h-x86_64-mingw32/bin/../lib/gcc/nios2-elf/5.3.0/../../../../../H-x86_64-mingw32/nios2-elf/lib/mhw-mulx\libc.a(lib_a-atexit.o)
                0x0000000000019ac4                atexit
 .text          0x0000000000019ad8        0x0 d:/dev/vhdl/program/nios2eds/bin/gnu/h-x86_64-mingw32/bin/../lib/gcc/nios2-elf/5.3.0/../../../../../H-x86_64-mingw32/nios2-elf/lib/mhw-mulx\libc.a(lib_a-exit.o)
 .text.exit     0x0000000000019ad8       0x38 d:/dev/vhdl/program/nios2eds/bin/gnu/h-x86_64-mingw32/bin/../lib/gcc/nios2-elf/5.3.0/../../../../../H-x86_64-mingw32/nios2-elf/lib/mhw-mulx\libc.a(lib_a-exit.o)
                0x0000000000019ad8                exit
 .text          0x0000000000019b10        0x0 d:/dev/vhdl/program/nios2eds/bin/gnu/h-x86_64-mingw32/bin/../lib/gcc/nios2-elf/5.3.0/../../../../../H-x86_64-mingw32/nios2-elf/lib/mhw-mulx\libc.a(lib_a-memcmp.o)
 .text.memcmp   0x0000000000019b10       0x7c d:/dev/vhdl/program/nios2eds/bin/gnu/h-x86_64-mingw32/bin/../lib/gcc/nios2-elf/5.3.0/../../../../../H-x86_64-mingw32/nios2-elf/lib/mhw-mulx\libc.a(lib_a-memcmp.o)
                0x0000000000019b10                memcmp
 .text          0x0000000000019b8c        0x0 d:/dev/vhdl/program/nios2eds/bin/gnu/h-x86_64-mingw32/bin/../lib/gcc/nios2-elf/5.3.0/../../../../../H-x86_64-mingw32/nios2-elf/lib/mhw-mulx\libc.a(lib_a-__atexit.o)
 .text.__register_exitproc
                0x0000000000019b8c      0x118 d:/dev/vhdl/program/nios2eds/bin/gnu/h-x86_64-mingw32/bin/../lib/gcc/nios2-elf/5.3.0/../../../../../H-x86_64-mingw32/nios2-elf/lib/mhw-mulx\libc.a(lib_a-__atexit.o)
                0x0000000000019b8c                __register_exitproc
 .text          0x0000000000019ca4        0x0 d:/dev/vhdl/program/nios2eds/bin/gnu/h-x86_64-mingw32/bin/../lib/gcc/nios2-elf/5.3.0/../../../../../H-x86_64-mingw32/nios2-elf/lib/mhw-mulx\libc.a(lib_a-__call_atexit.o)
 .text.__call_exitprocs
                0x0000000000019ca4      0x180 d:/dev/vhdl/program/nios2eds/bin/gnu/h-x86_64-mingw32/bin/../lib/gcc/nios2-elf/5.3.0/../../../../../H-x86_64-mingw32/nios2-elf/lib/mhw-mulx\libc.a(lib_a-__call_atexit.o)
                0x0000000000019ca4                __call_exitprocs
 .text          0x0000000000019e24       0x34 D:/Dev/vhdl/dev/testNIOS/audioVisualisator_bsp/\libucosii_bsp.a(alt_exit.o)
                0x0000000000019e24                _exit
 *(.gnu.warning.*)
 *(.fini)
                [!provide]                        PROVIDE (__etext, ABSOLUTE (.))
                [!provide]                        PROVIDE (_etext, ABSOLUTE (.))
                [!provide]                        PROVIDE (etext, ABSOLUTE (.))
 *(.eh_frame_hdr)
                0x0000000000019e58                . = ALIGN (0x4)
                [!provide]                        PROVIDE (__preinit_array_start, ABSOLUTE (.))
 *(.preinit_array)
                [!provide]                        PROVIDE (__preinit_array_end, ABSOLUTE (.))
                [!provide]                        PROVIDE (__init_array_start, ABSOLUTE (.))
 *(.init_array)
                [!provide]                        PROVIDE (__init_array_end, ABSOLUTE (.))
                [!provide]                        PROVIDE (__fini_array_start, ABSOLUTE (.))
 *(.fini_array)
                [!provide]                        PROVIDE (__fini_array_end, ABSOLUTE (.))
 *(.eh_frame)
 *(.gcc_except_table .gcc_except_table.*)
 *(.dynamic)
                0x0000000000019e58                PROVIDE (__CTOR_LIST__, ABSOLUTE (.))
 *(.ctors)
 *(SORT(.ctors.*))
                0x0000000000019e58                PROVIDE (__CTOR_END__, ABSOLUTE (.))
                0x0000000000019e58                PROVIDE (__DTOR_LIST__, ABSOLUTE (.))
 *(.dtors)
 *(SORT(.dtors.*))
                0x0000000000019e58                PROVIDE (__DTOR_END__, ABSOLUTE (.))
 *(.jcr)
                0x0000000000019e58                . = ALIGN (0x4)

.rodata         0x0000000000019e58      0x60c
                0x0000000000019e58                PROVIDE (__ram_rodata_start, ABSOLUTE (.))
                0x0000000000019e58                . = ALIGN (0x4)
 *(.rodata .rodata.* .gnu.linkonce.r.*)
 .rodata        0x0000000000019e58       0x54 obj/default/hello_ucosii.o
 .rodata.str1.4
                0x0000000000019eac       0x42 d:/dev/vhdl/program/nios2eds/bin/gnu/h-x86_64-mingw32/bin/../lib/gcc/nios2-elf/5.3.0/../../../../../H-x86_64-mingw32/nios2-elf/lib/mhw-mulx\libc.a(lib_a-vfprintf.o)
 .rodata.zeroes.4404
                0x0000000000019eee       0x10 d:/dev/vhdl/program/nios2eds/bin/gnu/h-x86_64-mingw32/bin/../lib/gcc/nios2-elf/5.3.0/../../../../../H-x86_64-mingw32/nios2-elf/lib/mhw-mulx\libc.a(lib_a-vfprintf.o)
 .rodata.blanks.4403
                0x0000000000019efe       0x10 d:/dev/vhdl/program/nios2eds/bin/gnu/h-x86_64-mingw32/bin/../lib/gcc/nios2-elf/5.3.0/../../../../../H-x86_64-mingw32/nios2-elf/lib/mhw-mulx\libc.a(lib_a-vfprintf.o)
 *fill*         0x0000000000019f0e        0x2 
 .rodata.str1.4
                0x0000000000019f10       0x10 d:/dev/vhdl/program/nios2eds/bin/gnu/h-x86_64-mingw32/bin/../lib/gcc/nios2-elf/5.3.0/../../../../../H-x86_64-mingw32/nios2-elf/lib/mhw-mulx\libc.a(lib_a-dtoa.o)
                                         0x12 (size before relaxing)
 .rodata.str1.4
                0x0000000000019f20        0x2 d:/dev/vhdl/program/nios2eds/bin/gnu/h-x86_64-mingw32/bin/../lib/gcc/nios2-elf/5.3.0/../../../../../H-x86_64-mingw32/nios2-elf/lib/mhw-mulx\libc.a(lib_a-impure.o)
 *fill*         0x0000000000019f22        0x2 
 .rodata.str1.4
                0x0000000000019f24        0xc d:/dev/vhdl/program/nios2eds/bin/gnu/h-x86_64-mingw32/bin/../lib/gcc/nios2-elf/5.3.0/../../../../../H-x86_64-mingw32/nios2-elf/lib/mhw-mulx\libc.a(lib_a-locale.o)
                                         0x12 (size before relaxing)
 .rodata.p05.2768
                0x0000000000019f30        0xc d:/dev/vhdl/program/nios2eds/bin/gnu/h-x86_64-mingw32/bin/../lib/gcc/nios2-elf/5.3.0/../../../../../H-x86_64-mingw32/nios2-elf/lib/mhw-mulx\libc.a(lib_a-mprec.o)
 .rodata.__mprec_tinytens
                0x0000000000019f3c       0x28 d:/dev/vhdl/program/nios2eds/bin/gnu/h-x86_64-mingw32/bin/../lib/gcc/nios2-elf/5.3.0/../../../../../H-x86_64-mingw32/nios2-elf/lib/mhw-mulx\libc.a(lib_a-mprec.o)
                0x0000000000019f3c                __mprec_tinytens
 .rodata.__mprec_bigtens
                0x0000000000019f64       0x28 d:/dev/vhdl/program/nios2eds/bin/gnu/h-x86_64-mingw32/bin/../lib/gcc/nios2-elf/5.3.0/../../../../../H-x86_64-mingw32/nios2-elf/lib/mhw-mulx\libc.a(lib_a-mprec.o)
                0x0000000000019f64                __mprec_bigtens
 .rodata.__mprec_tens
                0x0000000000019f8c       0xc8 d:/dev/vhdl/program/nios2eds/bin/gnu/h-x86_64-mingw32/bin/../lib/gcc/nios2-elf/5.3.0/../../../../../H-x86_64-mingw32/nios2-elf/lib/mhw-mulx\libc.a(lib_a-mprec.o)
                0x0000000000019f8c                __mprec_tens
 .rodata.str1.4
                0x000000000001a054       0x2f d:/dev/vhdl/program/nios2eds/bin/gnu/h-x86_64-mingw32/bin/../lib/gcc/nios2-elf/5.3.0/../../../../../H-x86_64-mingw32/nios2-elf/lib/mhw-mulx\libc.a(lib_a-vfiprintf.o)
 .rodata.zeroes.4349
                0x000000000001a054       0x10 d:/dev/vhdl/program/nios2eds/bin/gnu/h-x86_64-mingw32/bin/../lib/gcc/nios2-elf/5.3.0/../../../../../H-x86_64-mingw32/nios2-elf/lib/mhw-mulx\libc.a(lib_a-vfiprintf.o)
 .rodata.blanks.4348
                0x000000000001a064       0x10 d:/dev/vhdl/program/nios2eds/bin/gnu/h-x86_64-mingw32/bin/../lib/gcc/nios2-elf/5.3.0/../../../../../H-x86_64-mingw32/nios2-elf/lib/mhw-mulx\libc.a(lib_a-vfiprintf.o)
 .rodata        0x000000000001a074      0x100 d:/dev/vhdl/program/nios2eds/bin/gnu/h-x86_64-mingw32/bin/../lib/gcc/nios2-elf/5.3.0/mhw-mulx\libgcc.a(_clz.o)
                0x000000000001a074                __clz_tab
 .rodata        0x000000000001a174        0xa D:/Dev/vhdl/dev/testNIOS/audioVisualisator_bsp/\libucosii_bsp.a(alt_dev.o)
 *fill*         0x000000000001a17e        0x2 
 .rodata        0x000000000001a180        0xf D:/Dev/vhdl/dev/testNIOS/audioVisualisator_bsp/\libucosii_bsp.a(alt_main.o)
 *fill*         0x000000000001a18f        0x1 
 .rodata        0x000000000001a190      0x11e D:/Dev/vhdl/dev/testNIOS/audioVisualisator_bsp/\libucosii_bsp.a(os_core.o)
                0x000000000001a190                OSUnMapTbl
 *fill*         0x000000000001a2ae        0x2 
 .rodata        0x000000000001a2b0      0x1ad D:/Dev/vhdl/dev/testNIOS/audioVisualisator_bsp/\libucosii_bsp.a(alt_sys_init.o)
 *fill*         0x000000000001a45d        0x3 
 .rodata        0x000000000001a460        0x2 D:/Dev/vhdl/dev/testNIOS/audioVisualisator_bsp/\libucosii_bsp.a(os_cpu_c.o)
 *(.rodata1)
                0x000000000001a464                . = ALIGN (0x4)
 *fill*         0x000000000001a462        0x2 
                0x000000000001a464                PROVIDE (__ram_rodata_end, ABSOLUTE (.))
                0x0000000000019e58                PROVIDE (__flash_rodata_start, LOADADDR (.rodata))

.rwdata         0x000000000001a464     0x1f68 load address 0x000000000001c3cc
                0x000000000001a464                PROVIDE (__ram_rwdata_start, ABSOLUTE (.))
                0x000000000001a464                . = ALIGN (0x4)
 *(.got.plt)
 *(.got)
 *(.data1)
 *(.data .data.* .gnu.linkonce.d.*)
 .data          0x000000000001a464        0x0 D:/Dev/vhdl/dev/testNIOS/audioVisualisator_bsp//obj/HAL/src/crt0.o
 .data          0x000000000001a464        0x0 obj/default/hello_ucosii.o
 .data          0x000000000001a464        0x0 obj/default/src/Audio.o
 .data          0x000000000001a464        0x0 obj/default/src/Display.o
 .data          0x000000000001a464        0x0 d:/dev/vhdl/program/nios2eds/bin/gnu/h-x86_64-mingw32/bin/../lib/gcc/nios2-elf/5.3.0/../../../../../H-x86_64-mingw32/nios2-elf/lib/mhw-mulx\libc.a(lib_a-malloc.o)
 .data          0x000000000001a464        0x0 d:/dev/vhdl/program/nios2eds/bin/gnu/h-x86_64-mingw32/bin/../lib/gcc/nios2-elf/5.3.0/../../../../../H-x86_64-mingw32/nios2-elf/lib/mhw-mulx\libc.a(lib_a-mallocr.o)
 .data.__malloc_av_
                0x000000000001a464      0x408 d:/dev/vhdl/program/nios2eds/bin/gnu/h-x86_64-mingw32/bin/../lib/gcc/nios2-elf/5.3.0/../../../../../H-x86_64-mingw32/nios2-elf/lib/mhw-mulx\libc.a(lib_a-mallocr.o)
                0x000000000001a464                __malloc_av_
 .data          0x000000000001a86c        0x0 d:/dev/vhdl/program/nios2eds/bin/gnu/h-x86_64-mingw32/bin/../lib/gcc/nios2-elf/5.3.0/../../../../../H-x86_64-mingw32/nios2-elf/lib/mhw-mulx\libc.a(lib_a-printf.o)
 .data          0x000000000001a86c        0x0 d:/dev/vhdl/program/nios2eds/bin/gnu/h-x86_64-mingw32/bin/../lib/gcc/nios2-elf/5.3.0/../../../../../H-x86_64-mingw32/nios2-elf/lib/mhw-mulx\libc.a(lib_a-rand.o)
 .data          0x000000000001a86c        0x0 d:/dev/vhdl/program/nios2eds/bin/gnu/h-x86_64-mingw32/bin/../lib/gcc/nios2-elf/5.3.0/../../../../../H-x86_64-mingw32/nios2-elf/lib/mhw-mulx\libc.a(lib_a-sbrkr.o)
 .data          0x000000000001a86c        0x0 d:/dev/vhdl/program/nios2eds/bin/gnu/h-x86_64-mingw32/bin/../lib/gcc/nios2-elf/5.3.0/../../../../../H-x86_64-mingw32/nios2-elf/lib/mhw-mulx\libc.a(lib_a-vfprintf.o)
 .data          0x000000000001a86c        0x0 d:/dev/vhdl/program/nios2eds/bin/gnu/h-x86_64-mingw32/bin/../lib/gcc/nios2-elf/5.3.0/../../../../../H-x86_64-mingw32/nios2-elf/lib/mhw-mulx\libc.a(lib_a-wsetup.o)
 .data          0x000000000001a86c        0x0 d:/dev/vhdl/program/nios2eds/bin/gnu/h-x86_64-mingw32/bin/../lib/gcc/nios2-elf/5.3.0/../../../../../H-x86_64-mingw32/nios2-elf/lib/mhw-mulx\libc.a(lib_a-dtoa.o)
 .data          0x000000000001a86c        0x0 d:/dev/vhdl/program/nios2eds/bin/gnu/h-x86_64-mingw32/bin/../lib/gcc/nios2-elf/5.3.0/../../../../../H-x86_64-mingw32/nios2-elf/lib/mhw-mulx\libc.a(lib_a-fflush.o)
 .data          0x000000000001a86c        0x0 d:/dev/vhdl/program/nios2eds/bin/gnu/h-x86_64-mingw32/bin/../lib/gcc/nios2-elf/5.3.0/../../../../../H-x86_64-mingw32/nios2-elf/lib/mhw-mulx\libc.a(lib_a-findfp.o)
 .data          0x000000000001a86c        0x0 d:/dev/vhdl/program/nios2eds/bin/gnu/h-x86_64-mingw32/bin/../lib/gcc/nios2-elf/5.3.0/../../../../../H-x86_64-mingw32/nios2-elf/lib/mhw-mulx\libc.a(lib_a-freer.o)
 .data          0x000000000001a86c        0x0 d:/dev/vhdl/program/nios2eds/bin/gnu/h-x86_64-mingw32/bin/../lib/gcc/nios2-elf/5.3.0/../../../../../H-x86_64-mingw32/nios2-elf/lib/mhw-mulx\libc.a(lib_a-fwalk.o)
 .data          0x000000000001a86c        0x0 d:/dev/vhdl/program/nios2eds/bin/gnu/h-x86_64-mingw32/bin/../lib/gcc/nios2-elf/5.3.0/../../../../../H-x86_64-mingw32/nios2-elf/lib/mhw-mulx\libc.a(lib_a-impure.o)
 .data.impure_data
                0x000000000001a86c      0x424 d:/dev/vhdl/program/nios2eds/bin/gnu/h-x86_64-mingw32/bin/../lib/gcc/nios2-elf/5.3.0/../../../../../H-x86_64-mingw32/nios2-elf/lib/mhw-mulx\libc.a(lib_a-impure.o)
 .data          0x000000000001ac90        0x0 d:/dev/vhdl/program/nios2eds/bin/gnu/h-x86_64-mingw32/bin/../lib/gcc/nios2-elf/5.3.0/../../../../../H-x86_64-mingw32/nios2-elf/lib/mhw-mulx\libc.a(lib_a-int_errno.o)
 .data          0x000000000001ac90        0x0 d:/dev/vhdl/program/nios2eds/bin/gnu/h-x86_64-mingw32/bin/../lib/gcc/nios2-elf/5.3.0/../../../../../H-x86_64-mingw32/nios2-elf/lib/mhw-mulx\libc.a(lib_a-locale.o)
 .data.lc_message_charset
                0x000000000001ac90       0x20 d:/dev/vhdl/program/nios2eds/bin/gnu/h-x86_64-mingw32/bin/../lib/gcc/nios2-elf/5.3.0/../../../../../H-x86_64-mingw32/nios2-elf/lib/mhw-mulx\libc.a(lib_a-locale.o)
 .data.lc_ctype_charset
                0x000000000001acb0       0x20 d:/dev/vhdl/program/nios2eds/bin/gnu/h-x86_64-mingw32/bin/../lib/gcc/nios2-elf/5.3.0/../../../../../H-x86_64-mingw32/nios2-elf/lib/mhw-mulx\libc.a(lib_a-locale.o)
 .data.lconv    0x000000000001acd0       0x38 d:/dev/vhdl/program/nios2eds/bin/gnu/h-x86_64-mingw32/bin/../lib/gcc/nios2-elf/5.3.0/../../../../../H-x86_64-mingw32/nios2-elf/lib/mhw-mulx\libc.a(lib_a-locale.o)
 .data          0x000000000001ad08        0x0 d:/dev/vhdl/program/nios2eds/bin/gnu/h-x86_64-mingw32/bin/../lib/gcc/nios2-elf/5.3.0/../../../../../H-x86_64-mingw32/nios2-elf/lib/mhw-mulx\libc.a(lib_a-makebuf.o)
 .data          0x000000000001ad08        0x0 d:/dev/vhdl/program/nios2eds/bin/gnu/h-x86_64-mingw32/bin/../lib/gcc/nios2-elf/5.3.0/../../../../../H-x86_64-mingw32/nios2-elf/lib/mhw-mulx\libc.a(lib_a-memchr.o)
 .data          0x000000000001ad08        0x0 d:/dev/vhdl/program/nios2eds/bin/gnu/h-x86_64-mingw32/bin/../lib/gcc/nios2-elf/5.3.0/../../../../../H-x86_64-mingw32/nios2-elf/lib/mhw-mulx\libc.a(lib_a-memcpy.o)
 .data          0x000000000001ad08        0x0 d:/dev/vhdl/program/nios2eds/bin/gnu/h-x86_64-mingw32/bin/../lib/gcc/nios2-elf/5.3.0/../../../../../H-x86_64-mingw32/nios2-elf/lib/mhw-mulx\libc.a(lib_a-memset.o)
 .data          0x000000000001ad08        0x0 d:/dev/vhdl/program/nios2eds/bin/gnu/h-x86_64-mingw32/bin/../lib/gcc/nios2-elf/5.3.0/../../../../../H-x86_64-mingw32/nios2-elf/lib/mhw-mulx\libc.a(lib_a-mprec.o)
 .data          0x000000000001ad08        0x0 d:/dev/vhdl/program/nios2eds/bin/gnu/h-x86_64-mingw32/bin/../lib/gcc/nios2-elf/5.3.0/../../../../../H-x86_64-mingw32/nios2-elf/lib/mhw-mulx\libc.a(lib_a-s_fpclassify.o)
 .data          0x000000000001ad08        0x0 d:/dev/vhdl/program/nios2eds/bin/gnu/h-x86_64-mingw32/bin/../lib/gcc/nios2-elf/5.3.0/../../../../../H-x86_64-mingw32/nios2-elf/lib/mhw-mulx\libc.a(lib_a-stdio.o)
 .data          0x000000000001ad08        0x0 d:/dev/vhdl/program/nios2eds/bin/gnu/h-x86_64-mingw32/bin/../lib/gcc/nios2-elf/5.3.0/../../../../../H-x86_64-mingw32/nios2-elf/lib/mhw-mulx\libc.a(lib_a-strcmp.o)
 .data          0x000000000001ad08        0x0 d:/dev/vhdl/program/nios2eds/bin/gnu/h-x86_64-mingw32/bin/../lib/gcc/nios2-elf/5.3.0/../../../../../H-x86_64-mingw32/nios2-elf/lib/mhw-mulx\libc.a(lib_a-strlen.o)
 .data          0x000000000001ad08        0x0 d:/dev/vhdl/program/nios2eds/bin/gnu/h-x86_64-mingw32/bin/../lib/gcc/nios2-elf/5.3.0/../../../../../H-x86_64-mingw32/nios2-elf/lib/mhw-mulx\libc.a(lib_a-vfiprintf.o)
 .data          0x000000000001ad08        0x0 d:/dev/vhdl/program/nios2eds/bin/gnu/h-x86_64-mingw32/bin/../lib/gcc/nios2-elf/5.3.0/../../../../../H-x86_64-mingw32/nios2-elf/lib/mhw-mulx\libc.a(lib_a-writer.o)
 .data          0x000000000001ad08        0x0 d:/dev/vhdl/program/nios2eds/bin/gnu/h-x86_64-mingw32/bin/../lib/gcc/nios2-elf/5.3.0/../../../../../H-x86_64-mingw32/nios2-elf/lib/mhw-mulx\libc.a(closer.o)
 .data          0x000000000001ad08        0x0 d:/dev/vhdl/program/nios2eds/bin/gnu/h-x86_64-mingw32/bin/../lib/gcc/nios2-elf/5.3.0/../../../../../H-x86_64-mingw32/nios2-elf/lib/mhw-mulx\libc.a(lib_a-callocr.o)
 .data          0x000000000001ad08        0x0 d:/dev/vhdl/program/nios2eds/bin/gnu/h-x86_64-mingw32/bin/../lib/gcc/nios2-elf/5.3.0/../../../../../H-x86_64-mingw32/nios2-elf/lib/mhw-mulx\libc.a(lib_a-fclose.o)
 .data          0x000000000001ad08        0x0 d:/dev/vhdl/program/nios2eds/bin/gnu/h-x86_64-mingw32/bin/../lib/gcc/nios2-elf/5.3.0/../../../../../H-x86_64-mingw32/nios2-elf/lib/mhw-mulx\libc.a(lib_a-fputwc.o)
 .data          0x000000000001ad08        0x0 d:/dev/vhdl/program/nios2eds/bin/gnu/h-x86_64-mingw32/bin/../lib/gcc/nios2-elf/5.3.0/../../../../../H-x86_64-mingw32/nios2-elf/lib/mhw-mulx\libc.a(lib_a-fstatr.o)
 .data          0x000000000001ad08        0x0 d:/dev/vhdl/program/nios2eds/bin/gnu/h-x86_64-mingw32/bin/../lib/gcc/nios2-elf/5.3.0/../../../../../H-x86_64-mingw32/nios2-elf/lib/mhw-mulx\libc.a(lib_a-fvwrite.o)
 .data          0x000000000001ad08        0x0 d:/dev/vhdl/program/nios2eds/bin/gnu/h-x86_64-mingw32/bin/../lib/gcc/nios2-elf/5.3.0/../../../../../H-x86_64-mingw32/nios2-elf/lib/mhw-mulx\libc.a(lib_a-isattyr.o)
 .data          0x000000000001ad08        0x0 d:/dev/vhdl/program/nios2eds/bin/gnu/h-x86_64-mingw32/bin/../lib/gcc/nios2-elf/5.3.0/../../../../../H-x86_64-mingw32/nios2-elf/lib/mhw-mulx\libc.a(lib_a-lseekr.o)
 .data          0x000000000001ad08        0x0 d:/dev/vhdl/program/nios2eds/bin/gnu/h-x86_64-mingw32/bin/../lib/gcc/nios2-elf/5.3.0/../../../../../H-x86_64-mingw32/nios2-elf/lib/mhw-mulx\libc.a(lib_a-memmove.o)
 .data          0x000000000001ad08        0x0 d:/dev/vhdl/program/nios2eds/bin/gnu/h-x86_64-mingw32/bin/../lib/gcc/nios2-elf/5.3.0/../../../../../H-x86_64-mingw32/nios2-elf/lib/mhw-mulx\libc.a(lib_a-readr.o)
 .data          0x000000000001ad08        0x0 d:/dev/vhdl/program/nios2eds/bin/gnu/h-x86_64-mingw32/bin/../lib/gcc/nios2-elf/5.3.0/../../../../../H-x86_64-mingw32/nios2-elf/lib/mhw-mulx\libc.a(lib_a-reallocr.o)
 .data          0x000000000001ad08        0x0 d:/dev/vhdl/program/nios2eds/bin/gnu/h-x86_64-mingw32/bin/../lib/gcc/nios2-elf/5.3.0/../../../../../H-x86_64-mingw32/nios2-elf/lib/mhw-mulx\libc.a(lib_a-wbuf.o)
 .data          0x000000000001ad08        0x0 d:/dev/vhdl/program/nios2eds/bin/gnu/h-x86_64-mingw32/bin/../lib/gcc/nios2-elf/5.3.0/../../../../../H-x86_64-mingw32/nios2-elf/lib/mhw-mulx\libc.a(lib_a-wcrtomb.o)
 .data          0x000000000001ad08        0x0 d:/dev/vhdl/program/nios2eds/bin/gnu/h-x86_64-mingw32/bin/../lib/gcc/nios2-elf/5.3.0/../../../../../H-x86_64-mingw32/nios2-elf/lib/mhw-mulx\libc.a(lib_a-wctomb_r.o)
 .data          0x000000000001ad08        0x0 d:/dev/vhdl/program/nios2eds/bin/gnu/h-x86_64-mingw32/bin/../lib/gcc/nios2-elf/5.3.0/mhw-mulx\libgcc.a(_udivdi3.o)
 .data          0x000000000001ad08        0x0 d:/dev/vhdl/program/nios2eds/bin/gnu/h-x86_64-mingw32/bin/../lib/gcc/nios2-elf/5.3.0/mhw-mulx\libgcc.a(_umoddi3.o)
 .data          0x000000000001ad08        0x0 d:/dev/vhdl/program/nios2eds/bin/gnu/h-x86_64-mingw32/bin/../lib/gcc/nios2-elf/5.3.0/mhw-mulx\libgcc.a(lib2-divmod.o)
 .data          0x000000000001ad08        0x0 d:/dev/vhdl/program/nios2eds/bin/gnu/h-x86_64-mingw32/bin/../lib/gcc/nios2-elf/5.3.0/mhw-mulx\libgcc.a(adddf3.o)
 .data          0x000000000001ad08        0x0 d:/dev/vhdl/program/nios2eds/bin/gnu/h-x86_64-mingw32/bin/../lib/gcc/nios2-elf/5.3.0/mhw-mulx\libgcc.a(divdf3.o)
 .data          0x000000000001ad08        0x0 d:/dev/vhdl/program/nios2eds/bin/gnu/h-x86_64-mingw32/bin/../lib/gcc/nios2-elf/5.3.0/mhw-mulx\libgcc.a(eqdf2.o)
 .data          0x000000000001ad08        0x0 d:/dev/vhdl/program/nios2eds/bin/gnu/h-x86_64-mingw32/bin/../lib/gcc/nios2-elf/5.3.0/mhw-mulx\libgcc.a(gedf2.o)
 .data          0x000000000001ad08        0x0 d:/dev/vhdl/program/nios2eds/bin/gnu/h-x86_64-mingw32/bin/../lib/gcc/nios2-elf/5.3.0/mhw-mulx\libgcc.a(ledf2.o)
 .data          0x000000000001ad08        0x0 d:/dev/vhdl/program/nios2eds/bin/gnu/h-x86_64-mingw32/bin/../lib/gcc/nios2-elf/5.3.0/mhw-mulx\libgcc.a(muldf3.o)
 .data          0x000000000001ad08        0x0 d:/dev/vhdl/program/nios2eds/bin/gnu/h-x86_64-mingw32/bin/../lib/gcc/nios2-elf/5.3.0/mhw-mulx\libgcc.a(subdf3.o)
 .data          0x000000000001ad08        0x0 d:/dev/vhdl/program/nios2eds/bin/gnu/h-x86_64-mingw32/bin/../lib/gcc/nios2-elf/5.3.0/mhw-mulx\libgcc.a(fixdfsi.o)
 .data          0x000000000001ad08        0x0 d:/dev/vhdl/program/nios2eds/bin/gnu/h-x86_64-mingw32/bin/../lib/gcc/nios2-elf/5.3.0/mhw-mulx\libgcc.a(floatsidf.o)
 .data          0x000000000001ad08        0x0 d:/dev/vhdl/program/nios2eds/bin/gnu/h-x86_64-mingw32/bin/../lib/gcc/nios2-elf/5.3.0/mhw-mulx\libgcc.a(floatunsidf.o)
 .data          0x000000000001ad08        0x0 d:/dev/vhdl/program/nios2eds/bin/gnu/h-x86_64-mingw32/bin/../lib/gcc/nios2-elf/5.3.0/mhw-mulx\libgcc.a(_clz.o)
 .data          0x000000000001ad08        0x0 d:/dev/vhdl/program/nios2eds/bin/gnu/h-x86_64-mingw32/bin/../lib/gcc/nios2-elf/5.3.0/mhw-mulx\libgcc.a(_clzsi2.o)
 .data          0x000000000001ad08        0x0 D:/Dev/vhdl/dev/testNIOS/audioVisualisator_bsp/\libucosii_bsp.a(alt_close.o)
 .data          0x000000000001ad08      0x1a8 D:/Dev/vhdl/dev/testNIOS/audioVisualisator_bsp/\libucosii_bsp.a(alt_dev.o)
                0x000000000001ad08                alt_dev_null
                0x000000000001ad30                alt_fd_list
 .data          0x000000000001aeb0        0x0 D:/Dev/vhdl/dev/testNIOS/audioVisualisator_bsp/\libucosii_bsp.a(alt_errno.o)
 .data          0x000000000001aeb0        0x0 D:/Dev/vhdl/dev/testNIOS/audioVisualisator_bsp/\libucosii_bsp.a(alt_fstat.o)
 .data          0x000000000001aeb0        0x0 D:/Dev/vhdl/dev/testNIOS/audioVisualisator_bsp/\libucosii_bsp.a(alt_isatty.o)
 .data          0x000000000001aeb0        0x0 D:/Dev/vhdl/dev/testNIOS/audioVisualisator_bsp/\libucosii_bsp.a(alt_load.o)
 .data          0x000000000001aeb0        0x0 D:/Dev/vhdl/dev/testNIOS/audioVisualisator_bsp/\libucosii_bsp.a(alt_lseek.o)
 .data          0x000000000001aeb0        0x0 D:/Dev/vhdl/dev/testNIOS/audioVisualisator_bsp/\libucosii_bsp.a(alt_main.o)
 .data          0x000000000001aeb0        0x0 D:/Dev/vhdl/dev/testNIOS/audioVisualisator_bsp/\libucosii_bsp.a(alt_read.o)
 .data          0x000000000001aeb0        0x0 D:/Dev/vhdl/dev/testNIOS/audioVisualisator_bsp/\libucosii_bsp.a(alt_release_fd.o)
 .data          0x000000000001aeb0        0x0 D:/Dev/vhdl/dev/testNIOS/audioVisualisator_bsp/\libucosii_bsp.a(alt_sbrk.o)
 .data          0x000000000001aeb0        0x0 D:/Dev/vhdl/dev/testNIOS/audioVisualisator_bsp/\libucosii_bsp.a(alt_write.o)
 .data          0x000000000001aeb0        0x0 D:/Dev/vhdl/dev/testNIOS/audioVisualisator_bsp/\libucosii_bsp.a(alt_env_lock.o)
 .data          0x000000000001aeb0        0x0 D:/Dev/vhdl/dev/testNIOS/audioVisualisator_bsp/\libucosii_bsp.a(alt_malloc_lock.o)
 .data          0x000000000001aeb0        0x0 D:/Dev/vhdl/dev/testNIOS/audioVisualisator_bsp/\libucosii_bsp.a(os_core.o)
 .data          0x000000000001aeb0        0x0 D:/Dev/vhdl/dev/testNIOS/audioVisualisator_bsp/\libucosii_bsp.a(os_dbg.o)
 .data          0x000000000001aeb0        0x0 D:/Dev/vhdl/dev/testNIOS/audioVisualisator_bsp/\libucosii_bsp.a(os_flag.o)
 .data          0x000000000001aeb0        0x0 D:/Dev/vhdl/dev/testNIOS/audioVisualisator_bsp/\libucosii_bsp.a(os_mem.o)
 .data          0x000000000001aeb0        0x0 D:/Dev/vhdl/dev/testNIOS/audioVisualisator_bsp/\libucosii_bsp.a(os_q.o)
 .data          0x000000000001aeb0        0x0 D:/Dev/vhdl/dev/testNIOS/audioVisualisator_bsp/\libucosii_bsp.a(os_sem.o)
 .data          0x000000000001aeb0        0x0 D:/Dev/vhdl/dev/testNIOS/audioVisualisator_bsp/\libucosii_bsp.a(os_task.o)
 .data          0x000000000001aeb0        0x0 D:/Dev/vhdl/dev/testNIOS/audioVisualisator_bsp/\libucosii_bsp.a(os_time.o)
 .data          0x000000000001aeb0     0x1460 D:/Dev/vhdl/dev/testNIOS/audioVisualisator_bsp/\libucosii_bsp.a(alt_sys_init.o)
 .data          0x000000000001c310        0x0 D:/Dev/vhdl/dev/testNIOS/audioVisualisator_bsp/\libucosii_bsp.a(altera_avalon_jtag_uart_fd.o)
 .data          0x000000000001c310        0x0 D:/Dev/vhdl/dev/testNIOS/audioVisualisator_bsp/\libucosii_bsp.a(altera_avalon_jtag_uart_init.o)
 .data          0x000000000001c310        0x0 D:/Dev/vhdl/dev/testNIOS/audioVisualisator_bsp/\libucosii_bsp.a(altera_avalon_jtag_uart_ioctl.o)
 .data          0x000000000001c310        0x0 D:/Dev/vhdl/dev/testNIOS/audioVisualisator_bsp/\libucosii_bsp.a(altera_avalon_jtag_uart_read.o)
 .data          0x000000000001c310        0x0 D:/Dev/vhdl/dev/testNIOS/audioVisualisator_bsp/\libucosii_bsp.a(altera_avalon_jtag_uart_write.o)
 .data          0x000000000001c310        0x0 D:/Dev/vhdl/dev/testNIOS/audioVisualisator_bsp/\libucosii_bsp.a(altera_avalon_timer_sc.o)
 .data          0x000000000001c310        0x0 D:/Dev/vhdl/dev/testNIOS/audioVisualisator_bsp/\libucosii_bsp.a(altera_up_avalon_audio.o)
 .data          0x000000000001c310        0x0 D:/Dev/vhdl/dev/testNIOS/audioVisualisator_bsp/\libucosii_bsp.a(altera_up_avalon_character_lcd.o)