Archive member included to satisfy reference by file (symbol)

d:/dev/vhdl/program/nios2eds/bin/gnu/h-x86_64-mingw32/bin/../lib/gcc/nios2-elf/5.3.0/../../../../../H-x86_64-mingw32/nios2-elf/lib/mhw-mulx\libc.a(lib_a-malloc.o)
                              obj/default/hello_ucosii.o (malloc)
d:/dev/vhdl/program/nios2eds/bin/gnu/h-x86_64-mingw32/bin/../lib/gcc/nios2-elf/5.3.0/../../../../../H-x86_64-mingw32/nios2-elf/lib/mhw-mulx\libc.a(lib_a-mallocr.o)
                              d:/dev/vhdl/program/nios2eds/bin/gnu/h-x86_64-mingw32/bin/../lib/gcc/nios2-elf/5.3.0/../../../../../H-x86_64-mingw32/nios2-elf/lib/mhw-mulx\libc.a(lib_a-malloc.o) (_malloc_r)
d:/dev/vhdl/program/nios2eds/bin/gnu/h-x86_64-mingw32/bin/../lib/gcc/nios2-elf/5.3.0/../../../../../H-x86_64-mingw32/nios2-elf/lib/mhw-mulx\libc.a(lib_a-rand.o)
                              obj/default/hello_ucosii.o (srand)
d:/dev/vhdl/program/nios2eds/bin/gnu/h-x86_64-mingw32/bin/../lib/gcc/nios2-elf/5.3.0/../../../../../H-x86_64-mingw32/nios2-elf/lib/mhw-mulx\libc.a(lib_a-sbrkr.o)
                              d:/dev/vhdl/program/nios2eds/bin/gnu/h-x86_64-mingw32/bin/../lib/gcc/nios2-elf/5.3.0/../../../../../H-x86_64-mingw32/nios2-elf/lib/mhw-mulx\libc.a(lib_a-mallocr.o) (_sbrk_r)
d:/dev/vhdl/program/nios2eds/bin/gnu/h-x86_64-mingw32/bin/../lib/gcc/nios2-elf/5.3.0/../../../../../H-x86_64-mingw32/nios2-elf/lib/mhw-mulx\libc.a(lib_a-freer.o)
                              d:/dev/vhdl/program/nios2eds/bin/gnu/h-x86_64-mingw32/bin/../lib/gcc/nios2-elf/5.3.0/../../../../../H-x86_64-mingw32/nios2-elf/lib/mhw-mulx\libc.a(lib_a-malloc.o) (_free_r)
d:/dev/vhdl/program/nios2eds/bin/gnu/h-x86_64-mingw32/bin/../lib/gcc/nios2-elf/5.3.0/../../../../../H-x86_64-mingw32/nios2-elf/lib/mhw-mulx\libc.a(lib_a-impure.o)
                              d:/dev/vhdl/program/nios2eds/bin/gnu/h-x86_64-mingw32/bin/../lib/gcc/nios2-elf/5.3.0/../../../../../H-x86_64-mingw32/nios2-elf/lib/mhw-mulx\libc.a(lib_a-malloc.o) (_impure_ptr)
d:/dev/vhdl/program/nios2eds/bin/gnu/h-x86_64-mingw32/bin/../lib/gcc/nios2-elf/5.3.0/../../../../../H-x86_64-mingw32/nios2-elf/lib/mhw-mulx\libc.a(lib_a-int_errno.o)
                              d:/dev/vhdl/program/nios2eds/bin/gnu/h-x86_64-mingw32/bin/../lib/gcc/nios2-elf/5.3.0/../../../../../H-x86_64-mingw32/nios2-elf/lib/mhw-mulx\libc.a(lib_a-sbrkr.o) (errno)
D:/Dev/vhdl/dev/testProject_bsp/\libucosii_bsp.a(alt_load.o)
                              D:/Dev/vhdl/dev/testProject_bsp//obj/HAL/src/crt0.o (alt_load)
D:/Dev/vhdl/dev/testProject_bsp/\libucosii_bsp.a(alt_main.o)
                              D:/Dev/vhdl/dev/testProject_bsp//obj/HAL/src/crt0.o (alt_main)
D:/Dev/vhdl/dev/testProject_bsp/\libucosii_bsp.a(alt_sbrk.o)
                              d:/dev/vhdl/program/nios2eds/bin/gnu/h-x86_64-mingw32/bin/../lib/gcc/nios2-elf/5.3.0/../../../../../H-x86_64-mingw32/nios2-elf/lib/mhw-mulx\libc.a(lib_a-sbrkr.o) (sbrk)
D:/Dev/vhdl/dev/testProject_bsp/\libucosii_bsp.a(alt_env_lock.o)
                              D:/Dev/vhdl/dev/testProject_bsp/\libucosii_bsp.a(alt_main.o) (alt_envsem)
D:/Dev/vhdl/dev/testProject_bsp/\libucosii_bsp.a(alt_malloc_lock.o)
                              D:/Dev/vhdl/dev/testProject_bsp/\libucosii_bsp.a(alt_main.o) (alt_heapsem)
D:/Dev/vhdl/dev/testProject_bsp/\libucosii_bsp.a(os_core.o)
                              D:/Dev/vhdl/dev/testProject_bsp/\libucosii_bsp.a(alt_malloc_lock.o) (OSRunning)
D:/Dev/vhdl/dev/testProject_bsp/\libucosii_bsp.a(os_dbg.o)
                              D:/Dev/vhdl/dev/testProject_bsp/\libucosii_bsp.a(os_core.o) (OSDebugInit)
D:/Dev/vhdl/dev/testProject_bsp/\libucosii_bsp.a(os_flag.o)
                              D:/Dev/vhdl/dev/testProject_bsp/\libucosii_bsp.a(os_core.o) (OS_FlagInit)
D:/Dev/vhdl/dev/testProject_bsp/\libucosii_bsp.a(os_mem.o)
                              D:/Dev/vhdl/dev/testProject_bsp/\libucosii_bsp.a(os_core.o) (OS_MemInit)
D:/Dev/vhdl/dev/testProject_bsp/\libucosii_bsp.a(os_q.o)
                              D:/Dev/vhdl/dev/testProject_bsp/\libucosii_bsp.a(os_core.o) (OS_QInit)
D:/Dev/vhdl/dev/testProject_bsp/\libucosii_bsp.a(os_sem.o)
                              D:/Dev/vhdl/dev/testProject_bsp/\libucosii_bsp.a(alt_main.o) (OSSemCreate)
D:/Dev/vhdl/dev/testProject_bsp/\libucosii_bsp.a(os_task.o)
                              obj/default/hello_ucosii.o (OSTaskCreateExt)
D:/Dev/vhdl/dev/testProject_bsp/\libucosii_bsp.a(os_time.o)
                              D:/Dev/vhdl/dev/testProject_bsp/\libucosii_bsp.a(os_core.o) (OSTimeDly)
D:/Dev/vhdl/dev/testProject_bsp/\libucosii_bsp.a(alt_sys_init.o)
                              D:/Dev/vhdl/dev/testProject_bsp/\libucosii_bsp.a(alt_main.o) (alt_irq_init)
D:/Dev/vhdl/dev/testProject_bsp/\libucosii_bsp.a(altera_avalon_jtag_uart_fd.o)
                              D:/Dev/vhdl/dev/testProject_bsp/\libucosii_bsp.a(alt_sys_init.o) (altera_avalon_jtag_uart_read_fd)
[...]
Memory Configuration

Name             Origin             Length             Attributes
reset            0x0000000000000000 0x0000000000000020
SDRAM            0x0000000000000020 0x0000000003ffffe0
VGA_Subsystem_Char_Buf_Subsystem_Onchip_SRAM 0x0000000009000000 0x0000000000002000
*default*        0x0000000000000000 0xffffffffffffffff

Linker script and memory map

LOAD D:/Dev/vhdl/dev/testProject_bsp//obj/HAL/src/crt0.o
LOAD obj/default/hello_ucosii.o
LOAD obj/default/src/Display.o
LOAD d:/dev/vhdl/program/nios2eds/bin/gnu/h-x86_64-mingw32/bin/../lib/gcc/nios2-elf/5.3.0/../../../../../H-x86_64-mingw32/nios2-elf/lib/mhw-mulx\libstdc++.a
LOAD d:/dev/vhdl/program/nios2eds/bin/gnu/h-x86_64-mingw32/bin/../lib/gcc/nios2-elf/5.3.0/../../../../../H-x86_64-mingw32/nios2-elf/lib/mhw-mulx\libm.a
LOAD d:/dev/vhdl/program/nios2eds/bin/gnu/h-x86_64-mingw32/bin/../lib/gcc/nios2-elf/5.3.0/mhw-mulx\libgcc.a
START GROUP
LOAD d:/dev/vhdl/program/nios2eds/bin/gnu/h-x86_64-mingw32/bin/../lib/gcc/nios2-elf/5.3.0/../../../../../H-x86_64-mingw32/nios2-elf/lib/mhw-mulx\libc.a
LOAD d:/dev/vhdl/program/nios2eds/bin/gnu/h-x86_64-mingw32/bin/../lib/gcc/nios2-elf/5.3.0/mhw-mulx\libgcc.a
LOAD D:/Dev/vhdl/dev/testProject_bsp/\libucosii_bsp.a
LOAD d:/dev/vhdl/program/nios2eds/bin/gnu/h-x86_64-mingw32/bin/../lib/gcc/nios2-elf/5.3.0/../../../../../H-x86_64-mingw32/nios2-elf/lib/mhw-mulx\libm.a
END GROUP
LOAD d:/dev/vhdl/program/nios2eds/bin/gnu/h-x86_64-mingw32/bin/../lib/gcc/nios2-elf/5.3.0/mhw-mulx\libgcc.a
                0x0000000000000000                __alt_mem_SDRAM = 0x0
                0x0000000009000000                __alt_mem_VGA_Subsystem_Char_Buf_Subsystem_Onchip_SRAM = 0x9000000

.entry          0x0000000000000000       0x20
 *(.entry)
 .entry         0x0000000000000000       0x20 D:/Dev/vhdl/dev/testProject_bsp//obj/HAL/src/crt0.o
                0x0000000000000000                __reset

.exceptions     0x0000000000000020      0x228
                0x0000000000000020                PROVIDE (__ram_exceptions_start, ABSOLUTE (.))
                0x0000000000000020                . = ALIGN (0x20)
 *(.irq)
 *(.exceptions.entry.label)
 .exceptions.entry.label
                0x0000000000000020        0x0 D:/Dev/vhdl/dev/testProject_bsp/\libucosii_bsp.a(alt_irq_entry.o)
                0x0000000000000020                alt_irq_entry
 .exceptions.entry.label
                0x0000000000000020        0x0 D:/Dev/vhdl/dev/testProject_bsp/\libucosii_bsp.a(alt_exception_entry.o)
                0x0000000000000020                alt_exception
 *(.exceptions.entry.user)
 *(.exceptions.entry.ecc_fatal)
 *(.exceptions.entry)
 .exceptions.entry
                0x0000000000000020       0x54 D:/Dev/vhdl/dev/testProject_bsp/\libucosii_bsp.a(alt_exception_entry.o)
 *(.exceptions.irqtest.user)
 *(.exceptions.irqtest)
 .exceptions.irqtest
                0x0000000000000074       0x10 D:/Dev/vhdl/dev/testProject_bsp/\libucosii_bsp.a(alt_irq_entry.o)
 *(.exceptions.irqhandler.user)
 *(.exceptions.irqhandler)
 .exceptions.irqhandler
                0x0000000000000084        0x4 D:/Dev/vhdl/dev/testProject_bsp/\libucosii_bsp.a(alt_irq_entry.o)
 *(.exceptions.irqreturn.user)
 *(.exceptions.irqreturn)
 .exceptions.irqreturn
                0x0000000000000088        0x4 D:/Dev/vhdl/dev/testProject_bsp/\libucosii_bsp.a(alt_irq_entry.o)
 *(.exceptions.notirq.label)
 .exceptions.notirq.label
                0x000000000000008c        0x0 D:/Dev/vhdl/dev/testProject_bsp/\libucosii_bsp.a(alt_irq_entry.o)
 *(.exceptions.notirq.user)
 *(.exceptions.notirq)
 .exceptions.notirq
                0x000000000000008c        0x8 D:/Dev/vhdl/dev/testProject_bsp/\libucosii_bsp.a(alt_exception_entry.o)
 *(.exceptions.soft.user)
 *(.exceptions.soft)
 *(.exceptions.unknown.user)
 *(.exceptions.unknown)
 .exceptions.unknown
                0x0000000000000094       0x14 D:/Dev/vhdl/dev/testProject_bsp/\libucosii_bsp.a(alt_exception_entry.o)
 *(.exceptions.exit.label)
 .exceptions.exit.label
                0x00000000000000a8        0x0 D:/Dev/vhdl/dev/testProject_bsp/\libucosii_bsp.a(alt_irq_entry.o)
 .exceptions.exit.label
                0x00000000000000a8        0x0 D:/Dev/vhdl/dev/testProject_bsp/\libucosii_bsp.a(alt_exception_entry.o)
 *(.exceptions.exit.user)
 *(.exceptions.exit)
 .exceptions.exit
                0x00000000000000a8       0x54 D:/Dev/vhdl/dev/testProject_bsp/\libucosii_bsp.a(alt_exception_entry.o)
 *(.exceptions)
 .exceptions    0x00000000000000fc       0xd8 D:/Dev/vhdl/dev/testProject_bsp/\libucosii_bsp.a(alt_irq_handler.o)
                0x00000000000000fc                alt_irq_handler
 .exceptions    0x00000000000001d4       0x74 D:/Dev/vhdl/dev/testProject_bsp/\libucosii_bsp.a(alt_instruction_exception_entry.o)
                0x00000000000001d4                alt_instruction_exception_entry
                0x0000000000000248                PROVIDE (__ram_exceptions_end, ABSOLUTE (.))
                0x0000000000000020                PROVIDE (__flash_exceptions_start, LOADADDR (.exceptions))

.text           0x0000000000000248     0xd1c4
                [!provide]                        PROVIDE (stext, ABSOLUTE (.))
 *(.interp)
 *(.hash)
 *(.dynsym)
 *(.dynstr)
 *(.gnu.version)
 *(.gnu.version_d)
 *(.gnu.version_r)
 *(.rel.init)
 *(.rela.init)
 *(.rel.text .rel.text.* .rel.gnu.linkonce.t.*)
 *(.rela.text .rela.text.* .rela.gnu.linkonce.t.*)
 *(.rel.fini)
 *(.rela.fini)
 *(.rel.rodata .rel.rodata.* .rel.gnu.linkonce.r.*)
 *(.rela.rodata .rela.rodata.* .rela.gnu.linkonce.r.*)
 *(.rel.data .rel.data.* .rel.gnu.linkonce.d.*)
 *(.rela.data .rela.data.* .rela.gnu.linkonce.d.*)
 *(.rel.tdata .rel.tdata.* .rel.gnu.linkonce.td.*)
 *(.rela.tdata .rela.tdata.* .rela.gnu.linkonce.td.*)
 *(.rel.tbss .rel.tbss.* .rel.gnu.linkonce.tb.*)
 *(.rela.tbss .rela.tbss.* .rela.gnu.linkonce.tb.*)
 *(.rel.ctors)
 *(.rela.ctors)
 *(.rel.dtors)
 *(.rela.dtors)
 *(.rel.got)
 *(.rela.got)
 *(.rel.sdata .rel.sdata.* .rel.gnu.linkonce.s.*)
 *(.rela.sdata .rela.sdata.* .rela.gnu.linkonce.s.*)
 *(.rel.sbss .rel.sbss.* .rel.gnu.linkonce.sb.*)
 *(.rela.sbss .rela.sbss.* .rela.gnu.linkonce.sb.*)
 *(.rel.sdata2 .rel.sdata2.* .rel.gnu.linkonce.s2.*)
 *(.rela.sdata2 .rela.sdata2.* .rela.gnu.linkonce.s2.*)
 *(.rel.sbss2 .rel.sbss2.* .rel.gnu.linkonce.sb2.*)
 *(.rela.sbss2 .rela.sbss2.* .rela.gnu.linkonce.sb2.*)
 *(.rel.bss .rel.bss.* .rel.gnu.linkonce.b.*)
 *(.rela.bss .rela.bss.* .rela.gnu.linkonce.b.*)
 *(.rel.plt)
 *(.rela.plt)
 *(.rel.dyn)
 *(.init)
 *(.plt)
 *(.text .stub .text.* .gnu.linkonce.t.*)
 .text          0x0000000000000248       0x3c D:/Dev/vhdl/dev/testProject_bsp//obj/HAL/src/crt0.o
                0x0000000000000248                _start
 .text          0x0000000000000284      0x2b0 obj/default/hello_ucosii.o
                0x0000000000000284                task1
                0x0000000000000414                task2
                0x0000000000000488                main
 .text          0x0000000000000534      0x1dc obj/default/src/Display.o
                0x0000000000000534                DisplayValues
                0x000000000000063c                DisplayBlock
 .text          0x0000000000000710        0x0 d:/dev/vhdl/program/nios2eds/bin/gnu/h-x86_64-mingw32/bin/../lib/gcc/nios2-elf/5.3.0/../../../../../H-x86_64-mingw32/nios2-elf/lib/mhw-mulx\libc.a(lib_a-malloc.o)
 .text.malloc   0x0000000000000710       0x14 d:/dev/vhdl/program/nios2eds/bin/gnu/h-x86_64-mingw32/bin/../lib/gcc/nios2-elf/5.3.0/../../../../../H-x86_64-mingw32/nios2-elf/lib/mhw-mulx\libc.a(lib_a-malloc.o)
                0x0000000000000710                malloc
 .text.free     0x0000000000000724       0x14 d:/dev/vhdl/program/nios2eds/bin/gnu/h-x86_64-mingw32/bin/../lib/gcc/nios2-elf/5.3.0/../../../../../H-x86_64-mingw32/nios2-elf/lib/mhw-mulx\libc.a(lib_a-malloc.o)
                0x0000000000000724                free
 .text          0x0000000000000738        0x0 d:/dev/vhdl/program/nios2eds/bin/gnu/h-x86_64-mingw32/bin/../lib/gcc/nios2-elf/5.3.0/../../../../../H-x86_64-mingw32/nios2-elf/lib/mhw-mulx\libc.a(lib_a-mallocr.o)
 .text._malloc_r
                0x0000000000000738      0x80c d:/dev/vhdl/program/nios2eds/bin/gnu/h-x86_64-mingw32/bin/../lib/gcc/nios2-elf/5.3.0/../../../../../H-x86_64-mingw32/nios2-elf/lib/mhw-mulx\libc.a(lib_a-mallocr.o)
                0x0000000000000738                _malloc_r
 .text          0x0000000000000f44        0x0 d:/dev/vhdl/program/nios2eds/bin/gnu/h-x86_64-mingw32/bin/../lib/gcc/nios2-elf/5.3.0/../../../../../H-x86_64-mingw32/nios2-elf/lib/mhw-mulx\libc.a(lib_a-rand.o)
 .text.srand    0x0000000000000f44       0x18 d:/dev/vhdl/program/nios2eds/bin/gnu/h-x86_64-mingw32/bin/../lib/gcc/nios2-elf/5.3.0/../../../../../H-x86_64-mingw32/nios2-elf/lib/mhw-mulx\libc.a(lib_a-rand.o)
                0x0000000000000f44                srand
 .text.rand     0x0000000000000f5c       0x60 d:/dev/vhdl/program/nios2eds/bin/gnu/h-x86_64-mingw32/bin/../lib/gcc/nios2-elf/5.3.0/../../../../../H-x86_64-mingw32/nios2-elf/lib/mhw-mulx\libc.a(lib_a-rand.o)
                0x0000000000000f5c                rand
 .text          0x0000000000000fbc        0x0 d:/dev/vhdl/program/nios2eds/bin/gnu/h-x86_64-mingw32/bin/../lib/gcc/nios2-elf/5.3.0/../../../../../H-x86_64-mingw32/nios2-elf/lib/mhw-mulx\libc.a(lib_a-sbrkr.o)
 .text._sbrk_r  0x0000000000000fbc       0x54 d:/dev/vhdl/program/nios2eds/bin/gnu/h-x86_64-mingw32/bin/../lib/gcc/nios2-elf/5.3.0/../../../../../H-x86_64-mingw32/nios2-elf/lib/mhw-mulx\libc.a(lib_a-sbrkr.o)
                0x0000000000000fbc                _sbrk_r
 .text          0x0000000000001010        0x0 d:/dev/vhdl/program/nios2eds/bin/gnu/h-x86_64-mingw32/bin/../lib/gcc/nios2-elf/5.3.0/../../../../../H-x86_64-mingw32/nios2-elf/lib/mhw-mulx\libc.a(lib_a-freer.o)
 .text._malloc_trim_r
                0x0000000000001010      0x124 d:/dev/vhdl/program/nios2eds/bin/gnu/h-x86_64-mingw32/bin/../lib/gcc/nios2-elf/5.3.0/../../../../../H-x86_64-mingw32/nios2-elf/lib/mhw-mulx\libc.a(lib_a-freer.o)
                0x0000000000001010                _malloc_trim_r
 .text._free_r  0x0000000000001134      0x310 d:/dev/vhdl/program/nios2eds/bin/gnu/h-x86_64-mingw32/bin/../lib/gcc/nios2-elf/5.3.0/../../../../../H-x86_64-mingw32/nios2-elf/lib/mhw-mulx\libc.a(lib_a-freer.o)
                0x0000000000001134                _free_r
 .text          0x0000000000001444        0x0 d:/dev/vhdl/program/nios2eds/bin/gnu/h-x86_64-mingw32/bin/../lib/gcc/nios2-elf/5.3.0/../../../../../H-x86_64-mingw32/nios2-elf/lib/mhw-mulx\libc.a(lib_a-impure.o)
 .text          0x0000000000001444        0x0 d:/dev/vhdl/program/nios2eds/bin/gnu/h-x86_64-mingw32/bin/../lib/gcc/nios2-elf/5.3.0/../../../../../H-x86_64-mingw32/nios2-elf/lib/mhw-mulx\libc.a(lib_a-int_errno.o)
 .text          0x0000000000001444       0xec D:/Dev/vhdl/dev/testProject_bsp/\libucosii_bsp.a(alt_load.o)
                0x00000000000014ac                alt_load
 .text          0x0000000000001530       0xbc D:/Dev/vhdl/dev/testProject_bsp/\libucosii_bsp.a(alt_main.o)
                0x0000000000001530                alt_main
 .text          0x00000000000015ec       0xb0 D:/Dev/vhdl/dev/testProject_bsp/\libucosii_bsp.a(alt_sbrk.o)
                0x00000000000015ec                sbrk
 .text          0x000000000000169c      0x124 D:/Dev/vhdl/dev/testProject_bsp/\libucosii_bsp.a(alt_env_lock.o)
                0x000000000000169c                __env_lock
                0x0000000000001760                __env_unlock
 .text          0x00000000000017c0      0x1ec D:/Dev/vhdl/dev/testProject_bsp/\libucosii_bsp.a(alt_malloc_lock.o)
                0x00000000000017c0                __malloc_lock
                0x00000000000018e0                __malloc_unlock
 .text          0x00000000000019ac     0x2024 D:/Dev/vhdl/dev/testProject_bsp/\libucosii_bsp.a(os_core.o)
                0x00000000000019ac                OSEventNameGet
                0x0000000000001acc                OSEventNameSet
                0x0000000000001c0c                OSEventPendMulti
                0x000000000000221c                OSInit
                0x0000000000002274                OSIntEnter
                0x00000000000022c0                OSIntExit
                0x00000000000023b8                OSSchedLock
                0x0000000000002444                OSSchedUnlock
                0x0000000000002520                OSStart
                0x0000000000002590                OSStatInit
                0x0000000000002640                OSTimeTick
                0x0000000000002860                OSVersion
                0x0000000000002880                OS_Dummy
                0x00000000000028a0                OS_EventTaskRdy
                0x0000000000002a38                OS_EventTaskWait
                0x0000000000002b48                OS_EventTaskWaitMulti
                0x0000000000002c98                OS_EventTaskRemove
                0x0000000000002d50                OS_EventTaskRemoveMulti
                0x0000000000002e50                OS_EventWaitListInit
                0x0000000000003230                OS_MemClr
                0x0000000000003284                OS_MemCopy
                0x00000000000032ec                OS_Sched
                0x0000000000003430                OS_StrCopy
                0x00000000000034a4                OS_StrLen
                0x00000000000034f8                OS_TaskIdle
                0x0000000000003554                OS_TaskStat
                0x0000000000003630                OS_TaskStatStkChk
                0x00000000000036fc                OS_TCBInit
 .text          0x00000000000039d0      0x190 D:/Dev/vhdl/dev/testProject_bsp/\libucosii_bsp.a(os_dbg.o)
                0x00000000000039d0                OSDebugInit
 .text          0x0000000000003b60     0x1714 D:/Dev/vhdl/dev/testProject_bsp/\libucosii_bsp.a(os_flag.o)
                0x0000000000003b60                OSFlagAccept
                0x0000000000003e68                OSFlagCreate
                0x0000000000003f70                OSFlagDel
                0x00000000000041b8                OSFlagNameGet
                0x00000000000042e0                OSFlagNameSet
                0x000000000000442c                OSFlagPend
                0x00000000000049e4                OSFlagPendGetFlagsRdy
                0x0000000000004a44                OSFlagPost
                0x0000000000004dd8                OSFlagQuery
                0x0000000000004ffc                OS_FlagInit
                0x00000000000051d0                OS_FlagUnlink
 .text          0x0000000000005274      0x754 D:/Dev/vhdl/dev/testProject_bsp/\libucosii_bsp.a(os_mem.o)
                0x0000000000005274                OSMemCreate
                0x0000000000005448                OSMemGet
                0x0000000000005538                OSMemNameGet
                0x0000000000005628                OSMemNameSet
                0x000000000000573c                OSMemPut
                0x0000000000005814                OSMemQuery
                0x00000000000058fc                OS_MemInit
 .text          0x00000000000059c8     0x1104 D:/Dev/vhdl/dev/testProject_bsp/\libucosii_bsp.a(os_q.o)
                0x00000000000059c8                OSQAccept
                0x0000000000005b08                OSQCreate
                0x0000000000005cb4                OSQDel
                0x0000000000005f34                OSQFlush
                0x0000000000005fec                OSQPend
                0x0000000000006278                OSQPendAbort
                0x00000000000063e4                OSQPost
                0x000000000000654c                OSQPostFront
                0x00000000000066bc                OSQPostOpt
                0x00000000000068c8                OSQQuery
                0x0000000000006a24                OS_QInit
 .text          0x0000000000006acc      0xa60 D:/Dev/vhdl/dev/testProject_bsp/\libucosii_bsp.a(os_sem.o)
                0x0000000000006acc                OSSemAccept
                0x0000000000006b7c                OSSemCreate
                0x0000000000006c54                OSSemDel
                0x0000000000006e94                OSSemPend
                0x00000000000070a0                OSSemPendAbort
                0x000000000000720c                OSSemPost
                0x000000000000731c                OSSemQuery
                0x000000000000742c                OSSemSet
 .text          0x000000000000752c     0x176c D:/Dev/vhdl/dev/testProject_bsp/\libucosii_bsp.a(os_task.o)
                0x000000000000752c                OSTaskChangePrio
                0x0000000000007a1c                OSTaskCreate
                0x0000000000007bc8                OSTaskCreateExt
                0x0000000000007dac                OSTaskDel
                0x00000000000080f0                OSTaskDelReq
                0x0000000000008240                OSTaskNameGet
                0x00000000000083d8                OSTaskNameSet
                0x000000000000858c                OSTaskResume
                0x0000000000008760                OSTaskStkChk
                0x0000000000008920                OSTaskSuspend
                0x0000000000008b04                OSTaskQuery
                0x0000000000008c28                OS_TaskStkClr
 .text          0x0000000000008c98      0x4f4 D:/Dev/vhdl/dev/testProject_bsp/\libucosii_bsp.a(os_time.o)
                0x0000000000008c98                OSTimeDly
                0x0000000000008d9c                OSTimeDlyHMSM
                0x0000000000008efc                OSTimeDlyResume
                0x00000000000090d0                OSTimeGet
                0x000000000000912c                OSTimeSet
 .text          0x000000000000918c      0x880 D:/Dev/vhdl/dev/testProject_bsp/\libucosii_bsp.a(alt_sys_init.o)
                0x00000000000091c0                alt_irq_init
                0x00000000000091f8                alt_sys_init
 .text          0x0000000000009a0c      0x164 D:/Dev/vhdl/dev/testProject_bsp/\libucosii_bsp.a(altera_avalon_jtag_uart_fd.o)
                0x0000000000009a0c                altera_avalon_jtag_uart_read_fd
                0x0000000000009a6c                altera_avalon_jtag_uart_write_fd
                0x0000000000009acc                altera_avalon_jtag_uart_close_fd
                0x0000000000009b1c                altera_avalon_jtag_uart_ioctl_fd
 .text          0x0000000000009b70      0x550 D:/Dev/vhdl/dev/testProject_bsp/\libucosii_bsp.a(altera_avalon_jtag_uart_init.o)
                0x0000000000009b70                altera_avalon_jtag_uart_init
                0x000000000000a058                altera_avalon_jtag_uart_close
 .text          0x000000000000a0c0       0xf0 D:/Dev/vhdl/dev/testProject_bsp/\libucosii_bsp.a(altera_avalon_jtag_uart_ioctl.o)
                0x000000000000a0c0                altera_avalon_jtag_uart_ioctl
 .text          0x000000000000a1b0      0x2bc D:/Dev/vhdl/dev/testProject_bsp/\libucosii_bsp.a(altera_avalon_jtag_uart_read.o)
                0x000000000000a1b0                altera_avalon_jtag_uart_read
 .text          0x000000000000a46c      0x2c4 D:/Dev/vhdl/dev/testProject_bsp/\libucosii_bsp.a(altera_avalon_jtag_uart_write.o)
                0x000000000000a46c                altera_avalon_jtag_uart_write
 .text          0x000000000000a730       0xf0 D:/Dev/vhdl/dev/testProject_bsp/\libucosii_bsp.a(altera_avalon_timer_sc.o)
                0x000000000000a7ac                alt_avalon_timer_sc_init
 .text          0x000000000000a820      0x4f4 D:/Dev/vhdl/dev/testProject_bsp/\libucosii_bsp.a(altera_up_avalon_character_lcd.o)
                0x000000000000a820                get_DDRAM_addr
                0x000000000000a894                alt_up_character_lcd_send_cmd
                0x000000000000a8d4                alt_up_character_lcd_init
                0x000000000000a90c                alt_up_character_lcd_open_dev
                0x000000000000a948                alt_up_character_lcd_write
                0x000000000000a9c4                alt_up_character_lcd_string
                0x000000000000aa3c                alt_up_character_lcd_write_fd
                0x000000000000aa8c                alt_up_character_lcd_set_cursor_pos
                0x000000000000ab00                alt_up_character_lcd_shift_cursor
                0x000000000000ab8c                alt_up_character_lcd_shift_display
                0x000000000000ac18                alt_up_character_lcd_erase_pos
                0x000000000000aca4                alt_up_character_lcd_cursor_off
                0x000000000000acdc                alt_up_character_lcd_cursor_blink_on
 .text          0x000000000000ad14      0x38c D:/Dev/vhdl/dev/testProject_bsp/\libucosii_bsp.a(altera_up_avalon_irda.o)
                0x000000000000ad14                alt_up_irda_enable_read_interrupt
                0x000000000000ad70                alt_up_irda_disable_read_interrupt
                0x000000000000add0                alt_up_irda_get_used_space_in_read_FIFO
                0x000000000000ae10                alt_up_irda_get_available_space_in_write_FIFO
                0x000000000000ae4c                alt_up_irda_check_parity
                0x000000000000ae90                alt_up_irda_write_data
                0x000000000000aed0                alt_up_irda_read_data
                0x000000000000af44                alt_up_irda_read_fd
                0x000000000000afd4                alt_up_irda_write_fd
                0x000000000000b064                alt_up_irda_open_dev
 .text          0x000000000000b0a0      0x6b0 D:/Dev/vhdl/dev/testProject_bsp/\libucosii_bsp.a(altera_up_avalon_ps2.o)
                0x000000000000b0a0                read_RI_bit
                0x000000000000b0d4                read_RE_bit
                0x000000000000b104                read_CE_bit
                0x000000000000b138                read_num_bytes_available
                0x000000000000b168                read_data_valid
                0x000000000000b19c                read_data_byte
                0x000000000000b1c8                alt_up_ps2_init
                0x000000000000b290                alt_up_ps2_enable_read_interrupt
                0x000000000000b2ec                alt_up_ps2_disable_read_interrupt
                0x000000000000b34c                alt_up_ps2_write_data_byte
                0x000000000000b3c0                alt_up_ps2_wait_for_ack
                0x000000000000b428                alt_up_ps2_write_data_byte_with_ack
                0x000000000000b48c                alt_up_ps2_read_data_byte_timeout
                0x000000000000b528                alt_up_ps2_read_data_byte
                0x000000000000b598                alt_up_ps2_clear_fifo
                0x000000000000b5f0                alt_up_ps2_read_fd
                0x000000000000b67c                alt_up_ps2_write_fd
                0x000000000000b714                alt_up_ps2_open_dev
 .text          0x000000000000b750      0x390 D:/Dev/vhdl/dev/testProject_bsp/\libucosii_bsp.a(altera_up_avalon_rs232.o)
                0x000000000000b750                alt_up_rs232_enable_read_interrupt
                0x000000000000b7ac                alt_up_rs232_disable_read_interrupt
                0x000000000000b80c                alt_up_rs232_get_used_space_in_read_FIFO
                0x000000000000b84c                alt_up_rs232_get_available_space_in_write_FIFO
                0x000000000000b888                alt_up_rs232_check_parity
                0x000000000000b8cc                alt_up_rs232_write_data
                0x000000000000b90c                alt_up_rs232_read_data
                0x000000000000b980                alt_up_rs232_read_fd
                0x000000000000ba10                alt_up_rs232_write_fd
                0x000000000000baa4                alt_up_rs232_open_dev
 .text          0x000000000000bae0      0x12c D:/Dev/vhdl/dev/testProject_bsp/\libucosii_bsp.a(alt_alarm_start.o)
                0x000000000000bae0                alt_alarm_start
 .text          0x000000000000bc0c      0x10c D:/Dev/vhdl/dev/testProject_bsp/\libucosii_bsp.a(alt_close.o)
                0x000000000000bc48                close
 .text          0x000000000000bd18       0x20 D:/Dev/vhdl/dev/testProject_bsp/\libucosii_bsp.a(alt_dcache_flush_all.o)
                0x000000000000bd18                alt_dcache_flush_all
 .text          0x000000000000bd38       0x2c D:/Dev/vhdl/dev/testProject_bsp/\libucosii_bsp.a(alt_dev.o)
 .text          0x000000000000bd64       0xe0 D:/Dev/vhdl/dev/testProject_bsp/\libucosii_bsp.a(alt_dev_llist_insert.o)
                0x000000000000bda0                alt_dev_llist_insert
 .text          0x000000000000be44       0x60 D:/Dev/vhdl/dev/testProject_bsp/\libucosii_bsp.a(alt_do_ctors.o)
                0x000000000000be44                _do_ctors
 .text          0x000000000000bea4       0x60 D:/Dev/vhdl/dev/testProject_bsp/\libucosii_bsp.a(alt_do_dtors.o)
                0x000000000000bea4                _do_dtors
 .text          0x000000000000bf04        0x0 D:/Dev/vhdl/dev/testProject_bsp/\libucosii_bsp.a(alt_errno.o)
 .text          0x000000000000bf04       0x90 D:/Dev/vhdl/dev/testProject_bsp/\libucosii_bsp.a(alt_find_dev.o)
                0x000000000000bf04                alt_find_dev
 .text          0x000000000000bf94       0x34 D:/Dev/vhdl/dev/testProject_bsp/\libucosii_bsp.a(alt_icache_flush_all.o)
                0x000000000000bf94                alt_icache_flush_all
 .text          0x000000000000bfc8      0x140 D:/Dev/vhdl/dev/testProject_bsp/\libucosii_bsp.a(alt_io_redirect.o)
                0x000000000000c08c                alt_io_redirect
 .text          0x000000000000c108      0x180 D:/Dev/vhdl/dev/testProject_bsp/\libucosii_bsp.a(alt_irq_register.o)
                0x000000000000c108                alt_irq_register
 .text          0x000000000000c288        0x0 D:/Dev/vhdl/dev/testProject_bsp/\libucosii_bsp.a(alt_irq_vars.o)
 .text          0x000000000000c288      0x254 D:/Dev/vhdl/dev/testProject_bsp/\libucosii_bsp.a(alt_open.o)
                0x000000000000c388                open
 .text          0x000000000000c4dc       0x64 D:/Dev/vhdl/dev/testProject_bsp/\libucosii_bsp.a(alt_release_fd.o)
                0x000000000000c4dc                alt_release_fd
 .text          0x000000000000c540      0x1a4 D:/Dev/vhdl/dev/testProject_bsp/\libucosii_bsp.a(alt_tick.o)
                0x000000000000c540                alt_alarm_stop
                0x000000000000c5dc                alt_tick
 .text          0x000000000000c6e4       0x24 D:/Dev/vhdl/dev/testProject_bsp/\libucosii_bsp.a(altera_nios2_gen2_irq.o)
                0x000000000000c6e4                altera_nios2_gen2_irq_init
 .text          0x000000000000c708       0xd0 D:/Dev/vhdl/dev/testProject_bsp/\libucosii_bsp.a(os_cpu_a.o)
                0x000000000000c708                OSCtxSw
                0x000000000000c708                OSIntCtxSw
                0x000000000000c794                OSStartHighRdy
                0x000000000000c7b4                OSStartTsk
 .text          0x000000000000c7d8      0x288 D:/Dev/vhdl/dev/testProject_bsp/\libucosii_bsp.a(os_cpu_c.o)
                0x000000000000c7d8                OSTaskStkInit
                0x000000000000c934                OSTaskCreateHook
                0x000000000000c958                OSTaskDelHook
                0x000000000000c97c                OSTaskSwHook
                0x000000000000c99c                OSTaskStatHook
                0x000000000000c9bc                OSTimeTickHook
                0x000000000000c9dc                OSInitHookBegin
                0x000000000000c9fc                OSInitHookEnd
                0x000000000000ca1c                OSTaskIdleHook
                0x000000000000ca3c                OSTCBInitHook
 .text          0x000000000000ca60      0x108 D:/Dev/vhdl/dev/testProject_bsp/\libucosii_bsp.a(alt_find_file.o)
                0x000000000000ca60                alt_find_file
 .text          0x000000000000cb68       0xdc D:/Dev/vhdl/dev/testProject_bsp/\libucosii_bsp.a(alt_get_fd.o)
                0x000000000000cb68                alt_get_fd
 .text          0x000000000000cc44       0x90 D:/Dev/vhdl/dev/testProject_bsp/\libucosii_bsp.a(alt_icache_flush.o)
                0x000000000000cc44                alt_icache_flush
 .text          0x000000000000ccd4        0x0 D:/Dev/vhdl/dev/testProject_bsp/\libucosii_bsp.a(alt_irq_entry.o)
 .text          0x000000000000ccd4        0x0 D:/Dev/vhdl/dev/testProject_bsp/\libucosii_bsp.a(alt_irq_handler.o)
 .text          0x000000000000ccd4        0x0 D:/Dev/vhdl/dev/testProject_bsp/\libucosii_bsp.a(alt_exception_entry.o)
 .text          0x000000000000ccd4       0x9c D:/Dev/vhdl/dev/testProject_bsp/\libucosii_bsp.a(alt_instruction_exception_entry.o)
                0x000000000000ccd4                alt_exception_cause_generated_bad_addr
 .text          0x000000000000cd70        0x0 d:/dev/vhdl/program/nios2eds/bin/gnu/h-x86_64-mingw32/bin/../lib/gcc/nios2-elf/5.3.0/../../../../../H-x86_64-mingw32/nios2-elf/lib/mhw-mulx\libc.a(lib_a-atexit.o)
 .text.atexit   0x000000000000cd70       0x14 d:/dev/vhdl/program/nios2eds/bin/gnu/h-x86_64-mingw32/bin/../lib/gcc/nios2-elf/5.3.0/../../../../../H-x86_64-mingw32/nios2-elf/lib/mhw-mulx\libc.a(lib_a-atexit.o)
                0x000000000000cd70                atexit
 .text          0x000000000000cd84        0x0 d:/dev/vhdl/program/nios2eds/bin/gnu/h-x86_64-mingw32/bin/../lib/gcc/nios2-elf/5.3.0/../../../../../H-x86_64-mingw32/nios2-elf/lib/mhw-mulx\libc.a(lib_a-exit.o)
 .text.exit     0x000000000000cd84       0x38 d:/dev/vhdl/program/nios2eds/bin/gnu/h-x86_64-mingw32/bin/../lib/gcc/nios2-elf/5.3.0/../../../../../H-x86_64-mingw32/nios2-elf/lib/mhw-mulx\libc.a(lib_a-exit.o)
                0x000000000000cd84                exit
 .text          0x000000000000cdbc        0x0 d:/dev/vhdl/program/nios2eds/bin/gnu/h-x86_64-mingw32/bin/../lib/gcc/nios2-elf/5.3.0/../../../../../H-x86_64-mingw32/nios2-elf/lib/mhw-mulx\libc.a(lib_a-memcmp.o)
 .text.memcmp   0x000000000000cdbc       0x7c d:/dev/vhdl/program/nios2eds/bin/gnu/h-x86_64-mingw32/bin/../lib/gcc/nios2-elf/5.3.0/../../../../../H-x86_64-mingw32/nios2-elf/lib/mhw-mulx\libc.a(lib_a-memcmp.o)
                0x000000000000cdbc                memcmp
 .text          0x000000000000ce38        0x0 d:/dev/vhdl/program/nios2eds/bin/gnu/h-x86_64-mingw32/bin/../lib/gcc/nios2-elf/5.3.0/../../../../../H-x86_64-mingw32/nios2-elf/lib/mhw-mulx\libc.a(lib_a-memcpy.o)
 .text.memcpy   0x000000000000ce38      0x148 d:/dev/vhdl/program/nios2eds/bin/gnu/h-x86_64-mingw32/bin/../lib/gcc/nios2-elf/5.3.0/../../../../../H-x86_64-mingw32/nios2-elf/lib/mhw-mulx\libc.a(lib_a-memcpy.o)
                0x000000000000ce38                memcpy
 .text          0x000000000000cf80        0x0 d:/dev/vhdl/program/nios2eds/bin/gnu/h-x86_64-mingw32/bin/../lib/gcc/nios2-elf/5.3.0/../../../../../H-x86_64-mingw32/nios2-elf/lib/mhw-mulx\libc.a(lib_a-memset.o)
 .text.memset   0x000000000000cf80      0x128 d:/dev/vhdl/program/nios2eds/bin/gnu/h-x86_64-mingw32/bin/../lib/gcc/nios2-elf/5.3.0/../../../../../H-x86_64-mingw32/nios2-elf/lib/mhw-mulx\libc.a(lib_a-memset.o)
                0x000000000000cf80                memset
 .text          0x000000000000d0a8        0x0 d:/dev/vhdl/program/nios2eds/bin/gnu/h-x86_64-mingw32/bin/../lib/gcc/nios2-elf/5.3.0/../../../../../H-x86_64-mingw32/nios2-elf/lib/mhw-mulx\libc.a(lib_a-strlen.o)
 .text.strlen   0x000000000000d0a8       0x98 d:/dev/vhdl/program/nios2eds/bin/gnu/h-x86_64-mingw32/bin/../lib/gcc/nios2-elf/5.3.0/../../../../../H-x86_64-mingw32/nios2-elf/lib/mhw-mulx\libc.a(lib_a-strlen.o)
                0x000000000000d0a8                strlen
 .text          0x000000000000d140        0x0 d:/dev/vhdl/program/nios2eds/bin/gnu/h-x86_64-mingw32/bin/../lib/gcc/nios2-elf/5.3.0/../../../../../H-x86_64-mingw32/nios2-elf/lib/mhw-mulx\libc.a(lib_a-__atexit.o)
 .text.__register_exitproc
                0x000000000000d140      0x118 d:/dev/vhdl/program/nios2eds/bin/gnu/h-x86_64-mingw32/bin/../lib/gcc/nios2-elf/5.3.0/../../../../../H-x86_64-mingw32/nios2-elf/lib/mhw-mulx\libc.a(lib_a-__atexit.o)
                0x000000000000d140                __register_exitproc
 .text          0x000000000000d258        0x0 d:/dev/vhdl/program/nios2eds/bin/gnu/h-x86_64-mingw32/bin/../lib/gcc/nios2-elf/5.3.0/../../../../../H-x86_64-mingw32/nios2-elf/lib/mhw-mulx\libc.a(lib_a-__call_atexit.o)
 .text.__call_exitprocs
                0x000000000000d258      0x180 d:/dev/vhdl/program/nios2eds/bin/gnu/h-x86_64-mingw32/bin/../lib/gcc/nios2-elf/5.3.0/../../../../../H-x86_64-mingw32/nios2-elf/lib/mhw-mulx\libc.a(lib_a-__call_atexit.o)
                0x000000000000d258                __call_exitprocs
 .text          0x000000000000d3d8       0x34 D:/Dev/vhdl/dev/testProject_bsp/\libucosii_bsp.a(alt_exit.o)
                0x000000000000d3d8                _exit
 *(.gnu.warning.*)
 *(.fini)
                [!provide]                        PROVIDE (__etext, ABSOLUTE (.))
                [!provide]                        PROVIDE (_etext, ABSOLUTE (.))
                [!provide]                        PROVIDE (etext, ABSOLUTE (.))
 *(.eh_frame_hdr)
                0x000000000000d40c                . = ALIGN (0x4)
                [!provide]                        PROVIDE (__preinit_array_start, ABSOLUTE (.))
 *(.preinit_array)
                [!provide]                        PROVIDE (__preinit_array_end, ABSOLUTE (.))
                [!provide]                        PROVIDE (__init_array_start, ABSOLUTE (.))
 *(.init_array)
                [!provide]                        PROVIDE (__init_array_end, ABSOLUTE (.))
                [!provide]                        PROVIDE (__fini_array_start, ABSOLUTE (.))
 *(.fini_array)
                [!provide]                        PROVIDE (__fini_array_end, ABSOLUTE (.))
 *(.eh_frame)
 *(.gcc_except_table .gcc_except_table.*)
 *(.dynamic)
                0x000000000000d40c                PROVIDE (__CTOR_LIST__, ABSOLUTE (.))
 *(.ctors)
 *(SORT(.ctors.*))
                0x000000000000d40c                PROVIDE (__CTOR_END__, ABSOLUTE (.))
                0x000000000000d40c                PROVIDE (__DTOR_LIST__, ABSOLUTE (.))
 *(.dtors)
 *(SORT(.dtors.*))
                0x000000000000d40c                PROVIDE (__DTOR_END__, ABSOLUTE (.))
 *(.jcr)
                0x000000000000d40c                . = ALIGN (0x4)

.rodata         0x000000000000d40c      0x2f4
                0x000000000000d40c                PROVIDE (__ram_rodata_start, ABSOLUTE (.))
                0x000000000000d40c                . = ALIGN (0x4)
 *(.rodata .rodata.* .gnu.linkonce.r.*)
 .rodata.str1.4
                0x000000000000d40c        0x4 d:/dev/vhdl/program/nios2eds/bin/gnu/h-x86_64-mingw32/bin/../lib/gcc/nios2-elf/5.3.0/../../../../../H-x86_64-mingw32/nios2-elf/lib/mhw-mulx\libc.a(lib_a-impure.o)
                                          0x2 (size before relaxing)
 .rodata        0x000000000000d410        0xf D:/Dev/vhdl/dev/testProject_bsp/\libucosii_bsp.a(alt_main.o)
 *fill*         0x000000000000d41f        0x1 
 .rodata        0x000000000000d420      0x11e D:/Dev/vhdl/dev/testProject_bsp/\libucosii_bsp.a(os_core.o)
                0x000000000000d420                OSUnMapTbl
 *fill*         0x000000000000d53e        0x2 
 .rodata        0x000000000000d540      0x1ad D:/Dev/vhdl/dev/testProject_bsp/\libucosii_bsp.a(alt_sys_init.o)
 *fill*         0x000000000000d6ed        0x3 
 .rodata        0x000000000000d6f0        0xa D:/Dev/vhdl/dev/testProject_bsp/\libucosii_bsp.a(alt_dev.o)
 *fill*         0x000000000000d6fa        0x2 
 .rodata        0x000000000000d6fc        0x2 D:/Dev/vhdl/dev/testProject_bsp/\libucosii_bsp.a(os_cpu_c.o)
 *(.rodata1)
                0x000000000000d700                . = ALIGN (0x4)
 *fill*         0x000000000000d6fe        0x2 
                0x000000000000d700                PROVIDE (__ram_rodata_end, ABSOLUTE (.))
                0x000000000000d40c                PROVIDE (__flash_rodata_start, LOADADDR (.rodata))

.rwdata         0x000000000000d700     0x1ee8 load address 0x000000000000f5e8
                0x000000000000d700                PROVIDE (__ram_rwdata_start, ABSOLUTE (.))
                0x000000000000d700                . = ALIGN (0x4)
 *(.got.plt)
 *(.got)
 *(.data1)
 *(.data .data.* .gnu.linkonce.d.*)
 .data          0x000000000000d700        0x0 D:/Dev/vhdl/dev/testProject_bsp//obj/HAL/src/crt0.o
 .data          0x000000000000d700        0x0 obj/default/hello_ucosii.o
 .data          0x000000000000d700        0x0 obj/default/src/Display.o
 .data          0x000000000000d700        0x0 d:/dev/vhdl/program/nios2eds/bin/gnu/h-x86_64-mingw32/bin/../lib/gcc/nios2-elf/5.3.0/../../../../../H-x86_64-mingw32/nios2-elf/lib/mhw-mulx\libc.a(lib_a-malloc.o)
 .data          0x000000000000d700        0x0 d:/dev/vhdl/program/nios2eds/bin/gnu/h-x86_64-mingw32/bin/../lib/gcc/nios2-elf/5.3.0/../../../../../H-x86_64-mingw32/nios2-elf/lib/mhw-mulx\libc.a(lib_a-mallocr.o)
 .data.__malloc_av_
                0x000000000000d700      0x408 d:/dev/vhdl/program/nios2eds/bin/gnu/h-x86_64-mingw32/bin/../lib/gcc/nios2-elf/5.3.0/../../../../../H-x86_64-mingw32/nios2-elf/lib/mhw-mulx\libc.a(lib_a-mallocr.o)
                0x000000000000d700                __malloc_av_
 .data          0x000000000000db08        0x0 d:/dev/vhdl/program/nios2eds/bin/gnu/h-x86_64-mingw32/bin/../lib/gcc/nios2-elf/5.3.0/../../../../../H-x86_64-mingw32/nios2-elf/lib/mhw-mulx\libc.a(lib_a-rand.o)
 .data          0x000000000000db08        0x0 d:/dev/vhdl/program/nios2eds/bin/gnu/h-x86_64-mingw32/bin/../lib/gcc/nios2-elf/5.3.0/../../../../../H-x86_64-mingw32/nios2-elf/lib/mhw-mulx\libc.a(lib_a-sbrkr.o)
 .data          0x000000000000db08        0x0 d:/dev/vhdl/program/nios2eds/bin/gnu/h-x86_64-mingw32/bin/../lib/gcc/nios2-elf/5.3.0/../../../../../H-x86_64-mingw32/nios2-elf/lib/mhw-mulx\libc.a(lib_a-freer.o)
 .data          0x000000000000db08        0x0 d:/dev/vhdl/program/nios2eds/bin/gnu/h-x86_64-mingw32/bin/../lib/gcc/nios2-elf/5.3.0/../../../../../H-x86_64-mingw32/nios2-elf/lib/mhw-mulx\libc.a(lib_a-impure.o)
 .data.impure_data
                0x000000000000db08      0x424 d:/dev/vhdl/program/nios2eds/bin/gnu/h-x86_64-mingw32/bin/../lib/gcc/nios2-elf/5.3.0/../../../../../H-x86_64-mingw32/nios2-elf/lib/mhw-mulx\libc.a(lib_a-impure.o)
 .data          0x000000000000df2c        0x0 d:/dev/vhdl/program/nios2eds/bin/gnu/h-x86_64-mingw32/bin/../lib/gcc/nios2-elf/5.3.0/../../../../../H-x86_64-mingw32/nios2-elf/lib/mhw-mulx\libc.a(lib_a-int_errno.o)
 .data          0x000000000000df2c        0x0 D:/Dev/vhdl/dev/testProject_bsp/\libucosii_bsp.a(alt_load.o)
 .data          0x000000000000df2c        0x0 D:/Dev/vhdl/dev/testProject_bsp/\libucosii_bsp.a(alt_main.o)
 .data          0x000000000000df2c        0x0 D:/Dev/vhdl/dev/testProject_bsp/\libucosii_bsp.a(alt_sbrk.o)
 .data          0x000000000000df2c        0x0 D:/Dev/vhdl/dev/testProject_bsp/\libucosii_bsp.a(alt_env_lock.o)
 .data          0x000000000000df2c        0x0 D:/Dev/vhdl/dev/testProject_bsp/\libucosii_bsp.a(alt_malloc_lock.o)
 .data          0x000000000000df2c        0x0 D:/Dev/vhdl/dev/testProject_bsp/\libucosii_bsp.a(os_core.o)
 .data          0x000000000000df2c        0x0 D:/Dev/vhdl/dev/testProject_bsp/\libucosii_bsp.a(os_dbg.o)
 .data          0x000000000000df2c        0x0 D:/Dev/vhdl/dev/testProject_bsp/\libucosii_bsp.a(os_flag.o)
 .data          0x000000000000df2c        0x0 D:/Dev/vhdl/dev/testProject_bsp/\libucosii_bsp.a(os_mem.o)
 .data          0x000000000000df2c        0x0 D:/Dev/vhdl/dev/testProject_bsp/\libucosii_bsp.a(os_q.o)
 .data          0x000000000000df2c        0x0 D:/Dev/vhdl/dev/testProject_bsp/\libucosii_bsp.a(os_sem.o)
 .data          0x000000000000df2c        0x0 D:/Dev/vhdl/dev/testProject_bsp/\libucosii_bsp.a(os_task.o)
 .data          0x000000000000df2c        0x0 D:/Dev/vhdl/dev/testProject_bsp/\libucosii_bsp.a(os_time.o)
 .data          0x000000000000df2c     0x1460 D:/Dev/vhdl/dev/testProject_bsp/\libucosii_bsp.a(alt_sys_init.o)
 .data          0x000000000000f38c        0x0 D:/Dev/vhdl/dev/testProject_bsp/\libucosii_bsp.a(altera_avalon_jtag_uart_fd.o)
 .data          0x000000000000f38c        0x0 D:/Dev/vhdl/dev/testProject_bsp/\libucosii_bsp.a(altera_avalon_jtag_uart_init.o)
 .data          0x000000000000f38c        0x0 D:/Dev/vhdl/dev/testProject_bsp/\libucosii_bsp.a(altera_avalon_jtag_uart_ioctl.o)
 .data          0x000000000000f38c        0x0 D:/Dev/vhdl/dev/testProject_bsp/\libucosii_bsp.a(altera_avalon_jtag_uart_read.o)
 .data          0x000000000000f38c        0x0 D:/Dev/vhdl/dev/testProject_bsp/\libucosii_bsp.a(altera_avalon_jtag_uart_write.o)
 .data          0x000000000000f38c        0x0 D:/Dev/vhdl/dev/testProject_bsp/\libucosii_bsp.a(altera_avalon_timer_sc.o)
 .data          0x000000000000f38c        0x0 D:/Dev/vhdl/dev/testProject_bsp/\libucosii_bsp.a(altera_up_avalon_character_lcd.o)
 .data          0x000000000000f38c        0x0 D:/Dev/vhdl/dev/testProject_bsp/\libucosii_bsp.a(altera_up_avalon_irda.o)
 .data          0x000000000000f38c        0x0 D:/Dev/vhdl/dev/testProject_bsp/\libucosii_bsp.a(altera_up_avalon_ps2.o)
 .data          0x000000000000f38c        0x0 D:/Dev/vhdl/dev/testProject_bsp/\libucosii_bsp.a(altera_up_avalon_rs232.o)
 .data          0x000000000000f38c        0x0 D:/Dev/vhdl/dev/testProject_bsp/\libucosii_bsp.a(alt_alarm_start.o)
 .data          0x000000000000f38c        0x0 D:/Dev/vhdl/dev/testProject_bsp/\libucosii_bsp.a(alt_close.o)
 .data          0x000000000000f38c        0x0 D:/Dev/vhdl/dev/testProject_bsp/\libucosii_bsp.a(alt_dcache_flush_all.o)
 .data          0x000000000000f38c      0x1a8 D:/Dev/vhdl/dev/testProject_bsp/\libucosii_bsp.a(alt_dev.o)
                0x000000000000f38c                alt_dev_null
                0x000000000000f3b4                alt_fd_list
 .data          0x000000000000f534        0x0 D:/Dev/vhdl/dev/testProject_bsp/\libucosii_bsp.a(alt_dev_llist_insert.o)
 .data          0x000000000000f534        0x0 D:/Dev/vhdl/dev/testProject_bsp/\libucosii_bsp.a(alt_do_ctors.o)
 .data          0x000000000000f534        0x0 D:/Dev/vhdl/dev/testProject_bsp/\libucosii_bsp.a(alt_do_dtors.o)
 .data          0x000000000000f534        0x0 D:/Dev/vhdl/dev/testProject_bsp/\libucosii_bsp.a(alt_errno.o)
 .data          0x000000000000f534        0x0 D:/Dev/vhdl/dev/testProject_bsp/\libucosii_bsp.a(alt_find_dev.o)
 .data          0x000000000000f534        0x0 D:/Dev/vhdl/dev/testProject_bsp/\libucosii_bsp.a(alt_icache_flush_all.o)
 .data          0x000000000000f534        0x0 D:/Dev/vhdl/dev/testProject_bsp/\libucosii_bsp.a(alt_io_redirect.o)
 .data          0x000000000000f534        0x0 D:/Dev/vhdl/dev/testProject_bsp/\libucosii_bsp.a(alt_irq_register.o)
 .data          0x000000000000f534        0x0 D:/Dev/vhdl/dev/testProject_bsp/\libucosii_bsp.a(alt_irq_vars.o)
 .data          0x000000000000f534        0x0 D:/Dev/vhdl/dev/testProject_bsp/\libucosii_bsp.a(alt_open.o)
 .data          0x000000000000f534        0x0 D:/Dev/vhdl/dev/testProject_bsp/\libucosii_bsp.a(alt_release_fd.o)
 .data          0x000000000000f534        0x0 D:/Dev/vhdl/dev/testProject_bsp/\libucosii_bsp.a(alt_tick.o)
 .data          0x000000000000f534        0x0 D:/Dev/vhdl/dev/testProject_bsp/\libucosii_bsp.a(altera_nios2_gen2_irq.o)
 .data          0x000000000000f534        0x0 D:/Dev/vhdl/dev/testProject_bsp/\libucosii_bsp.a(os_cpu_a.o)
 .data          0x000000000000f534        0x0 D:/Dev/vhdl/dev/testProject_bsp/\libucosii_bsp.a(os_cpu_c.o)
 .data          0x000000000000f534        0x0 D:/Dev/vhdl/dev/testProject_bsp/\libucosii_bsp.a(alt_find_file.o)
 .data          0x000000000000f534        0x0 D:/Dev/vhdl/dev/testProject_bsp/\libucosii_bsp.a(alt_get_fd.o)
 .data          0x000000000000f534        0x0 D:/Dev/vhdl/dev/testProject_bsp/\libucosii_bsp.a(alt_icache_flush.o)
 .data          0x000000000000f534        0x0 D:/Dev/vhdl/dev/testProject_bsp/\libucosii_bsp.a(alt_irq_entry.o)
 .data          0x000000000000f534        0x0 D:/Dev/vhdl/dev/testProject_bsp/\libucosii_bsp.a(alt_irq_handler.o)
 .data          0x000000000000f534        0x0 D:/Dev/vhdl/dev/testProject_bsp/\libucosii_bsp.a(alt_exception_entry.o)
 .data          0x000000000000f534        0x0 D:/Dev/vhdl/dev/testProject_bsp/\libucosii_bsp.a(alt_instruction_exception_entry.o)
 .data          0x000000000000f534        0x0 d:/dev/vhdl/program/nios2eds/bin/gnu/h-x86_64-mingw32/bin/../lib/gcc/nios2-elf/5.3.0/../../../../../H-x86_64-mingw32/nios2-elf/lib/mhw-mulx\libc.a(lib_a-atexit.o)
 .data          0x000000000000f534        0x0 d:/dev/vhdl/program/nios2eds/bin/gnu/h-x86_64-mingw32/bin/../lib/gcc/nios2-elf/5.3.0/../../../../../H-x86_64-mingw32/nios2-elf/lib/mhw-mulx\libc.a(lib_a-exit.o)
 .data          0x000000000000f534        0x0 d:/dev/vhdl/program/nios2eds/bin/gnu/h-x86_64-mingw32/bin/../lib/gcc/nios2-elf/5.3.0/../../../../../H-x86_64-mingw32/nios2-elf/lib/mhw-mulx\libc.a(lib_a-memcmp.o)
 .data          0x000000000000f534        0x0 d:/dev/vhdl/program/nios2eds/bin/gnu/h-x86_64-mingw32/bin/../lib/gcc/nios2-elf/5.3.0/../../../../../H-x86_64-mingw32/nios2-elf/lib/mhw-mulx\libc.a(lib_a-memcpy.o)
 .data          0x000000000000f534        0x0 d:/dev/vhdl/program/nios2eds/bin/gnu/h-x86_64-mingw32/bin/../lib/gcc/nios2-elf/5.3.0/../../../../../H-x86_64-mingw32/nios2-elf/lib/mhw-mulx\libc.a(lib_a-memset.o)
 .data          0x000000000000f534        0x0 d:/dev/vhdl/program/nios2eds/bin/gnu/h-x86_64-mingw32/bin/../lib/gcc/nios2-elf/5.3.0/../../../../../H-x86_64-mingw32/nios2-elf/lib/mhw-mulx\libc.a(lib_a-strlen.o)
 .data          0x000000000000f534        0x0 d:/dev/vhdl/program/nios2eds/bin/gnu/h-x86_64-mingw32/bin/../lib/gcc/nios2-elf/5.3.0/../../../../../H-x86_64-mingw32/nios2-elf/lib/mhw-mulx\libc.a(lib_a-__atexit.o)
 .data          0x000000000000f534        0x0 d:/dev/vhdl/program/nios2eds/bin/gnu/h-x86_64-mingw32/bin/../lib/gcc/nios2-elf/5.3.0/../../../../../H-x86_64-mingw32/nios2-elf/lib/mhw-mulx\libc.a(lib_a-__call_atexit.o)
 .data          0x000000000000f534        0x0 D:/Dev/vhdl/dev/testProject_bsp/\libucosii_bsp.a(alt_exit.o)
                0x0000000000017534                _gp = ABSOLUTE ((. + 0x8000))
                [!provide]                        PROVIDE (gp, _gp)
 *(.rwdata .rwdata.*)
 *(.sdata .sdata.* .gnu.linkonce.s.*)
 .sdata.__malloc_sbrk_base
                0x000000000000f534        0x4 d:/dev/vhdl/program/nios2eds/bin/gnu/h-x86_64-mingw32/bin/../lib/gcc/nios2-elf/5.3.0/../../../../../H-x86_64-mingw32/nios2-elf/lib/mhw-mulx\libc.a(lib_a-mallocr.o)
                0x000000000000f534                __malloc_sbrk_base
 .sdata.__malloc_trim_threshold
                0x000000000000f538        0x4 d:/dev/vhdl/program/nios2eds/bin/gnu/h-x86_64-mingw32/bin/../lib/gcc/nios2-elf/5.3.0/../../../../../H-x86_64-mingw32/nios2-elf/lib/mhw-mulx\libc.a(lib_a-mallocr.o)
                0x000000000000f538                __malloc_trim_threshold
 .sdata._global_impure_ptr
                0x000000000000f53c        0x4 d:/dev/vhdl/program/nios2eds/bin/gnu/h-x86_64-mingw32/bin/../lib/gcc/nios2-elf/5.3.0/../../../../../H-x86_64-mingw32/nios2-elf/lib/mhw-mulx\libc.a(lib_a-impure.o)
                0x000000000000f53c                _global_impure_ptr
 .sdata._impure_ptr
                0x000000000000f540        0x4 d:/dev/vhdl/program/nios2eds/bin/gnu/h-x86_64-mingw32/bin/../lib/gcc/nios2-elf/5.3.0/../../../../../H-x86_64-mingw32/nios2-elf/lib/mhw-mulx\libc.a(lib_a-impure.o)
                0x000000000000f540                _impure_ptr
 .sdata         0x000000000000f544        0x4 D:/Dev/vhdl/dev/testProject_bsp/\libucosii_bsp.a(alt_sbrk.o)
 .sdata         0x000000000000f548        0x4 D:/Dev/vhdl/dev/testProject_bsp/\libucosii_bsp.a(alt_env_lock.o)
 .sdata         0x000000000000f54c        0x4 D:/Dev/vhdl/dev/testProject_bsp/\libucosii_bsp.a(alt_malloc_lock.o)
 .sdata         0x000000000000f550       0x72 D:/Dev/vhdl/dev/testProject_bsp/\libucosii_bsp.a(os_dbg.o)
                0x000000000000f550                OSDebugEn
                0x000000000000f554                OSEndiannessTest
                0x000000000000f558                OSEventEn
                0x000000000000f55a                OSEventMax
                0x000000000000f55c                OSEventNameSize
                0x000000000000f55e                OSEventSize
                0x000000000000f560                OSEventTblSize
                0x000000000000f562                OSEventMultiEn
                0x000000000000f564                OSFlagEn
                0x000000000000f566                OSFlagGrpSize
                0x000000000000f568                OSFlagNodeSize
                0x000000000000f56a                OSFlagWidth
                0x000000000000f56c                OSFlagMax
                0x000000000000f56e                OSFlagNameSize
                0x000000000000f570                OSLowestPrio
                0x000000000000f572                OSMboxEn
                0x000000000000f574                OSMemEn
                0x000000000000f576                OSMemMax
                0x000000000000f578                OSMemNameSize
                0x000000000000f57a                OSMemSize
                0x000000000000f57c                OSMemTblSize
                0x000000000000f57e                OSMutexEn
                0x000000000000f580                OSPtrSize
                0x000000000000f582                OSQEn
                0x000000000000f584                OSQMax
                0x000000000000f586                OSQSize
                0x000000000000f588                OSRdyTblSize
                0x000000000000f58a                OSSemEn
                0x000000000000f58c                OSStkWidth
                0x000000000000f58e                OSTaskCreateEn
                0x000000000000f590                OSTaskCreateExtEn
                0x000000000000f592                OSTaskDelEn
                0x000000000000f594                OSTaskIdleStkSize
                0x000000000000f596                OSTaskProfileEn
                0x000000000000f598                OSTaskMax
                0x000000000000f59a                OSTaskNameSize
                0x000000000000f59c                OSTaskStatEn
                0x000000000000f59e                OSTaskStatStkSize
                0x000000000000f5a0                OSTaskStatStkChkEn
                0x000000000000f5a2                OSTaskSwHookEn
                0x000000000000f5a4                OSTCBPrioTblMax
                0x000000000000f5a6                OSTCBSize
                0x000000000000f5a8                OSTicksPerSec
                0x000000000000f5aa                OSTimeTickHookEn
                0x000000000000f5ac                OSVersionNbr
                0x000000000000f5ae                OSTmrEn
                0x000000000000f5b0                OSTmrCfgMax
                0x000000000000f5b2                OSTmrCfgNameSize
                0x000000000000f5b4                OSTmrCfgWheelSize
                0x000000000000f5b6                OSTmrCfgTicksPerSec
                0x000000000000f5b8                OSTmrSize
                0x000000000000f5ba                OSTmrTblSize
                0x000000000000f5bc                OSTmrWheelSize
                0x000000000000f5be                OSTmrWheelTblSize
                0x000000000000f5c0                OSDataSize
 *fill*         0x000000000000f5c2        0x2 
 .sdata         0x000000000000f5c4       0x14 D:/Dev/vhdl/dev/testProject_bsp/\libucosii_bsp.a(alt_dev.o)
                0x000000000000f5c4                alt_fs_list
                0x000000000000f5cc                alt_dev_list
                0x000000000000f5d4                alt_max_fd
 .sdata         0x000000000000f5d8        0x4 D:/Dev/vhdl/dev/testProject_bsp/\libucosii_bsp.a(alt_errno.o)
                0x000000000000f5d8                alt_errno
 .sdata         0x000000000000f5dc        0x4 D:/Dev/vhdl/dev/testProject_bsp/\libucosii_bsp.a(alt_irq_vars.o)
                0x000000000000f5dc                alt_priority_mask
 .sdata         0x000000000000f5e0        0x8 D:/Dev/vhdl/dev/testProject_bsp/\libucosii_bsp.a(alt_tick.o)
                0x000000000000f5e0                alt_alarm_list
 *(.sdata2 .sdata2.* .gnu.linkonce.s2.*)
                0x000000000000f5e8                . = ALIGN (0x4)
                0x000000000000f5e8                _edata = ABSOLUTE (.)
                [!provide]                        PROVIDE (edata, ABSOLUTE (.))
                0x000000000000f5e8                PROVIDE (__ram_rwdata_end, ABSOLUTE (.))
                0x000000000000f5e8                PROVIDE (__flash_rwdata_start, LOADADDR (.rwdata))

.bss            0x00000000000114d0     0x73dc
                0x00000000000114d0                __bss_start = ABSOLUTE (.)
                [!provide]                        PROVIDE (__sbss_start, ABSOLUTE (.))
                [!provide]                        PROVIDE (___sbss_start, ABSOLUTE (.))
 *(.dynsbss)
 *(.sbss .sbss.* .gnu.linkonce.sb.*)
 .sbss.__malloc_max_total_mem
                0x00000000000114d0        0x4 d:/dev/vhdl/program/nios2eds/bin/gnu/h-x86_64-mingw32/bin/../lib/gcc/nios2-elf/5.3.0/../../../../../H-x86_64-mingw32/nios2-elf/lib/mhw-mulx\libc.a(lib_a-mallocr.o)
                0x00000000000114d0                __malloc_max_total_mem
 .sbss.__malloc_max_sbrked_mem
                0x00000000000114d4        0x4 d:/dev/vhdl/program/nios2eds/bin/gnu/h-x86_64-mingw32/bin/../lib/gcc/nios2-elf/5.3.0/../../../../../H-x86_64-mingw32/nios2-elf/lib/mhw-mulx\libc.a(lib_a-mallocr.o)
                0x00000000000114d4                __malloc_max_sbrked_mem
 .sbss.__malloc_top_pad
                0x00000000000114d8        0x4 d:/dev/vhdl/program/nios2eds/bin/gnu/h-x86_64-mingw32/bin/../lib/gcc/nios2-elf/5.3.0/../../../../../H-x86_64-mingw32/nios2-elf/lib/mhw-mulx\libc.a(lib_a-mallocr.o)
                0x00000000000114d8                __malloc_top_pad
 .sbss          0x00000000000114dc        0x4 d:/dev/vhdl/program/nios2eds/bin/gnu/h-x86_64-mingw32/bin/../lib/gcc/nios2-elf/5.3.0/../../../../../H-x86_64-mingw32/nios2-elf/lib/mhw-mulx\libc.a(lib_a-int_errno.o)
                0x00000000000114dc                errno
 .sbss          0x00000000000114e0        0xc D:/Dev/vhdl/dev/testProject_bsp/\libucosii_bsp.a(alt_main.o)
                0x00000000000114e0                alt_argc
                0x00000000000114e4                alt_argv
                0x00000000000114e8                alt_envp
 .sbss          0x00000000000114ec        0x8 D:/Dev/vhdl/dev/testProject_bsp/\libucosii_bsp.a(alt_env_lock.o)
                0x00000000000114f0                alt_envsem
 .sbss          0x00000000000114f4        0x8 D:/Dev/vhdl/dev/testProject_bsp/\libucosii_bsp.a(alt_malloc_lock.o)
                0x00000000000114f8                alt_heapsem
 .sbss          0x00000000000114fc       0x50 D:/Dev/vhdl/dev/testProject_bsp/\libucosii_bsp.a(os_core.o)
                0x00000000000114fc                OSLockNesting
                0x00000000000114fd                OSRunning
                0x0000000000011500                OSIdleCtr
                0x0000000000011504                OSPrioHighRdy
                0x0000000000011505                OSPrioCur
                0x0000000000011508                OSTCBList
                0x000000000001150c                OSTickStepState
                0x0000000000011510                OSCtxSwCtr
                0x0000000000011514                OSIdleCtrMax
                0x0000000000011518                OSTCBFreeList
                0x000000000001151c                OSCPUUsage
                0x000000000001151d                OSTaskCtr
                0x0000000000011520                OSMemFreeList
                0x0000000000011524                OSTCBHighRdy
                0x0000000000011528                OSQFreeList
                0x000000000001152c                OSRdyGrp
                0x000000000001152d                OSRdyTbl
                0x0000000000011530                OSEventFreeList
                0x0000000000011534                OSIntNesting
                0x0000000000011538                OSTCBCur
                0x000000000001153c                OSTime
                0x0000000000011540                OSFlagFreeList
                0x0000000000011544                OSStatRdy
                0x0000000000011548                OSIdleCtrRun
 .sbss          0x000000000001154c        0x4 D:/Dev/vhdl/dev/testProject_bsp/\libucosii_bsp.a(alt_dev.o)
                0x000000000001154c                alt_fd_list_lock
 .sbss          0x0000000000011550        0x4 D:/Dev/vhdl/dev/testProject_bsp/\libucosii_bsp.a(alt_irq_vars.o)
                0x0000000000011550                alt_irq_active
 .sbss          0x0000000000011554        0x8 D:/Dev/vhdl/dev/testProject_bsp/\libucosii_bsp.a(alt_tick.o)
                0x0000000000011554                _alt_tick_rate
                0x0000000000011558                _alt_nticks
 .sbss          0x000000000001155c        0x4 D:/Dev/vhdl/dev/testProject_bsp/\libucosii_bsp.a(alt_instruction_exception_entry.o)
                0x000000000001155c                alt_instruction_exception_handler
 *(.sbss2 .sbss2.* .gnu.linkonce.sb2.*)
 *(.scommon)
                [!provide]                        PROVIDE (__sbss_end, ABSOLUTE (.))
                [!provide]                        PROVIDE (___sbss_end, ABSOLUTE (.))
 *(.dynbss)
 *(.bss .bss.* .gnu.linkonce.b.*)
 .bss           0x0000000000011560        0x0 D:/Dev/vhdl/dev/testProject_bsp//obj/HAL/src/crt0.o
 .bss           0x0000000000011560        0x0 obj/default/hello_ucosii.o
 .bss           0x0000000000011560        0x0 obj/default/src/Display.o
 .bss           0x0000000000011560        0x0 d:/dev/vhdl/program/nios2eds/bin/gnu/h-x86_64-mingw32/bin/../lib/gcc/nios2-elf/5.3.0/../../../../../H-x86_64-mingw32/nios2-elf/lib/mhw-mulx\libc.a(lib_a-malloc.o)
 .bss           0x0000000000011560        0x0 d:/dev/vhdl/program/nios2eds/bin/gnu/h-x86_64-mingw32/bin/../lib/gcc/nios2-elf/5.3.0/../../../../../H-x86_64-mingw32/nios2-elf/lib/mhw-mulx\libc.a(lib_a-mallocr.o)
 .bss.__malloc_current_mallinfo
                0x0000000000011560       0x28 d:/dev/vhdl/program/nios2eds/bin/gnu/h-x86_64-mingw32/bin/../lib/gcc/nios2-elf/5.3.0/../../../../../H-x86_64-mingw32/nios2-elf/lib/mhw-mulx\libc.a(lib_a-mallocr.o)
                0x0000000000011560                __malloc_current_mallinfo
 .bss           0x0000000000011588        0x0 d:/dev/vhdl/program/nios2eds/bin/gnu/h-x86_64-mingw32/bin/../lib/gcc/nios2-elf/5.3.0/../../../../../H-x86_64-mingw32/nios2-elf/lib/mhw-mulx\libc.a(lib_a-rand.o)
 .bss           0x0000000000011588        0x0 d:/dev/vhdl/program/nios2eds/bin/gnu/h-x86_64-mingw32/bin/../lib/gcc/nios2-elf/5.3.0/../../../../../H-x86_64-mingw32/nios2-elf/lib/mhw-mulx\libc.a(lib_a-sbrkr.o)
 .bss           0x0000000000011588        0x0 d:/dev/vhdl/program/nios2eds/bin/gnu/h-x86_64-mingw32/bin/../lib/gcc/nios2-elf/5.3.0/../../../../../H-x86_64-mingw32/nios2-elf/lib/mhw-mulx\libc.a(lib_a-freer.o)
 .bss           0x0000000000011588        0x0 d:/dev/vhdl/program/nios2eds/bin/gnu/h-x86_64-mingw32/bin/../lib/gcc/nios2-elf/5.3.0/../../../../../H-x86_64-mingw32/nios2-elf/lib/mhw-mulx\libc.a(lib_a-impure.o)
 .bss           0x0000000000011588        0x0 d:/dev/vhdl/program/nios2eds/bin/gnu/h-x86_64-mingw32/bin/../lib/gcc/nios2-elf/5.3.0/../../../../../H-x86_64-mingw32/nios2-elf/lib/mhw-mulx\libc.a(lib_a-int_errno.o)
 .bss           0x0000000000011588        0x0 D:/Dev/vhdl/dev/testProject_bsp/\libucosii_bsp.a(alt_load.o)
 .bss           0x0000000000011588        0x0 D:/Dev/vhdl/dev/testProject_bsp/\libucosii_bsp.a(alt_main.o)
 .bss           0x0000000000011588        0x0 D:/Dev/vhdl/dev/testProject_bsp/\libucosii_bsp.a(alt_sbrk.o)
 .bss           0x0000000000011588        0x0 D:/Dev/vhdl/dev/testProject_bsp/\libucosii_bsp.a(alt_env_lock.o)
 .bss           0x0000000000011588        0x0 D:/Dev/vhdl/dev/testProject_bsp/\libucosii_bsp.a(alt_malloc_lock.o)
 .bss           0x0000000000011588        0x0 D:/Dev/vhdl/dev/testProject_bsp/\libucosii_bsp.a(os_core.o)
 .bss           0x0000000000011588        0x0 D:/Dev/vhdl/dev/testProject_bsp/\libucosii_bsp.a(os_dbg.o)
 .bss           0x0000000000011588        0x0 D:/Dev/vhdl/dev/testProject_bsp/\libucosii_bsp.a(os_flag.o)
 .bss           0x0000000000011588        0x0 D:/Dev/vhdl/dev/testProject_bsp/\libucosii_bsp.a(os_mem.o)
 .bss           0x0000000000011588        0x0 D:/Dev/vhdl/dev/testProject_bsp/\libucosii_bsp.a(os_q.o)
 .bss           0x0000000000011588        0x0 D:/Dev/vhdl/dev/testProject_bsp/\libucosii_bsp.a(os_sem.o)
 .bss           0x0000000000011588        0x0 D:/Dev/vhdl/dev/testProject_bsp/\libucosii_bsp.a(os_task.o)
 .bss           0x0000000000011588        0x0 D:/Dev/vhdl/dev/testProject_bsp/\libucosii_bsp.a(os_time.o)
 .bss           0x0000000000011588        0x0 D:/Dev/vhdl/dev/testProject_bsp/\libucosii_bsp.a(alt_sys_init.o)
 .bss           0x0000000000011588        0x0 D:/Dev/vhdl/dev/testProject_bsp/\libucosii_bsp.a(altera_avalon_jtag_uart_fd.o)
 .bss           0x0000000000011588        0x0 D:/Dev/vhdl/dev/testProject_bsp/\libucosii_bsp.a(altera_avalon_jtag_uart_init.o)
 .bss           0x0000000000011588        0x0 D:/Dev/vhdl/dev/testProject_bsp/\libucosii_bsp.a(altera_avalon_jtag_uart_ioctl.o)
 .bss           0x0000000000011588        0x0 D:/Dev/vhdl/dev/testProject_bsp/\libucosii_bsp.a(altera_avalon_jtag_uart_read.o)
 .bss           0x0000000000011588        0x0 D:/Dev/vhdl/dev/testProject_bsp/\libucosii_bsp.a(altera_avalon_jtag_uart_write.o)
 .bss           0x0000000000011588        0x0 D:/Dev/vhdl/dev/testProject_bsp/\libucosii_bsp.a(altera_avalon_timer_sc.o)
 .bss           0x0000000000011588        0x0 D:/Dev/vhdl/dev/testProject_bsp/\libucosii_bsp.a(altera_up_avalon_character_lcd.o)
 .bss           0x0000000000011588        0x0 D:/Dev/vhdl/dev/testProject_bsp/\libucosii_bsp.a(altera_up_avalon_irda.o)
 .bss           0x0000000000011588        0x0 D:/Dev/vhdl/dev/testProject_bsp/\libucosii_bsp.a(altera_up_avalon_ps2.o)
 .bss           0x0000000000011588        0x0 D:/Dev/vhdl/dev/testProject_bsp/\libucosii_bsp.a(altera_up_avalon_rs232.o)
 .bss           0x0000000000011588        0x0 D:/Dev/vhdl/dev/testProject_bsp/\libucosii_bsp.a(alt_alarm_start.o)
 .bss           0x0000000000011588        0x0 D:/Dev/vhdl/dev/testProject_bsp/\libucosii_bsp.a(alt_close.o)
 .bss           0x0000000000011588        0x0 D:/Dev/vhdl/dev/testProject_bsp/\libucosii_bsp.a(alt_dcache_flush_all.o)
 .bss           0x0000000000011588        0x0 D:/Dev/vhdl/dev/testProject_bsp/\libucosii_bsp.a(alt_dev.o)
 .bss           0x0000000000011588        0x0 D:/Dev/vhdl/dev/testProject_bsp/\libucosii_bsp.a(alt_dev_llist_insert.o)
 .bss           0x0000000000011588        0x0 D:/Dev/vhdl/dev/testProject_bsp/\libucosii_bsp.a(alt_do_ctors.o)
 .bss           0x0000000000011588        0x0 D:/Dev/vhdl/dev/testProject_bsp/\libucosii_bsp.a(alt_do_dtors.o)
 .bss           0x0000000000011588        0x0 D:/Dev/vhdl/dev/testProject_bsp/\libucosii_bsp.a(alt_errno.o)
 .bss           0x0000000000011588        0x0 D:/Dev/vhdl/dev/testProject_bsp/\libucosii_bsp.a(alt_find_dev.o)
 .bss           0x0000000000011588        0x0 D:/Dev/vhdl/dev/testProject_bsp/\libucosii_bsp.a(alt_icache_flush_all.o)
 .bss           0x0000000000011588        0x0 D:/Dev/vhdl/dev/testProject_bsp/\libucosii_bsp.a(alt_io_redirect.o)
 .bss           0x0000000000011588        0x0 D:/Dev/vhdl/dev/testProject_bsp/\libucosii_bsp.a(alt_irq_register.o)
 .bss           0x0000000000011588        0x0 D:/Dev/vhdl/dev/testProject_bsp/\libucosii_bsp.a(alt_irq_vars.o)
 .bss           0x0000000000011588        0x0 D:/Dev/vhdl/dev/testProject_bsp/\libucosii_bsp.a(alt_open.o)
 .bss           0x0000000000011588        0x0 D:/Dev/vhdl/dev/testProject_bsp/\libucosii_bsp.a(alt_release_fd.o)
 .bss           0x0000000000011588        0x0 D:/Dev/vhdl/dev/testProject_bsp/\libucosii_bsp.a(alt_tick.o)
 .bss           0x0000000000011588        0x0 D:/Dev/vhdl/dev/testProject_bsp/\libucosii_bsp.a(altera_nios2_gen2_irq.o)
 .bss           0x0000000000011588        0x0 D:/Dev/vhdl/dev/testProject_bsp/\libucosii_bsp.a(os_cpu_a.o)
 .bss           0x0000000000011588        0x0 D:/Dev/vhdl/dev/testProject_bsp/\libucosii_bsp.a(os_cpu_c.o)
 .bss           0x0000000000011588        0x0 D:/Dev/vhdl/dev/testProject_bsp/\libucosii_bsp.a(alt_find_file.o)
 .bss           0x0000000000011588        0x0 D:/Dev/vhdl/dev/testProject_bsp/\libucosii_bsp.a(alt_get_fd.o)
 .bss           0x0000000000011588        0x0 D:/Dev/vhdl/dev/testProject_bsp/\libucosii_bsp.a(alt_icache_flush.o)
 .bss           0x0000000000011588        0x0 D:/Dev/vhdl/dev/testProject_bsp/\libucosii_bsp.a(alt_irq_entry.o)
 .bss           0x0000000000011588        0x0 D:/Dev/vhdl/dev/testProject_bsp/\libucosii_bsp.a(alt_irq_handler.o)
 .bss           0x0000000000011588        0x0 D:/Dev/vhdl/dev/testProject_bsp/\libucosii_bsp.a(alt_exception_entry.o)
 .bss           0x0000000000011588        0x0 D:/Dev/vhdl/dev/testProject_bsp/\libucosii_bsp.a(alt_instruction_exception_entry.o)
 .bss           0x0000000000011588        0x0 d:/dev/vhdl/program/nios2eds/bin/gnu/h-x86_64-mingw32/bin/../lib/gcc/nios2-elf/5.3.0/../../../../../H-x86_64-mingw32/nios2-elf/lib/mhw-mulx\libc.a(lib_a-atexit.o)
 .bss           0x0000000000011588        0x0 d:/dev/vhdl/program/nios2eds/bin/gnu/h-x86_64-mingw32/bin/../lib/gcc/nios2-elf/5.3.0/../../../../../H-x86_64-mingw32/nios2-elf/lib/mhw-mulx\libc.a(lib_a-exit.o)
 .bss           0x0000000000011588        0x0 d:/dev/vhdl/program/nios2eds/bin/gnu/h-x86_64-mingw32/bin/../lib/gcc/nios2-elf/5.3.0/../../../../../H-x86_64-mingw32/nios2-elf/lib/mhw-mulx\libc.a(lib_a-memcmp.o)
 .bss           0x0000000000011588        0x0 d:/dev/vhdl/program/nios2eds/bin/gnu/h-x86_64-mingw32/bin/../lib/gcc/nios2-elf/5.3.0/../../../../../H-x86_64-mingw32/nios2-elf/lib/mhw-mulx\libc.a(lib_a-memcpy.o)
 .bss           0x0000000000011588        0x0 d:/dev/vhdl/program/nios2eds/bin/gnu/h-x86_64-mingw32/bin/../lib/gcc/nios2-elf/5.3.0/../../../../../H-x86_64-mingw32/nios2-elf/lib/mhw-mulx\libc.a(lib_a-memset.o)
 .bss           0x0000000000011588        0x0 d:/dev/vhdl/program/nios2eds/bin/gnu/h-x86_64-mingw32/bin/../lib/gcc/nios2-elf/5.3.0/../../../../../H-x86_64-mingw32/nios2-elf/lib/mhw-mulx\libc.a(lib_a-strlen.o)
 .bss           0x0000000000011588        0x0 d:/dev/vhdl/program/nios2eds/bin/gnu/h-x86_64-mingw32/bin/../lib/gcc/nios2-elf/5.3.0/../../../../../H-x86_64-mingw32/nios2-elf/lib/mhw-mulx\libc.a(lib_a-__atexit.o)
 .bss           0x0000000000011588        0x0 d:/dev/vhdl/program/nios2eds/bin/gnu/h-x86_64-mingw32/bin/../lib/gcc/nios2-elf/5.3.0/../../../../../H-x86_64-mingw32/nios2-elf/lib/mhw-mulx\libc.a(lib_a-__call_atexit.o)
 .bss           0x0000000000011588        0x0 D:/Dev/vhdl/dev/testProject_bsp/\libucosii_bsp.a(alt_exit.o)
 *(COMMON)
 COMMON         0x0000000000011588     0x4000 obj/default/hello_ucosii.o
                0x0000000000011588                task1_stk
                0x0000000000013588                task2_stk
 COMMON         0x0000000000015588     0x3224 D:/Dev/vhdl/dev/testProject_bsp/\libucosii_bsp.a(os_core.o)
                0x0000000000015588                OSFlagTbl
                0x00000000000158f8                OSMemTbl
                0x0000000000016528                OSTaskStatStk
                0x0000000000016d28                OSQTbl
                0x0000000000016f08                OSTaskIdleStk
                0x0000000000017708                OSEventTbl
                0x0000000000018248                OSTCBTbl
                0x0000000000018758                OSTCBPrioTbl
 COMMON         0x00000000000187ac      0x100 D:/Dev/vhdl/dev/testProject_bsp/\libucosii_bsp.a(alt_irq_handler.o)
                0x00000000000187ac                alt_irq
                0x00000000000188ac                . = ALIGN (0x4)
                0x00000000000188ac                __bss_end = ABSOLUTE (.)

.SDRAM          0x00000000000188ac        0x0
                [!provide]                        PROVIDE (_alt_partition_SDRAM_start, ABSOLUTE (.))
 *(.SDRAM .SDRAM. SDRAM.*)
                0x00000000000188ac                . = ALIGN (0x4)
                [!provide]                        PROVIDE (_alt_partition_SDRAM_end, ABSOLUTE (.))
                0x00000000000188ac                _end = ABSOLUTE (.)
                0x00000000000188ac                end = ABSOLUTE (.)
                0x00000000000188ac                __alt_stack_base = ABSOLUTE (.)
                [!provide]                        PROVIDE (_alt_partition_SDRAM_load_addr, LOADADDR (.SDRAM))

.VGA_Subsystem_Char_Buf_Subsystem_Onchip_SRAM
                0x0000000009000000        0x0 load address 0x00000000000188ac
                [!provide]                        PROVIDE (_alt_partition_VGA_Subsystem_Char_Buf_Subsystem_Onchip_SRAM_start, ABSOLUTE (.))
 *(.VGA_Subsystem_Char_Buf_Subsystem_Onchip_SRAM .VGA_Subsystem_Char_Buf_Subsystem_Onchip_SRAM. VGA_Subsystem_Char_Buf_Subsystem_Onchip_SRAM.*)
                0x0000000009000000                . = ALIGN (0x4)
                [!provide]                        PROVIDE (_alt_partition_VGA_Subsystem_Char_Buf_Subsystem_Onchip_SRAM_end, ABSOLUTE (.))
                [!provide]                        PROVIDE (_alt_partition_VGA_Subsystem_Char_Buf_Subsystem_Onchip_SRAM_load_addr, LOADADDR (.VGA_Subsystem_Char_Buf_Subsystem_Onchip_SRAM))

.stab
 *(.stab)

.stabstr
 *(.stabstr)

.stab.excl
 *(.stab.excl)

.stab.exclstr
 *(.stab.exclstr)

.stab.index
 *(.stab.index)

.stab.indexstr
 *(.stab.indexstr)

.comment        0x0000000000000000       0x23
 *(.comment)
 .comment       0x0000000000000000       0x23 obj/default/hello_ucosii.o
                                         0x24 (size before relaxing)
 .comment       0x0000000000000023       0x24 obj/default/src/Display.o
 .comment       0x0000000000000023       0x24 d:/dev/vhdl/program/nios2eds/bin/gnu/h-x86_64-mingw32/bin/../lib/gcc/nios2-elf/5.3.0/../../../../../H-x86_64-mingw32/nios2-elf/lib/mhw-mulx\libc.a(lib_a-malloc.o)
 .comment       0x0000000000000023       0x24 d:/dev/vhdl/program/nios2eds/bin/gnu/h-x86_64-mingw32/bin/../lib/gcc/nios2-elf/5.3.0/../../../../../H-x86_64-mingw32/nios2-elf/lib/mhw-mulx\libc.a(lib_a-mallocr.o)
 .comment       0x0000000000000023       0x24 d:/dev/vhdl/program/nios2eds/bin/gnu/h-x86_64-mingw32/bin/../lib/gcc/nios2-elf/5.3.0/../../../../../H-x86_64-mingw32/nios2-elf/lib/mhw-mulx\libc.a(lib_a-rand.o)
 .comment       0x0000000000000023       0x24 d:/dev/vhdl/program/nios2eds/bin/gnu/h-x86_64-mingw32/bin/../lib/gcc/nios2-elf/5.3.0/../../../../../H-x86_64-mingw32/nios2-elf/lib/mhw-mulx\libc.a(lib_a-sbrkr.o)
 .comment       0x0000000000000023       0x24 d:/dev/vhdl/program/nios2eds/bin/gnu/h-x86_64-mingw32/bin/../lib/gcc/nios2-elf/5.3.0/../../../../../H-x86_64-mingw32/nios2-elf/lib/mhw-mulx\libc.a(lib_a-freer.o)
 .comment       0x0000000000000023       0x24 d:/dev/vhdl/program/nios2eds/bin/gnu/h-x86_64-mingw32/bin/../lib/gcc/nios2-elf/5.3.0/../../../../../H-x86_64-mingw32/nios2-elf/lib/mhw-mulx\libc.a(lib_a-impure.o)
 .comment       0x0000000000000023       0x24 d:/dev/vhdl/program/nios2eds/bin/gnu/h-x86_64-mingw32/bin/../lib/gcc/nios2-elf/5.3.0/../../../../../H-x86_64-mingw32/nios2-elf/lib/mhw-mulx\libc.a(lib_a-int_errno.o)
 .comment       0x0000000000000023       0x24 D:/Dev/vhdl/dev/testProject_bsp/\libucosii_bsp.a(alt_load.o)
 .comment       0x0000000000000023       0x24 D:/Dev/vhdl/dev/testProject_bsp/\libucosii_bsp.a(alt_main.o)
 .comment       0x0000000000000023       0x24 D:/Dev/vhdl/dev/testProject_bsp/\libucosii_bsp.a(alt_sbrk.o)
 .comment       0x0000000000000023       0x24 D:/Dev/vhdl/dev/testProject_bsp/\libucosii_bsp.a(alt_env_lock.o)
 .comment       0x0000000000000023       0x24 D:/Dev/vhdl/dev/testProject_bsp/\libucosii_bsp.a(alt_malloc_lock.o)
 .comment       0x0000000000000023       0x24 D:/Dev/vhdl/dev/testProject_bsp/\libucosii_bsp.a(os_core.o)
 .comment       0x0000000000000023       0x24 D:/Dev/vhdl/dev/testProject_bsp/\libucosii_bsp.a(os_dbg.o)
 .comment       0x0000000000000023       0x24 D:/Dev/vhdl/dev/testProject_bsp/\libucosii_bsp.a(os_flag.o)
 .comment       0x0000000000000023       0x24 D:/Dev/vhdl/dev/testProject_bsp/\libucosii_bsp.a(os_mem.o)
 .comment       0x0000000000000023       0x24 D:/Dev/vhdl/dev/testProject_bsp/\libucosii_bsp.a(os_q.o)
 .comment       0x0000000000000023       0x24 D:/Dev/vhdl/dev/testProject_bsp/\libucosii_bsp.a(os_sem.o)
 .comment       0x0000000000000023       0x24 D:/Dev/vhdl/dev/testProject_bsp/\libucosii_bsp.a(os_task.o)
 .comment       0x0000000000000023       0x24 D:/Dev/vhdl/dev/testProject_bsp/\libucosii_bsp.a(os_time.o)
 .comment       0x0000000000000023       0x24 D:/Dev/vhdl/dev/testProject_bsp/\libucosii_bsp.a(alt_sys_init.o)
 .comment       0x0000000000000023       0x24 D:/Dev/vhdl/dev/testProject_bsp/\libucosii_bsp.a(altera_avalon_jtag_uart_fd.o)
 .comment       0x0000000000000023       0x24 D:/Dev/vhdl/dev/testProject_bsp/\libucosii_bsp.a(altera_avalon_jtag_uart_init.o)
 .comment       0x0000000000000023       0x24 D:/Dev/vhdl/dev/testProject_bsp/\libucosii_bsp.a(altera_avalon_jtag_uart_ioctl.o)
 .comment       0x0000000000000023       0x24 D:/Dev/vhdl/dev/testProject_bsp/\libucosii_bsp.a(altera_avalon_jtag_uart_read.o)
 .comment       0x0000000000000023       0x24 D:/Dev/vhdl/dev/testProject_bsp/\libucosii_bsp.a(altera_avalon_jtag_uart_write.o)
 .comment       0x0000000000000023       0x24 D:/Dev/vhdl/dev/testProject_bsp/\libucosii_bsp.a(altera_avalon_timer_sc.o)
 .comment       0x0000000000000023       0x24 D:/Dev/vhdl/dev/testProject_bsp/\libucosii_bsp.a(altera_up_avalon_character_lcd.o)
 .comment       0x0000000000000023       0x24 D:/Dev/vhdl/dev/testProject_bsp/\libucosii_bsp.a(altera_up_avalon_irda.o)
 .comment       0x0000000000000023       0x24 D:/Dev/vhdl/dev/testProject_bsp/\libucosii_bsp.a(altera_up_avalon_ps2.o)
 .comment       0x0000000000000023       0x24 D:/Dev/vhdl/dev/testProject_bsp/\libucosii_bsp.a(altera_up_avalon_rs232.o)
 .comment       0x0000000000000023       0x24 D:/Dev/vhdl/dev/testProject_bsp/\libucosii_bsp.a(alt_alarm_start.o)
 .comment       0x0000000000000023       0x24 D:/Dev/vhdl/dev/testProject_bsp/\libucosii_bsp.a(alt_close.o)
 .comment       0x0000000000000023       0x24 D:/Dev/vhdl/dev/testProject_bsp/\libucosii_bsp.a(alt_dcache_flush_all.o)
 .comment       0x0000000000000023       0x24 D:/Dev/vhdl/dev/testProject_bsp/\libucosii_bsp.a(alt_dev.o)
 .comment       0x0000000000000023       0x24 D:/Dev/vhdl/dev/testProject_bsp/\libucosii_bsp.a(alt_dev_llist_insert.o)
 .comment       0x0000000000000023       0x24 D:/Dev/vhdl/dev/testProject_bsp/\libucosii_bsp.a(alt_do_ctors.o)
 .comment       0x0000000000000023       0x24 D:/Dev/vhdl/dev/testProject_bsp/\libucosii_bsp.a(alt_do_dtors.o)
 .comment       0x0000000000000023       0x24 D:/Dev/vhdl/dev/testProject_bsp/\libucosii_bsp.a(alt_errno.o)
 .comment       0x0000000000000023       0x24 D:/Dev/vhdl/dev/testProject_bsp/\libucosii_bsp.a(alt_find_dev.o)
 .comment       0x0000000000000023       0x24 D:/Dev/vhdl/dev/testProject_bsp/\libucosii_bsp.a(alt_icache_flush_all.o)
 .comment       0x0000000000000023       0x24 D:/Dev/vhdl/dev/testProject_bsp/\libucosii_bsp.a(alt_io_redirect.o)
 .comment       0x0000000000000023       0x24 D:/Dev/vhdl/dev/testProject_bsp/\libucosii_bsp.a(alt_irq_register.o)
 .comment       0x0000000000000023       0x24 D:/Dev/vhdl/dev/testProject_bsp/\libucosii_bsp.a(alt_irq_vars.o)
 .comment       0x0000000000000023       0x24 D:/Dev/vhdl/dev/testProject_bsp/\libucosii_bsp.a(alt_open.o)
 .comment       0x0000000000000023       0x24 D:/Dev/vhdl/dev/testProject_bsp/\libucosii_bsp.a(alt_release_fd.o)
 .comment       0x0000000000000023       0x24 D:/Dev/vhdl/dev/testProject_bsp/\libucosii_bsp.a(alt_tick.o)
 .comment       0x0000000000000023       0x24 D:/Dev/vhdl/dev/testProject_bsp/\libucosii_bsp.a(altera_nios2_gen2_irq.o)
 .comment       0x0000000000000023       0x24 D:/Dev/vhdl/dev/testProject_bsp/\libucosii_bsp.a(os_cpu_c.o)
 .comment       0x0000000000000023       0x24 D:/Dev/vhdl/dev/testProject_bsp/\libucosii_bsp.a(alt_find_file.o)
 .comment       0x0000000000000023       0x24 D:/Dev/vhdl/dev/testProject_bsp/\libucosii_bsp.a(alt_get_fd.o)
 .comment       0x0000000000000023       0x24 D:/Dev/vhdl/dev/testProject_bsp/\libucosii_bsp.a(alt_icache_flush.o)
 .comment       0x0000000000000023       0x24 D:/Dev/vhdl/dev/testProject_bsp/\libucosii_bsp.a(alt_irq_handler.o)
 .comment       0x0000000000000023       0x24 D:/Dev/vhdl/dev/testProject_bsp/\libucosii_bsp.a(alt_instruction_exception_entry.o)
 .comment       0x0000000000000023       0x24 d:/dev/vhdl/program/nios2eds/bin/gnu/h-x86_64-mingw32/bin/../lib/gcc/nios2-elf/5.3.0/../../../../../H-x86_64-mingw32/nios2-elf/lib/mhw-mulx\libc.a(lib_a-atexit.o)
 .comment       0x0000000000000023       0x24 d:/dev/vhdl/program/nios2eds/bin/gnu/h-x86_64-mingw32/bin/../lib/gcc/nios2-elf/5.3.0/../../../../../H-x86_64-mingw32/nios2-elf/lib/mhw-mulx\libc.a(lib_a-exit.o)
 .comment       0x0000000000000023       0x24 d:/dev/vhdl/program/nios2eds/bin/gnu/h-x86_64-mingw32/bin/../lib/gcc/nios2-elf/5.3.0/../../../../../H-x86_64-mingw32/nios2-elf/lib/mhw-mulx\libc.a(lib_a-memcmp.o)
 .comment       0x0000000000000023       0x24 d:/dev/vhdl/program/nios2eds/bin/gnu/h-x86_64-mingw32/bin/../lib/gcc/nios2-elf/5.3.0/../../../../../H-x86_64-mingw32/nios2-elf/lib/mhw-mulx\libc.a(lib_a-memcpy.o)
 .comment       0x0000000000000023       0x24 d:/dev/vhdl/program/nios2eds/bin/gnu/h-x86_64-mingw32/bin/../lib/gcc/nios2-elf/5.3.0/../../../../../H-x86_64-mingw32/nios2-elf/lib/mhw-mulx\libc.a(lib_a-memset.o)
 .comment       0x0000000000000023       0x24 d:/dev/vhdl/program/nios2eds/bin/gnu/h-x86_64-mingw32/bin/../lib/gcc/nios2-elf/5.3.0/../../../../../H-x86_64-mingw32/nios2-elf/lib/mhw-mulx\libc.a(lib_a-strlen.o)
 .comment       0x0000000000000023       0x24 d:/dev/vhdl/program/nios2eds/bin/gnu/h-x86_64-mingw32/bin/../lib/gcc/nios2-elf/5.3.0/../../../../../H-x86_64-mingw32/nios2-elf/lib/mhw-mulx\libc.a(lib_a-__atexit.o)
 .comment       0x0000000000000023       0x24 d:/dev/vhdl/program/nios2eds/bin/gnu/h-x86_64-mingw32/bin/../lib/gcc/nios2-elf/5.3.0/../../../../../H-x86_64-mingw32/nios2-elf/lib/mhw-mulx\libc.a(lib_a-__call_atexit.o)
 .comment       0x0000000000000023       0x24 D:/Dev/vhdl/dev/testProject_bsp/\libucosii_bsp.a(alt_exit.o)

.debug
 *(.debug)

.line
 *(.line)

.debug_srcinfo
 *(.debug_srcinfo)

.debug_sfnames
 *(.debug_sfnames)

.debug_aranges  0x0000000000000000      0x8d0
 *(.debug_aranges)
 .debug_aranges
                0x0000000000000000       0x28 D:/Dev/vhdl/dev/testProject_bsp//obj/HAL/src/crt0.o
 .debug_aranges
                0x0000000000000028       0x20 obj/default/hello_ucosii.o
 .debug_aranges
                0x0000000000000048       0x20 obj/default/src/Display.o
 .debug_aranges
                0x0000000000000068       0x28 d:/dev/vhdl/program/nios2eds/bin/gnu/h-x86_64-mingw32/bin/../lib/gcc/nios2-elf/5.3.0/../../../../../H-x86_64-mingw32/nios2-elf/lib/mhw-mulx\libc.a(lib_a-malloc.o)
 .debug_aranges
                0x0000000000000090       0x20 d:/dev/vhdl/program/nios2eds/bin/gnu/h-x86_64-mingw32/bin/../lib/gcc/nios2-elf/5.3.0/../../../../../H-x86_64-mingw32/nios2-elf/lib/mhw-mulx\libc.a(lib_a-mallocr.o)
 .debug_aranges
                0x00000000000000b0       0x28 d:/dev/vhdl/program/nios2eds/bin/gnu/h-x86_64-mingw32/bin/../lib/gcc/nios2-elf/5.3.0/../../../../../H-x86_64-mingw32/nios2-elf/lib/mhw-mulx\libc.a(lib_a-rand.o)
 .debug_aranges
                0x00000000000000d8       0x20 d:/dev/vhdl/program/nios2eds/bin/gnu/h-x86_64-mingw32/bin/../lib/gcc/nios2-elf/5.3.0/../../../../../H-x86_64-mingw32/nios2-elf/lib/mhw-mulx\libc.a(lib_a-sbrkr.o)
 .debug_aranges
                0x00000000000000f8       0x28 d:/dev/vhdl/program/nios2eds/bin/gnu/h-x86_64-mingw32/bin/../lib/gcc/nios2-elf/5.3.0/../../../../../H-x86_64-mingw32/nios2-elf/lib/mhw-mulx\libc.a(lib_a-freer.o)
 .debug_aranges
                0x0000000000000120       0x18 d:/dev/vhdl/program/nios2eds/bin/gnu/h-x86_64-mingw32/bin/../lib/gcc/nios2-elf/5.3.0/../../../../../H-x86_64-mingw32/nios2-elf/lib/mhw-mulx\libc.a(lib_a-impure.o)
 .debug_aranges
                0x0000000000000138       0x18 d:/dev/vhdl/program/nios2eds/bin/gnu/h-x86_64-mingw32/bin/../lib/gcc/nios2-elf/5.3.0/../../../../../H-x86_64-mingw32/nios2-elf/lib/mhw-mulx\libc.a(lib_a-int_errno.o)
 .debug_aranges
                0x0000000000000150       0x20 D:/Dev/vhdl/dev/testProject_bsp/\libucosii_bsp.a(alt_load.o)
 .debug_aranges
                0x0000000000000170       0x20 D:/Dev/vhdl/dev/testProject_bsp/\libucosii_bsp.a(alt_main.o)
 .debug_aranges
                0x0000000000000190       0x20 D:/Dev/vhdl/dev/testProject_bsp/\libucosii_bsp.a(alt_sbrk.o)
 .debug_aranges
                0x00000000000001b0       0x20 D:/Dev/vhdl/dev/testProject_bsp/\libucosii_bsp.a(alt_env_lock.o)
 .debug_aranges
                0x00000000000001d0       0x20 D:/Dev/vhdl/dev/testProject_bsp/\libucosii_bsp.a(alt_malloc_lock.o)
 .debug_aranges
                0x00000000000001f0       0x20 D:/Dev/vhdl/dev/testProject_bsp/\libucosii_bsp.a(os_core.o)
 .debug_aranges
                0x0000000000000210       0x20 D:/Dev/vhdl/dev/testProject_bsp/\libucosii_bsp.a(os_dbg.o)
 .debug_aranges
                0x0000000000000230       0x20 D:/Dev/vhdl/dev/testProject_bsp/\libucosii_bsp.a(os_flag.o)
 .debug_aranges
                0x0000000000000250       0x20 D:/Dev/vhdl/dev/testProject_bsp/\libucosii_bsp.a(os_mem.o)
 .debug_aranges
                0x0000000000000270       0x20 D:/Dev/vhdl/dev/testProject_bsp/\libucosii_bsp.a(os_q.o)
 .debug_aranges
                0x0000000000000290       0x20 D:/Dev/vhdl/dev/testProject_bsp/\libucosii_bsp.a(os_sem.o)
 .debug_aranges
                0x00000000000002b0       0x20 D:/Dev/vhdl/dev/testProject_bsp/\libucosii_bsp.a(os_task.o)
 .debug_aranges
                0x00000000000002d0       0x20 D:/Dev/vhdl/dev/testProject_bsp/\libucosii_bsp.a(os_time.o)
 .debug_aranges
                0x00000000000002f0       0x20 D:/Dev/vhdl/dev/testProject_bsp/\libucosii_bsp.a(alt_sys_init.o)
 .debug_aranges
                0x0000000000000310       0x20 D:/Dev/vhdl/dev/testProject_bsp/\libucosii_bsp.a(altera_avalon_jtag_uart_fd.o)
 .debug_aranges
                0x0000000000000330       0x20 D:/Dev/vhdl/dev/testProject_bsp/\libucosii_bsp.a(altera_avalon_jtag_uart_init.o)
 .debug_aranges
                0x0000000000000350       0x20 D:/Dev/vhdl/dev/testProject_bsp/\libucosii_bsp.a(altera_avalon_jtag_uart_ioctl.o)
 .debug_aranges
                0x0000000000000370       0x20 D:/Dev/vhdl/dev/testProject_bsp/\libucosii_bsp.a(altera_avalon_jtag_uart_read.o)
 .debug_aranges
                0x0000000000000390       0x20 D:/Dev/vhdl/dev/testProject_bsp/\libucosii_bsp.a(altera_avalon_jtag_uart_write.o)
 .debug_aranges
                0x00000000000003b0       0x20 D:/Dev/vhdl/dev/testProject_bsp/\libucosii_bsp.a(altera_avalon_timer_sc.o)
 .debug_aranges
                0x00000000000003d0       0x20 D:/Dev/vhdl/dev/testProject_bsp/\libucosii_bsp.a(altera_up_avalon_character_lcd.o)
 .debug_aranges
                0x00000000000003f0       0x20 D:/Dev/vhdl/dev/testProject_bsp/\libucosii_bsp.a(altera_up_avalon_irda.o)
 .debug_aranges
                0x0000000000000410       0x20 D:/Dev/vhdl/dev/testProject_bsp/\libucosii_bsp.a(altera_up_avalon_ps2.o)
 .debug_aranges
                0x0000000000000430       0x20 D:/Dev/vhdl/dev/testProject_bsp/\libucosii_bsp.a(altera_up_avalon_rs232.o)
 .debug_aranges
                0x0000000000000450       0x20 D:/Dev/vhdl/dev/testProject_bsp/\libucosii_bsp.a(alt_alarm_start.o)
 .debug_aranges
                0x0000000000000470       0x20 D:/Dev/vhdl/dev/testProject_bsp/\libucosii_bsp.a(alt_close.o)
 .debug_aranges
                0x0000000000000490       0x20 D:/Dev/vhdl/dev/testProject_bsp/\libucosii_bsp.a(alt_dcache_flush_all.o)
 .debug_aranges
                0x00000000000004b0       0x20 D:/Dev/vhdl/dev/testProject_bsp/\libucosii_bsp.a(alt_dev.o)
 .debug_aranges
                0x00000000000004d0       0x20 D:/Dev/vhdl/dev/testProject_bsp/\libucosii_bsp.a(alt_dev_llist_insert.o)
 .debug_aranges
                0x00000000000004f0       0x20 D:/Dev/vhdl/dev/testProject_bsp/\libucosii_bsp.a(alt_do_ctors.o)
 .debug_aranges
                0x0000000000000510       0x20 D:/Dev/vhdl/dev/testProject_bsp/\libucosii_bsp.a(alt_do_dtors.o)
 .debug_aranges
                0x0000000000000530       0x18 D:/Dev/vhdl/dev/testProject_bsp/\libucosii_bsp.a(alt_errno.o)
 .debug_aranges
                0x0000000000000548       0x20 D:/Dev/vhdl/dev/testProject_bsp/\libucosii_bsp.a(alt_find_dev.o)
 .debug_aranges
                0x0000000000000568       0x20 D:/Dev/vhdl/dev/testProject_bsp/\libucosii_bsp.a(alt_icache_flush_all.o)
 .debug_aranges
                0x0000000000000588       0x20 D:/Dev/vhdl/dev/testProject_bsp/\libucosii_bsp.a(alt_io_redirect.o)
 .debug_aranges
                0x00000000000005a8       0x20 D:/Dev/vhdl/dev/testProject_bsp/\libucosii_bsp.a(alt_irq_register.o)
 .debug_aranges
                0x00000000000005c8       0x18 D:/Dev/vhdl/dev/testProject_bsp/\libucosii_bsp.a(alt_irq_vars.o)
 .debug_aranges
                0x00000000000005e0       0x20 D:/Dev/vhdl/dev/testProject_bsp/\libucosii_bsp.a(alt_open.o)
 .debug_aranges
                0x0000000000000600       0x20 D:/Dev/vhdl/dev/testProject_bsp/\libucosii_bsp.a(alt_release_fd.o)
 .debug_aranges
                0x0000000000000620       0x20 D:/Dev/vhdl/dev/testProject_bsp/\libucosii_bsp.a(alt_tick.o)
 .debug_aranges
                0x0000000000000640       0x20 D:/Dev/vhdl/dev/testProject_bsp/\libucosii_bsp.a(altera_nios2_gen2_irq.o)
 .debug_aranges
                0x0000000000000660       0x20 D:/Dev/vhdl/dev/testProject_bsp/\libucosii_bsp.a(os_cpu_a.o)
 .debug_aranges
                0x0000000000000680       0x20 D:/Dev/vhdl/dev/testProject_bsp/\libucosii_bsp.a(os_cpu_c.o)
 .debug_aranges
                0x00000000000006a0       0x20 D:/Dev/vhdl/dev/testProject_bsp/\libucosii_bsp.a(alt_find_file.o)
 .debug_aranges
                0x00000000000006c0       0x20 D:/Dev/vhdl/dev/testProject_bsp/\libucosii_bsp.a(alt_get_fd.o)
 .debug_aranges
                0x00000000000006e0       0x20 D:/Dev/vhdl/dev/testProject_bsp/\libucosii_bsp.a(alt_icache_flush.o)
 .debug_aranges
                0x0000000000000700       0x30 D:/Dev/vhdl/dev/testProject_bsp/\libucosii_bsp.a(alt_irq_entry.o)
 .debug_aranges
                0x0000000000000730       0x20 D:/Dev/vhdl/dev/testProject_bsp/\libucosii_bsp.a(alt_irq_handler.o)
 .debug_aranges
                0x0000000000000750       0x38 D:/Dev/vhdl/dev/testProject_bsp/\libucosii_bsp.a(alt_exception_entry.o)
 .debug_aranges
                0x0000000000000788       0x28 D:/Dev/vhdl/dev/testProject_bsp/\libucosii_bsp.a(alt_instruction_exception_entry.o)
 .debug_aranges
                0x00000000000007b0       0x20 d:/dev/vhdl/program/nios2eds/bin/gnu/h-x86_64-mingw32/bin/../lib/gcc/nios2-elf/5.3.0/../../../../../H-x86_64-mingw32/nios2-elf/lib/mhw-mulx\libc.a(lib_a-atexit.o)
 .debug_aranges
                0x00000000000007d0       0x20 d:/dev/vhdl/program/nios2eds/bin/gnu/h-x86_64-mingw32/bin/../lib/gcc/nios2-elf/5.3.0/../../../../../H-x86_64-mingw32/nios2-elf/lib/mhw-mulx\libc.a(lib_a-exit.o)
 .debug_aranges
                0x00000000000007f0       0x20 d:/dev/vhdl/program/nios2eds/bin/gnu/h-x86_64-mingw32/bin/../lib/gcc/nios2-elf/5.3.0/../../../../../H-x86_64-mingw32/nios2-elf/lib/mhw-mulx\libc.a(lib_a-memcmp.o)
 .debug_aranges
                0x0000000000000810       0x20 d:/dev/vhdl/program/nios2eds/bin/gnu/h-x86_64-mingw32/bin/../lib/gcc/nios2-elf/5.3.0/../../../../../H-x86_64-mingw32/nios2-elf/lib/mhw-mulx\libc.a(lib_a-memcpy.o)
 .debug_aranges
                0x0000000000000830       0x20 d:/dev/vhdl/program/nios2eds/bin/gnu/h-x86_64-mingw32/bin/../lib/gcc/nios2-elf/5.3.0/../../../../../H-x86_64-mingw32/nios2-elf/lib/mhw-mulx\libc.a(lib_a-memset.o)
 .debug_aranges
                0x0000000000000850       0x20 d:/dev/vhdl/program/nios2eds/bin/gnu/h-x86_64-mingw32/bin/../lib/gcc/nios2-elf/5.3.0/../../../../../H-x86_64-mingw32/nios2-elf/lib/mhw-mulx\libc.a(lib_a-strlen.o)
 .debug_aranges
                0x0000000000000870       0x20 d:/dev/vhdl/program/nios2eds/bin/gnu/h-x86_64-mingw32/bin/../lib/gcc/nios2-elf/5.3.0/../../../../../H-x86_64-mingw32/nios2-elf/lib/mhw-mulx\libc.a(lib_a-__atexit.o)
 .debug_aranges
                0x0000000000000890       0x20 d:/dev/vhdl/program/nios2eds/bin/gnu/h-x86_64-mingw32/bin/../lib/gcc/nios2-elf/5.3.0/../../../../../H-x86_64-mingw32/nios2-elf/lib/mhw-mulx\libc.a(lib_a-__call_atexit.o)
 .debug_aranges
                0x00000000000008b0       0x20 D:/Dev/vhdl/dev/testProject_bsp/\libucosii_bsp.a(alt_exit.o)

.debug_pubnames
 *(.debug_pubnames)

.debug_info     0x0000000000000000    0x16f7a
 *(.debug_info .gnu.linkonce.wi.*)
 .debug_info    0x0000000000000000       0x54 D:/Dev/vhdl/dev/testProject_bsp//obj/HAL/src/crt0.o
 .debug_info    0x0000000000000054      0x204 obj/default/hello_ucosii.o
 .debug_info    0x0000000000000258      0x1ad obj/default/src/Display.o
 .debug_info    0x0000000000000405      0x911 d:/dev/vhdl/program/nios2eds/bin/gnu/h-x86_64-mingw32/bin/../lib/gcc/nios2-elf/5.3.0/../../../../../H-x86_64-mingw32/nios2-elf/lib/mhw-mulx\libc.a(lib_a-malloc.o)
 .debug_info    0x0000000000000d16      0xd57 d:/dev/vhdl/program/nios2eds/bin/gnu/h-x86_64-mingw32/bin/../lib/gcc/nios2-elf/5.3.0/../../../../../H-x86_64-mingw32/nios2-elf/lib/mhw-mulx\libc.a(lib_a-mallocr.o)
 .debug_info    0x0000000000001a6d      0x8d5 d:/dev/vhdl/program/nios2eds/bin/gnu/h-x86_64-mingw32/bin/../lib/gcc/nios2-elf/5.3.0/../../../../../H-x86_64-mingw32/nios2-elf/lib/mhw-mulx\libc.a(lib_a-rand.o)
 .debug_info    0x0000000000002342      0x900 d:/dev/vhdl/program/nios2eds/bin/gnu/h-x86_64-mingw32/bin/../lib/gcc/nios2-elf/5.3.0/../../../../../H-x86_64-mingw32/nios2-elf/lib/mhw-mulx\libc.a(lib_a-sbrkr.o)
 .debug_info    0x0000000000002c42      0xbf7 d:/dev/vhdl/program/nios2eds/bin/gnu/h-x86_64-mingw32/bin/../lib/gcc/nios2-elf/5.3.0/../../../../../H-x86_64-mingw32/nios2-elf/lib/mhw-mulx\libc.a(lib_a-freer.o)
 .debug_info    0x0000000000003839      0x8a1 d:/dev/vhdl/program/nios2eds/bin/gnu/h-x86_64-mingw32/bin/../lib/gcc/nios2-elf/5.3.0/../../../../../H-x86_64-mingw32/nios2-elf/lib/mhw-mulx\libc.a(lib_a-impure.o)
 .debug_info    0x00000000000040da       0x8a d:/dev/vhdl/program/nios2eds/bin/gnu/h-x86_64-mingw32/bin/../lib/gcc/nios2-elf/5.3.0/../../../../../H-x86_64-mingw32/nios2-elf/lib/mhw-mulx\libc.a(lib_a-int_errno.o)
 .debug_info    0x0000000000004164      0x145 D:/Dev/vhdl/dev/testProject_bsp/\libucosii_bsp.a(alt_load.o)
 .debug_info    0x00000000000042a9      0x283 D:/Dev/vhdl/dev/testProject_bsp/\libucosii_bsp.a(alt_main.o)
 .debug_info    0x000000000000452c      0x1d2 D:/Dev/vhdl/dev/testProject_bsp/\libucosii_bsp.a(alt_sbrk.o)
 .debug_info    0x00000000000046fe      0xc7d D:/Dev/vhdl/dev/testProject_bsp/\libucosii_bsp.a(alt_env_lock.o)
 .debug_info    0x000000000000537b      0xdc3 D:/Dev/vhdl/dev/testProject_bsp/\libucosii_bsp.a(alt_malloc_lock.o)
 .debug_info    0x000000000000613e     0x15cf D:/Dev/vhdl/dev/testProject_bsp/\libucosii_bsp.a(os_core.o)
 .debug_info    0x000000000000770d      0xabe D:/Dev/vhdl/dev/testProject_bsp/\libucosii_bsp.a(os_dbg.o)
 .debug_info    0x00000000000081cb      0xfb2 D:/Dev/vhdl/dev/testProject_bsp/\libucosii_bsp.a(os_flag.o)
 .debug_info    0x000000000000917d      0x690 D:/Dev/vhdl/dev/testProject_bsp/\libucosii_bsp.a(os_mem.o)
 .debug_info    0x000000000000980d      0xdb9 D:/Dev/vhdl/dev/testProject_bsp/\libucosii_bsp.a(os_q.o)
 .debug_info    0x000000000000a5c6      0xa1a D:/Dev/vhdl/dev/testProject_bsp/\libucosii_bsp.a(os_sem.o)
 .debug_info    0x000000000000afe0     0x112d D:/Dev/vhdl/dev/testProject_bsp/\libucosii_bsp.a(os_task.o)
 .debug_info    0x000000000000c10d      0x6ff D:/Dev/vhdl/dev/testProject_bsp/\libucosii_bsp.a(os_time.o)
 .debug_info    0x000000000000c80c      0xbf8 D:/Dev/vhdl/dev/testProject_bsp/\libucosii_bsp.a(alt_sys_init.o)
 .debug_info    0x000000000000d404      0x691 D:/Dev/vhdl/dev/testProject_bsp/\libucosii_bsp.a(altera_avalon_jtag_uart_fd.o)
 .debug_info    0x000000000000da95      0x6d6 D:/Dev/vhdl/dev/testProject_bsp/\libucosii_bsp.a(altera_avalon_jtag_uart_init.o)
 .debug_info    0x000000000000e16b      0x3e3 D:/Dev/vhdl/dev/testProject_bsp/\libucosii_bsp.a(altera_avalon_jtag_uart_ioctl.o)
 .debug_info    0x000000000000e54e      0x590 D:/Dev/vhdl/dev/testProject_bsp/\libucosii_bsp.a(altera_avalon_jtag_uart_read.o)
 .debug_info    0x000000000000eade      0x58f D:/Dev/vhdl/dev/testProject_bsp/\libucosii_bsp.a(altera_avalon_jtag_uart_write.o)
 .debug_info    0x000000000000f06d      0x249 D:/Dev/vhdl/dev/testProject_bsp/\libucosii_bsp.a(altera_avalon_timer_sc.o)
 .debug_info    0x000000000000f2b6      0x625 D:/Dev/vhdl/dev/testProject_bsp/\libucosii_bsp.a(altera_up_avalon_character_lcd.o)
 .debug_info    0x000000000000f8db      0x5a7 D:/Dev/vhdl/dev/testProject_bsp/\libucosii_bsp.a(altera_up_avalon_irda.o)
 .debug_info    0x000000000000fe82      0x813 D:/Dev/vhdl/dev/testProject_bsp/\libucosii_bsp.a(altera_up_avalon_ps2.o)
 .debug_info    0x0000000000010695      0x5a7 D:/Dev/vhdl/dev/testProject_bsp/\libucosii_bsp.a(altera_up_avalon_rs232.o)
 .debug_info    0x0000000000010c3c      0x2e2 D:/Dev/vhdl/dev/testProject_bsp/\libucosii_bsp.a(alt_alarm_start.o)
 .debug_info    0x0000000000010f1e      0x36b D:/Dev/vhdl/dev/testProject_bsp/\libucosii_bsp.a(alt_close.o)
 .debug_info    0x0000000000011289       0x92 D:/Dev/vhdl/dev/testProject_bsp/\libucosii_bsp.a(alt_dcache_flush_all.o)
 .debug_info    0x000000000001131b      0x59b D:/Dev/vhdl/dev/testProject_bsp/\libucosii_bsp.a(alt_dev.o)
 .debug_info    0x00000000000118b6      0x1a9 D:/Dev/vhdl/dev/testProject_bsp/\libucosii_bsp.a(alt_dev_llist_insert.o)
 .debug_info    0x0000000000011a5f       0x83 D:/Dev/vhdl/dev/testProject_bsp/\libucosii_bsp.a(alt_do_ctors.o)
 .debug_info    0x0000000000011ae2       0x83 D:/Dev/vhdl/dev/testProject_bsp/\libucosii_bsp.a(alt_do_dtors.o)
 .debug_info    0x0000000000011b65       0xa6 D:/Dev/vhdl/dev/testProject_bsp/\libucosii_bsp.a(alt_errno.o)
 .debug_info    0x0000000000011c0b      0x333 D:/Dev/vhdl/dev/testProject_bsp/\libucosii_bsp.a(alt_find_dev.o)